10-02 23:03:43.352  1591  2015 I WindowManager: WindowManagerGlobal#addView, ty=2003, view=com.android.internal.policy.DecorView{cb60a38 V.E...... R.....I. 0,0-0,0}[airsync], caller=android.view.WindowManagerImpl.addView:158 android.app.Dialog.show:511 com.android.server.am.ErrorDialogController$$ExternalSyntheticLambda2.run:75 
10-02 23:03:43.361  1399  1556 I SurfaceFlinger: id=55081 createSurf, flag=84004, 928177 Waiting For Debugger: com.sameerasw.airsync#55081
10-02 23:03:43.364  1591  2015 D WindowManager: Changing focus from null to Window{928177 u0 Waiting For Debugger: com.sameerasw.airsync} displayId=0 Callers=com.android.server.wm.WindowManagerService.addWindow:201 com.android.server.wm.Session.addToDisplayAsUser:24 android.view.ViewRootImpl.setView:1959 android.view.WindowManagerGlobal.addView:578 
10-02 23:03:43.367  1591  2015 D InsetsSourceProvider: updateControlForTarget: control=InsetsSourceControl: {56a20001 mType=navigationBars initiallyVisible mSurfacePosition=Point(0, 2199) mInsetsHint=Insets{left=0, top=0, right=0, bottom=44}}, target=Window{928177 u0 Waiting For Debugger: com.sameerasw.airsync}, from=com.android.server.wm.InsetsStateController.onControlTargetChanged:81 com.android.server.wm.InsetsPolicy.updateBarControlTarget:188 com.android.server.wm.DisplayPolicy.updateSystemBarAttributes:281 com.android.server.wm.WindowManagerService.updateFocusedWindowLocked:375 com.android.server.wm.WindowManagerService.addWindow:201 
10-02 23:03:43.369  1591  2015 D InsetsSourceProvider: updateControlForTarget: control=InsetsSourceControl: {4cc20000 mType=statusBars initiallyVisible mSurfacePosition=Point(0, 0) mInsetsHint=Insets{left=0, top=99, right=0, bottom=0}}, target=Window{928177 u0 Waiting For Debugger: com.sameerasw.airsync}, from=com.android.server.wm.InsetsStateController.onControlTargetChanged:81 com.android.server.wm.InsetsPolicy.updateBarControlTarget:175 com.android.server.wm.DisplayPolicy.updateSystemBarAttributes:281 com.android.server.wm.WindowManagerService.updateFocusedWindowLocked:375 com.android.server.wm.WindowManagerService.addWindow:201 
10-02 23:03:43.369  1591  2015 D WindowManager: updateSystemBarAttributes: displayId=0, focusedCanBeNavColorWin=false, win=Window{928177 u0 Waiting For Debugger: com.sameerasw.airsync}, navColorWin=Window{9d1d5d2 u0 Splash Screen com.sameerasw.airsync}, caller=com.android.server.wm.WindowManagerService.updateFocusedWindowLocked:375 com.android.server.wm.WindowManagerService.addWindow:201 com.android.server.wm.Session.addToDisplayAsUser:24 
10-02 23:03:43.369  1591  2015 V SystemKeyManager: updateFocusedWindow() is called, Waiting For Debugger: com.sameerasw.airsync
10-02 23:03:43.369  1591  2015 I SystemKeyManager: requested systemKeyInfo size=1 focusedWindow=Waiting For Debugger: com.sameerasw.airsync
10-02 23:03:43.370  1591  2015 I InsetsController: onStateChanged: host=Waiting For Debugger: com.sameerasw.airsync, from=android.view.ViewRootImpl.setView:1999, state=InsetsState: {mDisplayFrame=Rect(0, 0 - 1080, 2340), mDisplayCutout=DisplayCutout{insets=Rect(0, 99 - 0, 0) waterfall=Insets{left=0, top=0, right=0, bottom=0} boundingRect={Bounds=[Rect(0, 0 - 0, 0), Rect(505, 0 - 575, 99), Rect(0, 0 - 0, 0), Rect(0, 0 - 0, 0)]} cutoutPathParserInfo={CutoutPathParserInfo{displayWidth=1080 displayHeight=2340 physicalDisplayWidth=1080 physicalDisplayHeight=2340 density={3.0} cutoutSpec={M 0,0 M 0,29 a 35,35 0 1,0 0,70 a 35,35 0 1,0 0,-70 Z} rotation={0} scale={1.0} physicalPixelDisplaySizeRatio={1.0}}} sideOverrides={}}, mRoundedCorners=RoundedCorners{[RoundedCorner{position=TopLeft, radius=106, center=Point(106, 106)}, RoundedCorner{position=TopRight, radius=106, center=Point(974, 106)}, RoundedCorner{position=BottomRight, radius=106, center=Point(974, 2234)}, RoundedCorner{position=BottomLeft, radius=106, center=Point(106, 2234)}]}  mRoundedCornerFrame=Rect(0, 0 - 0, 0), mPrivacyIndicatorBounds=PrivacyIndicatorBounds {static bounds=Rect(951, 0 - 1080, 99) rotation=0}, mDisplayShape=DisplayShape{ spec=-311912193 displayWidth=1080 displayHeight=2340 physicalPixelDisplaySizeRatio=1.0 rotation=0 offsetX=0 offsetY=0 scale=1.0}, mSources= { InsetsSource: {27 mType=displayCutout mFrame=[0,0][1080,99] mVisible=true mFlags= mSideHint=TOP mBoundingRects=null}, InsetsSource: {4cc20000 mType=statusBars mFrame=[0,0][1080,99] mVisible=true mFlags= mSideHint=TOP mBoundingRects=null}, InsetsSource: {4cc20005 mType=mandatorySystemGestures mFrame=[0,0][1080,134] mVisible=true mFlags= mSideHint=TOP mBoundingRects=null}, InsetsSource: {4cc20006 mType=tappableElement mFrame=[0,0][1080,99] mVisible=true mFlags= mSideHint=TOP mBoundingRects=null}, InsetsSource: {56a20001 mType=navigationBars mFrame=[0,2296][1080,2340] mVisible=true mFlags=SUPPRESS_SCRIM mSideHint=BOTTOM mBoundingRects=null}, InsetsSource: {56a20004 mType=systemGestures mFrame=[0,0][87,2340] mVisible=true mFlags= mSideHint=LEFT mBoundingRects=null}, InsetsSource: {56a20005 mType=mandatorySystemGestures mFrame=[0,2246][1080,2340] mVisible=true mFlags= mSideHint=BOTTOM mBoundingRects=null}, InsetsSource: {56a20006 mType=tappableElement mFrame=[0,0][0,0] mVisible=true mFlags= mSideHint=NONE mBoundingRects=null}, InsetsSource: {56a20024 mType=systemGestures mFrame=[993,0][1080,2340] mVisible=true mFlags= mSideHint=RIGHT mBoundingRects=null} }
10-02 23:03:43.370  1591  2015 I VRI[airsync]@fef9a11: synced displayState. AttachInfo displayState=2
10-02 23:03:43.371  1591  2015 I VRI[airsync]@fef9a11: setView = com.android.internal.policy.DecorView@cb60a38 IsHRR=false TM=true
10-02 23:03:43.372  2938  3033 I InsetsController: onStateChanged: host=Splash Screen com.sameerasw.airsync, from=android.view.ViewRootImpl.handleInsetsControlChanged:2888, state=InsetsState: {mDisplayFrame=Rect(0, 0 - 1080, 2340), mDisplayCutout=DisplayCutout{insets=Rect(0, 99 - 0, 0) waterfall=Insets{left=0, top=0, right=0, bottom=0} boundingRect={Bounds=[Rect(0, 0 - 0, 0), Rect(505, 0 - 575, 99), Rect(0, 0 - 0, 0), Rect(0, 0 - 0, 0)]} cutoutPathParserInfo={CutoutPathParserInfo{displayWidth=1080 displayHeight=2340 physicalDisplayWidth=1080 physicalDisplayHeight=2340 density={3.0} cutoutSpec={M 0,0 M 0,29 a 35,35 0 1,0 0,70 a 35,35 0 1,0 0,-70 Z} rotation={0} scale={1.0} physicalPixelDisplaySizeRatio={1.0}}} sideOverrides={}}, mRoundedCorners=RoundedCorners{[RoundedCorner{position=TopLeft, radius=106, center=Point(106, 106)}, RoundedCorner{position=TopRight, radius=106, center=Point(974, 106)}, RoundedCorner{position=BottomRight, radius=106, center=Point(974, 2234)}, RoundedCorner{position=BottomLeft, radius=106, center=Point(106, 2234)}]}  mRoundedCornerFrame=Rect(0, 0 - 1080, 2340), mPrivacyIndicatorBounds=PrivacyIndicatorBounds {static bounds=Rect(951, 0 - 1080, 99) rotation=0}, mDisplayShape=DisplayShape{ spec=-311912193 displayWidth=1080 displayHeight=2340 physicalPixelDisplaySizeRatio=1.0 rotation=0 offsetX=0 offsetY=0 scale=1.0}, mSources= { InsetsSource: {27 mType=displayCutout mFrame=[0,0][1080,99] mVisible=true mFlags= mSideHint=TOP mBoundingRects=null}, InsetsSource: {4cc20000 mType=statusBars mFrame=[0,0][1080,99] mVisible=true mFlags= mSideHint=TOP mBoundingRects=null}, InsetsSource: {4cc20005 mType=mandatorySystemGestures mFrame=[0,0][1080,134] mVisible=true mFlags= mSideHint=TOP mBoundingRects=null}, InsetsSource: {4cc20006 mType=tappableElement mFrame=[0,0][1080,99] mVisible=true mFlags= mSideHint=TOP mBoundingRects=null}, InsetsSource: {56a20001 mType=navigationBars mFrame=[0,2296][1080,2340] mVisible=true mFlags=SUPPRESS_SCRIM mSideHint=BOTTOM mBoundingRects=null}, InsetsSource: {56a20004 mType=systemGestures mFrame=[0,0][87,2340] mVisible=true mFlags= mSideHint=LEFT mBoundingRects=null}, InsetsSource: {56a20005 mType=mandatorySystemGestures mFrame=[0,2246][1080,2340] mVisible=true mFlags= mSideHint=BOTTOM mBoundingRects=null}, InsetsSource: {56a20006 mType=tappableElement mFrame=[0,0][0,0] mVisible=true mFlags= mSideHint=NONE mBoundingRects=null}, InsetsSource: {56a20024 mType=systemGestures mFrame=[993,0][1080,2340] mVisible=true mFlags= mSideHint=RIGHT mBoundingRects=null} }
10-02 23:03:43.372  1591  2015 D CoreBackPreview: Window{928177 u0 Waiting For Debugger: com.sameerasw.airsync}: Setting back callback OnBackInvokedCallbackInfo{mCallback=android.window.WindowOnBackInvokedDispatcher$OnBackInvokedCallbackWrapper@9dc7168, mPriority=0, mIsAnimationCallback=false}
10-02 23:03:43.374  1591  2015 V WindowManager: Relayout Window{928177 u0 Waiting For Debugger: com.sameerasw.airsync}: viewVisibility=0 req=1080x652 ty=2003 d0
10-02 23:03:43.374  1399  1556 I SurfaceFlinger: id=55084 createSurf, flag=44004, Waiting For Debugger: com.sameerasw.airsync#55084
10-02 23:03:43.375  1399  1399 I SurfaceFlinger: Layer [928177 Waiting For Debugger: com.sameerasw.airsync#55081] hidden!! flag(0)
10-02 23:03:43.376  1591  2015 D WindowManager: makeSurface duration=2 name=Waiting For Debugger: com.sameerasw.airsync
10-02 23:03:43.376  1399  1399 I SurfaceFlinger: [928177 Waiting For Debugger: com.sameerasw.airsync#55081] attach to parent LayerHierarchy{RequestedLayerState{WindowToken{41bf776 type=2003 android.view.ViewRootImpl$W@fef9a11}#55080 parentId=14 z=2} 1 children}
10-02 23:03:43.376  1399  1399 I SurfaceFlinger: [Waiting For Debugger: com.sameerasw.airsync#55084] attach to parent LayerHierarchy{RequestedLayerState{928177 Waiting For Debugger: com.sameerasw.airsync#55081 parentId=55080} 1 children}
10-02 23:03:43.377  1591  2015 I InsetsSourceConsumer: applyRequestedVisibilityToControl: visible=true, type=navigationBars, host=Waiting For Debugger: com.sameerasw.airsync
10-02 23:03:43.377  1591  2015 I InsetsSourceConsumer: applyRequestedVisibilityToControl: visible=true, type=statusBars, host=Waiting For Debugger: com.sameerasw.airsync
10-02 23:03:43.378  1591  2015 I BLASTBufferQueue_Java: new BLASTBufferQueue, mName= VRI[airsync]@fef9a11 mNativeObject= 0xb4000074ad4d48d0 sc.mNativeObject= 0xb40000742d4b3490 caller= android.view.ViewRootImpl.updateBlastSurfaceIfNeeded:3397 android.view.ViewRootImpl.relayoutWindow:11361 android.view.ViewRootImpl.performTraversals:4544 android.view.ViewRootImpl.doTraversal:3708 android.view.ViewRootImpl$TraversalRunnable.run:12542 android.view.Choreographer$CallbackRecord.run:1751 android.view.Choreographer$CallbackRecord.run:1760 android.view.Choreographer.doCallbacks:1216 android.view.Choreographer.doFrame:1142 android.view.Choreographer$FrameDisplayEventReceiver.run:1707 
10-02 23:03:43.378  1591  2015 I BLASTBufferQueue_Java: update, w= 1092 h= 664 mName = VRI[airsync]@fef9a11 mNativeObject= 0xb4000074ad4d48d0 sc.mNativeObject= 0xb40000742d4b3490 format= -3 caller= android.graphics.BLASTBufferQueue.<init>:88 android.view.ViewRootImpl.updateBlastSurfaceIfNeeded:3397 android.view.ViewRootImpl.relayoutWindow:11361 android.view.ViewRootImpl.performTraversals:4544 android.view.ViewRootImpl.doTraversal:3708 android.view.ViewRootImpl$TraversalRunnable.run:12542 
10-02 23:03:43.379  1591  2015 I VRI[airsync]@fef9a11: Relayout returned: old=(0,99,1080,2296) new=(0,1644,1080,2296) relayoutAsync=false req=(1080,652)0 dur=3 res=0x3 s={true 0xb40000738d4cc940} ch=true seqId=0
10-02 23:03:43.379  1591  2015 I VRI[airsync]@fef9a11: performConfigurationChange setNightDimText nightDimLevel=0
10-02 23:03:43.380  1591  2015 D VRI[airsync]@fef9a11: mThreadedRenderer.initialize() mSurface={isValid=true 0xb40000738d4cc940} hwInitialized=true
10-02 23:03:43.381  1591  2015 D VRI[airsync]@fef9a11: reportNextDraw android.view.ViewRootImpl.performTraversals:5193 android.view.ViewRootImpl.doTraversal:3708 android.view.ViewRootImpl$TraversalRunnable.run:12542 android.view.Choreographer$CallbackRecord.run:1751 android.view.Choreographer$CallbackRecord.run:1760 
10-02 23:03:43.381  1591  2015 D VRI[airsync]@fef9a11: Setup new sync=wmsSync-VRI[airsync]@fef9a11#32
10-02 23:03:43.381  1591  2015 I VRI[airsync]@fef9a11: Creating new active sync group VRI[airsync]@fef9a11#33
10-02 23:03:43.384  1591  2015 D VRI[airsync]@fef9a11: registerCallbacksForSync syncBuffer=false
10-02 23:03:43.385  1591 23962 D VRI[airsync]@fef9a11: Received frameDrawingCallback syncResult=0 frameNum=1.
10-02 23:03:43.385  1591 23962 I VRI[airsync]@fef9a11: mWNT: t=0xb4000073dd5c51d0 mBlastBufferQueue=0xb4000074ad4d48d0 fn= 1 HdrRenderState mRenderHdrSdrRatio=1.0 caller= android.view.ViewRootImpl$11.onFrameDraw:15016 android.view.ThreadedRenderer$1.onFrameDraw:761 <bottom of call stack> 
10-02 23:03:43.385  1591 23962 I VRI[airsync]@fef9a11: Setting up sync and frameCommitCallback
10-02 23:03:43.396  1591 23952 I BLASTBufferQueue: [VRI[airsync]@fef9a11#365](f:0,a:0,s:0) onFrameAvailable the first frame is available
10-02 23:03:43.396  1399  1536 D SurfaceFlinger: [input] setFocusedWindow: 928177 Waiting For Debugger: com.sameerasw.airsync
10-02 23:03:43.397  1591  1700 D InputDispatcher: Once focus requested (0): 928177 Waiting For Debugger: com.sameerasw.airsync
10-02 23:03:43.397  1591  1700 D InputDispatcher: Focus request (0): 928177 Waiting For Debugger: com.sameerasw.airsync but waiting because NOT_VISIBLE
10-02 23:03:43.397  1591 23952 I VRI[airsync]@fef9a11: Received frameCommittedCallback lastAttemptedDrawFrameNum=1 didProduceBuffer=true
10-02 23:03:43.397  1399  1556 I SurfaceFlinger: [Waiting For Debugger: com.sameerasw.airsync#55084] setTransactionState with the first frame. bufferData(ID: 6833292971409, frameNumber: 1)
10-02 23:03:43.398  1591  2015 D VRI[airsync]@fef9a11: reportDrawFinished seqId=0
10-02 23:03:43.398  1591  2015 D WindowManager: finishDrawingWindow: Window{928177 u0 Waiting For Debugger: com.sameerasw.airsync} mDrawState=DRAW_PENDING seqId=0
10-02 23:03:43.400  1591  2018 I WindowManager: Reparenting to leash, surface=Surface(name=928177 Waiting For Debugger: com.sameerasw.airsync)/@0x2c30498, syncState=0, syncCommitDepth=0, leashParent=Surface(name=WindowToken{41bf776 type=2003 android.view.ViewRootImpl$W@fef9a11})/@0xdff74f1
10-02 23:03:43.400  1399  1556 I SurfaceFlinger: id=55085 createSurf, flag=24004, Surface(name=928177 Waiting For Debugger: com.sameerasw.airsync)/@0x2c30498 - animation-leash of window_animation#55085
10-02 23:03:43.402  1591  2018 D WindowManager: makeSurface duration=2 leash=Surface(name=Surface(name=928177 Waiting For Debugger: com.sameerasw.airsync)/@0x2c30498 - animation-leash of window_animation)/@0xecc68d6
10-02 23:03:43.402  1591  2018 V WindowManager: performShowLocked: mDrawState=HAS_DRAWN in Window{928177 u0 Waiting For Debugger: com.sameerasw.airsync}
10-02 23:03:43.409  1399  1399 I SurfaceFlinger: [Surface(name=928177 Waiting For Debugger: com.sameerasw.airsync)/@0x2c30498 - animation-leash of window_animation#55085] attach to parent LayerHierarchy{RequestedLayerState{WindowToken{41bf776 type=2003 android.view.ViewRootImpl$W@fef9a11}#55080 parentId=14 z=2} 2 children}
10-02 23:03:43.417  1399  1399 E SurfaceFlinger: alpha changed 1.000 -> 0.000 - Surface(name=928177 Waiting For Debugger: com.sameerasw.airsync)/@0x2c30498 - animation-leash of window_animation#55085
10-02 23:03:43.417  1399  1399 E SurfaceFlinger: alpha changed 0.000 -> 0.000 - Surface(name=928177 Waiting For Debugger: com.sameerasw.airsync)/@0x2c30498 - animation-leash of window_animation#55085
10-02 23:03:43.417  1399  1399 I SurfaceFlinger: Layer [Waiting For Debugger: com.sameerasw.airsync#55084] hidden!! flag(0)
10-02 23:03:43.417  1399  1399 I SurfaceFlinger: [LayerHierarchy{RequestedLayerState{928177 Waiting For Debugger: com.sameerasw.airsync#55081 parentId=55085} 1 children}] reparent to LayerHierarchy{RequestedLayerState{Surface(name=928177 Waiting For Debugger: com.sameerasw.airsync)/@0x2c30498 - animation-leash of window_animation#55085 parentId=55080} 1 children}
10-02 23:03:43.425  1399  1399 E SurfaceFlinger: alpha changed 0.000 -> 0.081 - Surface(name=928177 Waiting For Debugger: com.sameerasw.airsync)/@0x2c30498 - animation-leash of window_animation#55085
10-02 23:03:43.431  1399  1399 D SurfaceFlinger:        DEVICE |   0xb4000073381e47b0 | 0001 | RGBA_8888    |    0.0    0.0 1080.0 2340.0 |    0    0 1080 2340 | Splash Screen com.sameerasw.airsync$_2938#55075 (1)
10-02 23:03:43.431  1399  1399 D SurfaceFlinger:        DEVICE |   0xb4000073381abc60 | 0001 | RGBA_8888    |    6.0    0.0 1086.0  605.0 |    0 1735 1080 2340 | Waiting For Debugger: com.sameerasw.airsync#55084 (2)
10-02 23:03:43.433  1591 15238 D InputDispatcher: Focus entered window (0): 928177 Waiting For Debugger: com.sameerasw.airsync
10-02 23:03:43.434  1591  2015 D VRI[airsync]@fef9a11: mThreadedRenderer.initializeIfNeeded()#2 mSurface={isValid=true 0xb40000738d4cc940}
10-02 23:03:43.439  1399  1399 D SurfaceFlinger:        DEVICE |   0xb4000073381e47b0 | 0001 | RGBA_8888    |    0.0    0.0 1080.0 2340.0 |    0    0 1080 2340 | Splash Screen com.sameerasw.airsync$_2938#55075 (1)
10-02 23:03:43.439  1399  1399 D SurfaceFlinger:        DEVICE |   0xb4000073381abc60 | 0001 | RGBA_8888    |    6.0    0.0 1086.0  610.0 |    0 1730 1080 2340 | Waiting For Debugger: com.sameerasw.airsync#55084 (2)
10-02 23:03:43.709  1591  2018 I WindowManager: Reparenting to original parent: Surface(name=WindowToken{41bf776 type=2003 android.view.ViewRootImpl$W@fef9a11})/@0xdff74f1, destroy=true, syncState=0, syncCommitDepth=0, surface=Surface(name=928177 Waiting For Debugger: com.sameerasw.airsync)/@0x2c30498
10-02 23:03:43.726  1399  1399 I SurfaceFlinger: [LayerHierarchy{RequestedLayerState{928177 Waiting For Debugger: com.sameerasw.airsync#55081 parentId=55080} 2 children}] reparent to LayerHierarchy{RequestedLayerState{WindowToken{41bf776 type=2003 android.view.ViewRootImpl$W@fef9a11}#55080 parentId=14 z=2} 2 children}
10-02 23:03:43.726  1399  1399 I SurfaceFlinger: [LayerHierarchy{RequestedLayerState{Surface(name=928177 Waiting For Debugger: com.sameerasw.airsync)/@0x2c30498 - animation-leash of window_animation#55085} no children}] reparent to OffscreenRoot
10-02 23:03:43.726  1399  1399 I SurfaceFlinger: [LayerHierarchy{RequestedLayerState{Surface(name=928177 Waiting For Debugger: com.sameerasw.airsync)/@0x2c30498 - animation-leash of window_animation#55085} no children}] RelativeParent to null
10-02 23:03:43.727  1399  1399 I SurfaceFlinger: id=55085 Removed Surface(name=928177 Waiting For Debugger: com.sameerasw.airsync)/@0x2c30498 - animation-leash of window_animation#55085 (212)
10-02 23:03:43.733  1591  2015 I WindowManager: WindowManagerGlobal#removeView, ty=2003, view=com.android.internal.policy.DecorView{cb60a38 V.E...... R....... 0,0-1080,652}[airsync], caller=android.view.WindowManagerGlobal.removeView:626 android.view.WindowManagerImpl.removeViewImmediate:216 android.app.Dialog.dismissDialog:808 
10-02 23:03:43.733  1399  1399 I SurfaceFlinger: destroyed Surface(name=928177 Waiting For Debugger: com.sameerasw.airsync)/@0x2c30498 - animation-leash of window_animation#55085
10-02 23:03:43.734  1591  2015 D CoreBackPreview: Window{928177 u0 Waiting For Debugger: com.sameerasw.airsync}: Setting back callback null
10-02 23:03:43.734  1399  1399 I Layer   : id=55085 Destroyed Surface(name=928177 Waiting For Debugger: com.sameerasw.airsync)/@0x2c30498 - animation-leash of window_animation#55085
10-02 23:03:43.738  1591  2015 I VRI[airsync]@fef9a11: dispatchDetachedFromWindow
10-02 23:03:43.740  1591  2015 W InputManager-JNI: Input channel object '928177 Waiting For Debugger: com.sameerasw.airsync (client)' was disposed without first being removed with the input manager!
10-02 23:03:43.740  1591  2015 V WindowManager: Remove Window{928177 u0 Waiting For Debugger: com.sameerasw.airsync}: mSurfaceController=Surface(name=Waiting For Debugger: com.sameerasw.airsync)/@0x4f6d129 mAnimatingExit=false mRemoveOnExit=false mHasSurface=true surfaceShowing=true animating=false app-animation=false mDisplayFrozen=false callers=com.android.server.wm.Session.remove:16 android.view.ViewRootImpl.dispatchDetachedFromWindow:7603 android.view.ViewRootImpl.doDie:11949 android.view.ViewRootImpl.die:11923 android.view.WindowManagerGlobal.removeViewLocked:695 android.view.WindowManagerGlobal.removeView:626 
10-02 23:03:43.741  1591  2015 I WindowManager: Reparenting to leash, surface=Surface(name=928177 Waiting For Debugger: com.sameerasw.airsync)/@0x2c30498, syncState=0, syncCommitDepth=0, leashParent=Surface(name=WindowToken{41bf776 type=2003 android.view.ViewRootImpl$W@fef9a11})/@0xdff74f1
10-02 23:03:43.741  1399  1555 I SurfaceFlinger: id=55087 createSurf, flag=24000, Surface(name=928177 Waiting For Debugger: com.sameerasw.airsync)/@0x2c30498 - animation-leash of window_animation#55087
10-02 23:03:43.742  1399  1399 I SurfaceFlinger: [Surface(name=928177 Waiting For Debugger: com.sameerasw.airsync)/@0x2c30498 - animation-leash of window_animation#55087] attach to parent LayerHierarchy{RequestedLayerState{WindowToken{41bf776 type=2003 android.view.ViewRootImpl$W@fef9a11}#55080 parentId=14 z=2} 2 children}
10-02 23:03:43.743  1591  2015 D WindowManager: makeSurface duration=2 leash=Surface(name=Surface(name=928177 Waiting For Debugger: com.sameerasw.airsync)/@0x2c30498 - animation-leash of window_animation)/@0xf87bcae
10-02 23:03:43.743  1591  2015 D WindowManager: Changing focus from Window{928177 u0 Waiting For Debugger: com.sameerasw.airsync EXITING} to null displayId=0 Callers=com.android.server.wm.WindowState.removeIfPossible:600 com.android.server.wm.Session.remove:16 android.view.ViewRootImpl.dispatchDetachedFromWindow:7603 android.view.ViewRootImpl.doDie:11949 
10-02 23:03:43.745  1591  2015 D InsetsSourceProvider: updateControlForTarget: control=InsetsSourceControl: {56a20001 mType=navigationBars initiallyVisible mSurfacePosition=Point(0, 2199) mInsetsHint=Insets{left=0, top=0, right=0, bottom=44}}, target=Window{9d1d5d2 u0 Splash Screen com.sameerasw.airsync}, from=com.android.server.wm.InsetsStateController.onControlTargetChanged:81 com.android.server.wm.InsetsPolicy.updateBarControlTarget:188 com.android.server.wm.DisplayPolicy.updateSystemBarAttributes:281 com.android.server.wm.WindowManagerService.updateFocusedWindowLocked:375 com.android.server.wm.WindowState.removeIfPossible:600 
10-02 23:03:43.747  1591  2015 D InsetsSourceProvider: updateControlForTarget: control=InsetsSourceControl: {4cc20000 mType=statusBars initiallyVisible mSurfacePosition=Point(0, 0) mInsetsHint=Insets{left=0, top=99, right=0, bottom=0}}, target=Window{9d1d5d2 u0 Splash Screen com.sameerasw.airsync}, from=com.android.server.wm.InsetsStateController.onControlTargetChanged:81 com.android.server.wm.InsetsPolicy.updateBarControlTarget:175 com.android.server.wm.DisplayPolicy.updateSystemBarAttributes:281 com.android.server.wm.WindowManagerService.updateFocusedWindowLocked:375 com.android.server.wm.WindowState.removeIfPossible:600 
10-02 23:03:43.747  1591  2015 D WindowManager: updateSystemBarAttributes: displayId=0, focusedCanBeNavColorWin=false, win=Window{9d1d5d2 u0 Splash Screen com.sameerasw.airsync}, navColorWin=Window{928177 u0 Waiting For Debugger: com.sameerasw.airsync EXITING}, caller=com.android.server.wm.WindowManagerService.updateFocusedWindowLocked:375 com.android.server.wm.WindowState.removeIfPossible:600 com.android.server.wm.Session.remove:16 
10-02 23:03:43.748  1591  1700 D InputDispatcher: Focus left window (0): 928177 Waiting For Debugger: com.sameerasw.airsync
10-02 23:03:43.753  2938  3033 I InsetsSourceConsumer: applyRequestedVisibilityToControl: visible=true, type=navigationBars, host=Splash Screen com.sameerasw.airsync
10-02 23:03:43.753  2938  3033 I InsetsSourceConsumer: applyRequestedVisibilityToControl: visible=true, type=statusBars, host=Splash Screen com.sameerasw.airsync
10-02 23:03:43.759  1399  1399 I SurfaceFlinger: [LayerHierarchy{RequestedLayerState{928177 Waiting For Debugger: com.sameerasw.airsync#55081 parentId=55087} 2 children}] reparent to LayerHierarchy{RequestedLayerState{Surface(name=928177 Waiting For Debugger: com.sameerasw.airsync)/@0x2c30498 - animation-leash of window_animation#55087 parentId=55080} 1 children}
10-02 23:03:43.778  1591  1700 D SGM:FgCheckThread: notifyAppCreated(), packageName: com.sameerasw.airsync, userId: 0, sendRet: true
10-02 23:03:43.778  1591  2643 D SGM:FgCheckThread: onLooperPrepared(), msg: MSG_APP_CREATE, pkgName: com.sameerasw.airsync, userId: 0
10-02 23:03:43.779  1591  1700 D SGM:FgCheckThread:   sendRunningComponentFocus(), pkgName: com.sameerasw.airsync, userId: 0
10-02 23:03:43.779  1591  1700 D InputDispatcher: Focused application(0): ActivityRecord{92689ed u0 com.sameerasw.airsync/.MainActivity t2071}
10-02 23:03:43.779  1591  2643 D SGM:FgCheckThread: onLooperPrepared(), msg: MSG_TASK_FOCUSED, pkgName: com.sameerasw.airsync, userId: 0
10-02 23:03:43.779  1591  2643 D SGM:FgCheckThread:   handleTaskFocused(), pkgName: com.sameerasw.airsync, userID:0
10-02 23:03:43.779  1591  1700 D ActivityTaskManager: scheduleTopResumedActivityChanged, onTop=true, r=ActivityRecord{92689ed u0 com.sameerasw.airsync/.MainActivity t2071}, caller=com.android.server.wm.ActivityTaskSupervisor.updateTopResumedActivityIfNeeded:62 com.android.server.wm.TaskFragment.setResumedActivity:29 com.android.server.wm.ActivityRecord.setState:104 com.android.server.wm.ActivityTaskSupervisor.realStartActivityLocked:949 com.android.server.wm.RootWindowContainer.attachApplication:90 com.android.server.wm.ActivityTaskManagerService$LocalService.attachApplication:40 
10-02 23:03:43.779  1591  2643 D SGM:FgCheckThread:   handleResume(). pkgName: com.sameerasw.airsync, userId: 0, category: non-game
10-02 23:03:43.779  1591  2643 D SGM:FgCheckThread: notifyFocusInOut(). of pkg: com.sameerasw.airsync, type: 4, isSecGameFamily: false, userId: 0
10-02 23:03:43.783  1591  1700 D GraphicsStatsService: requestRenderEngineFor(com.sameerasw.airsync)
10-02 23:03:43.783 14560 14560 D ActivityThread: com.sameerasw.airsync will use render engine as VK
10-02 23:03:43.784  2938  2938 I {OngoingActivityDataHelper}: setBaseActivityComponentName:ComponentInfo{com.sameerasw.airsync/com.sameerasw.airsync.MainActivity}
10-02 23:03:43.796  1591  2017 D SGM:FgCheckThread: noteResumeComponent(), received pkgName: com.sameerasw.airsync, userId: 0
10-02 23:03:43.796  5578 23872 I SDHMS:l : handleResumeComponent : put = com.sameerasw.airsync, userid = 0 instanceid =30673317
10-02 23:03:43.797  1591  2643 D SGM:FgCheckThread: onLooperPrepared(), msg: MSG_APP_RESUME, pkgName: com.sameerasw.airsync, userid: 0
10-02 23:03:43.797  1591  2643 D SGM:FgCheckThread:   handleResume(). pkgName: com.sameerasw.airsync, userId: 0, category: non-game
10-02 23:03:43.797  1591  2643 D SGM:FgCheckThread: notifyFocusInOut(). of pkg: com.sameerasw.airsync, type: 4, isSecGameFamily: false, userId: 0
10-02 23:03:43.798  3393  3393 I HoneySpace.EdgePanel.EdgeContainerViewModel: cocktailHostRepository.edgePanelOperation NoteResumeComponent(componentName=ComponentInfo{com.sameerasw.airsync/com.sameerasw.airsync.MainActivity})
10-02 23:03:43.798  3393 13739 I HoneySpace.EdgePanel.ActivityUtils: HomePackage : com.sec.android.app.launcher, resumePackageName : com.sameerasw.airsync
10-02 23:03:43.799  1591  2017 D SGM:GameManager: identifyGamePackage. com.sameerasw.airsync, mCurrentUserId: 0, callerUserId: 0, callingMethodInfo: com.samsung.android.game.SemGameManager.isGamePackage(SemGameManager.java:105)
10-02 23:03:43.799  1591  2017 D SGM:SemGameManager: isGamePackage(), pkgName=com.sameerasw.airsync, ret=false
10-02 23:03:43.800  6843 23791 I Routine@Core[4.8.07.1]: ActivityWatcherListenerImpl: onResumeComponent: componentName - com.sameerasw.airsync, com.sameerasw.airsync.MainActivity, userId: 0
10-02 23:03:43.819 14560 14560 E TransactionExecutor: tId:-429695559     LaunchActivityItem{activityToken=android.os.BinderProxy@39cdc70,intent=Intent { act=android.intent.action.MAIN cat=[android.intent.category.LAUNCHER] flg=0x10000000 cmp=com.sameerasw.airsync/.MainActivity },ident=153520621,info=ActivityInfo{308a4b8 com.sameerasw.airsync.MainActivity},curConfig={1.0 405mcc872mnc [en_US] masculine ldltr sw368dp w368dp h798dp 469dpi nrml long port night finger -keyb/v/h -nav/h winConfig={ mBounds=Rect(0, 0 - 1080, 2340) mAppBounds=Rect(0, 0 - 1080, 2340) mMaxBounds=Rect(0, 0 - 1080, 2340) mDisplayRotation=ROTATION_0 mWindowingMode=fullscreen mActivityType=undefined mAlwaysOnTop=undefined mRotation=ROTATION_0 mStageConfig=undefined mPopOver=off mOverlappingWithCutout=false mCompatSandboxScale=-1.0 mDexTaskDockingState=none mFreeformTaskPinningState=unpinned} s.4011 fontWeightAdjustment=0 ff=0 bf=0 bts=0 cst=1.0 nightDim=0 desktop/d dm/n dc/d ?dcui themeSeq=0},overrideConfig={1.0 405mcc872mnc [en_US] masculine ldltr sw368dp w368dp h798dp 469dpi nrml long port night finger -keyb/v/h -nav/h winConfig={ mBounds=Rect(0, 0 - 1080, 2340) mAppBounds=Rect(0, 0 - 1080, 2340) mMaxBounds=Rect(0, 0 - 1080, 2340) mDisplayRotation=ROTATION_0 mWindowingMode=fullscreen mActivityType=standard mAlwaysOnTop=undefined mRotation=ROTATION_0 mStageConfig=undefined mPopOver=off mOverlappingWithCutout=false mCompatSandboxScale=-1.0 mDexTaskDockingState=none mFreeformTaskPinningState=unpinned} s.2 fontWeightAdjustment=0 ff=0 bf=0 bts=0 cst=1.0 nightDim=0 desktop/d dm/n dc/d ?dcui themeSeq=0},deviceId=0,referrer=com.android.shell,procState=2,state=null,persistentState=null,pendingResults=null,pendingNewIntents=null,sceneTransitionInfo=null,profilerInfo=null,assistToken=android.os.BinderProxy@c073a15,shareableActivityToken=android.os.BinderProxy@404512a,activityWindowInfo=ActivityWindowInfo{isEmbedded=false, taskBounds=Rect(0, 0 - 1080, 2340), taskFragmentBounds=Rect(0, 0 - 1080, 2340)}}
10-02 23:03:43.819 14560 14560 E TransactionExecutor: tId:-429695559     Target activity: com.sameerasw.airsync.MainActivity
10-02 23:03:43.819 14560 14560 D AndroidRuntime: Shutting down VM
10-02 23:03:43.822 14560 14560 E AndroidRuntime: FATAL EXCEPTION: main
10-02 23:03:43.822 14560 14560 E AndroidRuntime: Process: com.sameerasw.airsync, PID: 14560
10-02 23:03:43.822 14560 14560 E AndroidRuntime: java.lang.RuntimeException: Unable to start activity ComponentInfo{com.sameerasw.airsync/com.sameerasw.airsync.MainActivity}: java.lang.SecurityException: com.sameerasw.airsync: One of RECEIVER_EXPORTED or RECEIVER_NOT_EXPORTED should be specified when a receiver isn't being registered exclusively for system broadcasts
10-02 23:03:43.822 14560 14560 E AndroidRuntime:        at android.app.ActivityThread.performLaunchActivity(ActivityThread.java:4454)
10-02 23:03:43.822 14560 14560 E AndroidRuntime:        at android.app.ActivityThread.handleLaunchActivity(ActivityThread.java:4685)
10-02 23:03:43.822 14560 14560 E AndroidRuntime:        at android.app.servertransaction.LaunchActivityItem.execute(LaunchActivityItem.java:112)
10-02 23:03:43.822 14560 14560 E AndroidRuntime:        at android.app.servertransaction.TransactionExecutor.executeNonLifecycleItem(TransactionExecutor.java:174)
10-02 23:03:43.822 14560 14560 E AndroidRuntime:        at android.app.servertransaction.TransactionExecutor.executeTransactionItems(TransactionExecutor.java:109)
10-02 23:03:43.822 14560 14560 E AndroidRuntime:        at android.app.servertransaction.TransactionExecutor.execute(TransactionExecutor.java:81)
10-02 23:03:43.822 14560 14560 E AndroidRuntime:        at android.app.ActivityThread$H.handleMessage(ActivityThread.java:2895)
10-02 23:03:43.822 14560 14560 E AndroidRuntime:        at android.os.Handler.dispatchMessage(Handler.java:107)
10-02 23:03:43.822 14560 14560 E AndroidRuntime:        at android.os.Looper.loopOnce(Looper.java:257)
10-02 23:03:43.822 14560 14560 E AndroidRuntime:        at android.os.Looper.loop(Looper.java:342)
10-02 23:03:43.822 14560 14560 E AndroidRuntime:        at android.app.ActivityThread.main(ActivityThread.java:9634)
10-02 23:03:43.822 14560 14560 E AndroidRuntime:        at java.lang.reflect.Method.invoke(Native Method)
10-02 23:03:43.822 14560 14560 E AndroidRuntime:        at com.android.internal.os.RuntimeInit$MethodAndArgsCaller.run(RuntimeInit.java:619)
10-02 23:03:43.822 14560 14560 E AndroidRuntime:        at com.android.internal.os.ZygoteInit.main(ZygoteInit.java:929)
10-02 23:03:43.822 14560 14560 E AndroidRuntime: Caused by: java.lang.SecurityException: com.sameerasw.airsync: One of RECEIVER_EXPORTED or RECEIVER_NOT_EXPORTED should be specified when a receiver isn't being registered exclusively for system broadcasts
10-02 23:03:43.822 14560 14560 E AndroidRuntime:        at android.os.Parcel.createExceptionOrNull(Parcel.java:3257)
10-02 23:03:43.822 14560 14560 E AndroidRuntime:        at android.os.Parcel.createException(Parcel.java:3241)
10-02 23:03:43.822 14560 14560 E AndroidRuntime:        at android.os.Parcel.readException(Parcel.java:3224)
10-02 23:03:43.822 14560 14560 E AndroidRuntime:        at android.os.Parcel.readException(Parcel.java:3166)
10-02 23:03:43.822 14560 14560 E AndroidRuntime:        at android.app.IActivityManager$Stub$Proxy.registerReceiverWithFeature(IActivityManager.java:6309)
10-02 23:03:43.822 14560 14560 E AndroidRuntime:        at android.app.ContextImpl.registerReceiverInternal(ContextImpl.java:1946)
10-02 23:03:43.822 14560 14560 E AndroidRuntime:        at android.app.ContextImpl.registerReceiver(ContextImpl.java:1886)
10-02 23:03:43.822 14560 14560 E AndroidRuntime:        at android.app.ContextImpl.registerReceiver(ContextImpl.java:1874)
10-02 23:03:43.822 14560 14560 E AndroidRuntime:        at android.content.ContextWrapper.registerReceiver(ContextWrapper.java:774)
10-02 23:03:43.822 14560 14560 E AndroidRuntime:        at com.sameerasw.airsync.MainActivity.onCreate(MainActivity.kt:102)
10-02 23:03:43.822 14560 14560 E AndroidRuntime:        at android.app.Activity.performCreate(Activity.java:9363)
10-02 23:03:43.822 14560 14560 E AndroidRuntime:        at android.app.Activity.performCreate(Activity.java:9332)
10-02 23:03:43.822 14560 14560 E AndroidRuntime:        at android.app.Instrumentation.callActivityOnCreate(Instrumentation.java:1526)
10-02 23:03:43.822 14560 14560 E AndroidRuntime:        at android.app.ActivityThread.performLaunchActivity(ActivityThread.java:4436)
10-02 23:03:43.822 14560 14560 E AndroidRuntime:        ... 13 more
10-02 23:03:43.822 14560 14560 E AndroidRuntime: Caused by: android.os.RemoteException: Remote stack trace:
10-02 23:03:43.822 14560 14560 E AndroidRuntime:        at com.android.server.am.ActivityManagerService.registerReceiverWithFeatureTraced(qb/100770432 44f51658558a8e4b228e949adc37514f03fb4f313848bbfa97604c8e34011651:518)
10-02 23:03:43.822 14560 14560 E AndroidRuntime:        at com.android.server.am.ActivityManagerService.registerReceiverWithFeature(qb/100770432 44f51658558a8e4b228e949adc37514f03fb4f313848bbfa97604c8e34011651:113)
10-02 23:03:43.822 14560 14560 E AndroidRuntime:        at android.app.IActivityManager$Stub.onTransact$registerReceiverWithFeature$(IActivityManager.java:12039)
10-02 23:03:43.822 14560 14560 E AndroidRuntime:        at android.app.IActivityManager$Stub.onTransact(IActivityManager.java:3078)
10-02 23:03:43.822 14560 14560 E AndroidRuntime:        at com.android.server.am.ActivityManagerService.onTransact(qb/100770432 44f51658558a8e4b228e949adc37514f03fb4f313848bbfa97604c8e34011651:466)
10-02 23:03:43.822 14560 14560 E AndroidRuntime: 
10-02 23:03:43.828  1591  3050 W ActivityTaskManager:   Force finishing activity com.sameerasw.airsync/.MainActivity
10-02 23:03:43.829  1591  3050 D ActivityTaskManager: scheduleTopResumedActivityChanged, onTop=false, r=ActivityRecord{92689ed u0 com.sameerasw.airsync/.MainActivity t2071 f}}, caller=com.android.server.wm.ActivityTaskSupervisor.scheduleTopResumedActivityStateLossIfNeeded:11 com.android.server.wm.ActivityTaskSupervisor.updateTopResumedActivityIfNeeded:19 com.android.server.wm.TaskDisplayArea.positionChildAt:270 com.android.server.wm.WindowContainer.positionChildAt:86 com.android.server.wm.Task.positionChildAt:19 com.android.server.wm.Task.moveToFront:443 
10-02 23:03:43.829  1591  3050 V WindowManager: Collecting in transition 3688: Task{fb11c6e #2071 type=standard A=10431:com.sameerasw.airsync}, caller=com.android.server.wm.Transition.collectExistenceChange:42 com.android.server.wm.Transition.collectClose:7 com.android.server.wm.ActivityRecord.finishIfPossible:46 com.android.server.wm.ActivityRecord.finishIfPossible:1 com.android.server.wm.RootWindowContainer$$ExternalSyntheticLambda29.accept:182 
10-02 23:03:43.829  1591  3050 D WindowManager: prepareSync <SYNC_STATE_WAITING_FOR_DRAW>, mPrepareSyncSeqId=0, win=Window{9d1d5d2 u0 Splash Screen com.sameerasw.airsync}
10-02 23:03:43.829  1591  3050 V WindowManager: Collecting in transition 3688: ActivityRecord{92689ed u0 com.sameerasw.airsync/.MainActivity t2071 f}}, caller=com.android.server.wm.TransitionController.collect:7 com.android.server.wm.ActivityRecord.setVisibility:189 com.android.server.wm.ActivityRecord.finishIfPossible:85 com.android.server.wm.ActivityRecord.finishIfPossible:1 com.android.server.wm.RootWindowContainer$$ExternalSyntheticLambda29.accept:182 
10-02 23:03:43.836  1591 14621 W ActivityManager: crash : com.sameerasw.airsync,10431
10-02 23:03:43.841  1591  3050 D WindowManager: updateSystemBarAttributes: displayId=0, focusedCanBeNavColorWin=false, win=Window{ab6203e u0 com.sec.android.app.launcher/com.sec.android.app.launcher.activities.LauncherActivity}, navColorWin=Window{9d1d5d2 u0 Splash Screen com.sameerasw.airsync}, caller=com.android.server.wm.WindowManagerService.updateFocusedWindowLocked:375 com.android.server.wm.WindowManagerService.relayoutWindowInner:142 com.android.server.wm.WindowManagerService.relayoutWindow:6 
10-02 23:03:43.859  1399  1399 E SurfaceFlinger: alpha changed 0.020 -> 0.000 - Surface(name=928177 Waiting For Debugger: com.sameerasw.airsync)/@0x2c30498 - animation-leash of window_animation#55087
10-02 23:03:43.864  1399  1399 D SurfaceFlinger:        DEVICE |   0xb4000073381e47b0 | 0001 | RGBA_8888    |    0.0    0.0 1080.0 2340.0 |    0    0 1080 2340 | Splash Screen com.sameerasw.airsync$_2938#55075 (1)
10-02 23:03:43.872  1591  3437 I ActivityManager: Process com.sameerasw.airsync (pid 14560) has died: fg  TOP (244,1759)
10-02 23:03:43.875  5578  5578 I SDHMS:BarTender:Gatherer:AppError: update AppError : uid=10431, pkg=com.sameerasw.airsync, errorType=crash
10-02 23:03:43.875  1591  3437 V WindowManager: Collecting in transition 3688: Task{fb11c6e #2071 type=standard A=10431:com.sameerasw.airsync}, caller=com.android.server.wm.Transition.collectClose:12 com.android.server.wm.WindowProcessController.handleAppDied$1:473 com.android.server.am.ActivityManagerService.handleAppDiedLocked:247 com.android.server.am.ActivityManagerService.appDiedLocked:479 com.android.server.am.ActivityManagerService$AppDeathRecipient.binderDied:17 
10-02 23:03:43.875  1591  3437 V WindowManager: Collecting in transition 3688: ActivityRecord{92689ed u0 com.sameerasw.airsync/.MainActivity t2071 f}}, caller=com.android.server.wm.TransitionController.collect:7 com.android.server.wm.ActivityRecord.onRemovedFromDisplay:324 com.android.server.wm.ActivityRecord.removeFromHistory:176 com.android.server.wm.WindowProcessController.handleAppDied$1:514 com.android.server.am.ActivityManagerService.handleAppDiedLocked:247 
10-02 23:03:43.876  1591  2017 D SGM:FgCheckThread: getForegroundApp(), foregroundPkgName=com.sameerasw.airsync
10-02 23:03:43.876  1591  2017 D SGM:FgCheckThread: pkgName: com.sameerasw.airsync is not in foreground
10-02 23:03:43.877  6843 12461 I Routine@Core[4.8.07.1]: ActivityWatcherListenerImpl: onStopComponent: componentName - com.sameerasw.airsync, userId: 0
10-02 23:03:43.881  5578  5578 I SDHMS:BarTender:Analyzer:AppError: analyze app error : uid=10431, pkg=com.sameerasw.airsync, appErrorCount=1
10-02 23:03:43.894  1591  2018 V WindowManager: Start calculating TransitionInfo based on participants: {Task{44661ed #1 type=home}, Task{588f44c #1539 type=home I=com.sec.android.app.launcher/.activities.LauncherActivity}, ActivityRecord{6adcc7f u0 com.sec.android.app.launcher/.activities.LauncherActivity t1539}, ActivityRecord{92689ed u0 com.sameerasw.airsync/.MainActivity t2071 f} isExiting}, WallpaperWindowToken{c48d914 token=android.os.Binder@beea767}_<lock>, Task{fb11c6e #2071 type=standard A=10431:com.sameerasw.airsync}}
10-02 23:03:43.894  1591  2018 V WindowManager:   Final targets: [Task{44661ed #1 type=home}, Task{fb11c6e #2071 type=standard A=10431:com.sameerasw.airsync}, WallpaperWindowToken{c48d914 token=android.os.Binder@beea767}_<lock>]
10-02 23:03:43.897  1591  2018 V WindowManager:         {WCT{RemoteToken{eee6bad Task{fb11c6e #2071 type=standard A=10431:com.sameerasw.airsync}}} m=CLOSE f=NONE leash=Surface(name=Task=2071)/@0x1f28fd7 sb=Rect(0, 0 - 1080, 2340) eb=Rect(0, 0 - 1080, 2340) d=0 taskParent=-1 inset=Rect(0, 0 - 0, 0) dim=true},
10-02 23:03:43.909  1399  1465 D RenderEngine: [SEC_SF_EFFECTS] drawLayersInternal,1299, Rendering layer Splash Screen com.sameerasw.airsync$_2938#55075 at index 1
10-02 23:03:43.912  1591  2014 V WindowManager:         {WCT{RemoteToken{eee6bad Task{fb11c6e #2071 type=standard A=10431:com.sameerasw.airsync}}} m=CLOSE f=NONE leash=Surface(name=Task=2071)/@0x1f28fd7 sb=Rect(0, 0 - 1080, 2340) eb=Rect(0, 0 - 1080, 2340) d=0 taskParent=-1 inset=Rect(0, 0 - 0, 0) dim=true},
10-02 23:03:43.918  3393  3393 I HoneySpace.AppCloseAnimationDelegate: findTargetValue [cookie--2147483648, pkgName-com.sameerasw.airsync]
10-02 23:03:43.919  3393  3393 I HoneySpace.AppCloseAnimationDelegate: findTargetView found:Value(view=com.honeyspace.ui.common.iconview.IconViewImpl{873aab2 VFED..CL. ........ 0,0-249,291 #7f0a029b app:id/icon} - AirSync, visibility:0, alpha:1.0, badge:0, icon:170x170, iconAlpha:255, iconState:NONE, iconSize:168, forceHideBadge:false, isTransparent:false, component=ComponentInfo{com.sameerasw.airsync/com.sameerasw.airsync.MainActivity}, isTargetShortcut=false), com.honeyspace.ui.common.iconview.IconViewImpl{873aab2 VFED..CL. ........ 0,0-249,291 #7f0a029b app:id/icon} - AirSync, visibility:0, alpha:1.0, badge:0, icon:170x170, iconAlpha:255, iconState:NONE, iconSize:168, forceHideBadge:false, isTransparent:false
10-02 23:03:43.920  1591  5683 V WindowManager: Schedule remove starting ActivityRecord{92689ed u0 com.sameerasw.airsync/.MainActivity t2071 f} isExiting} startingWindow=Window{9d1d5d2 u0 Splash Screen com.sameerasw.airsync} animate=true Callers=com.android.server.wm.ActivityRecord.onSyncTransactionCommitted:19 com.android.server.wm.BLASTSyncEngine$SyncGroup$1CommitCallback.onCommitted:54 com.android.server.wm.BLASTSyncEngine$SyncGroup$$ExternalSyntheticLambda0.onTransactionCommitted:8 android.view.SurfaceControl$Transaction$$ExternalSyntheticLambda4.run:0 com.android.server.SystemServerInitThreadPool$$ExternalSyntheticLambda0.execute:1 
10-02 23:03:43.921  1399  1399 D SurfaceFlinger:        DEVICE |   0xb4000073381e47b0 | 0001 | RGBA_8888    |    0.0    0.0 1080.0 2340.0 |    0    0 1080 2340 | Splash Screen com.sameerasw.airsync$_2938#55075 (1)
10-02 23:03:43.928  3393 23954 I AppIconSolution: getThemeIconWithBG called with public API, pkg = com.sameerasw.airsync, mode = 48
10-02 23:03:43.928  1591  3049 V WindowManager: Relayout Window{9d1d5d2 u0 Splash Screen com.sameerasw.airsync}: viewVisibility=8 req=1080x2340 ty=3 d0
10-02 23:03:43.929  3393 23954 I AppIconSolution: return adaptive icon for com.sameerasw.airsync, isNight = true
10-02 23:03:43.929  3393 23954 I LauncherActivityInfo: packageName: com.sameerasw.airsync, useThemeIcon: false, height: 288, width: 288, density: 640
10-02 23:03:43.931  2938  3033 I VRI[airsync]@d14376a: Relayout returned: old=(0,0,1080,2340) new=(0,0,1080,2340) relayoutAsync=false req=(1080,2340)8 dur=4 res=0x2 s={false 0x0} ch=true seqId=0
10-02 23:03:43.931  2938  3033 D VRI[airsync]@d14376a: Not drawing due to not visible. Reason=View.GONE
10-02 23:03:43.935  2938  3033 I VRI[airsync]@d14376a: dispatchDetachedFromWindow
10-02 23:03:43.937  1591  3049 D WindowManager: Starting window removed Window{9d1d5d2 u0 Splash Screen com.sameerasw.airsync}
10-02 23:03:43.937  1591  3049 W InputManager-JNI: Input channel object '9d1d5d2 Splash Screen com.sameerasw.airsync (client)' was disposed without first being removed with the input manager!
10-02 23:03:43.938  1591  3049 V WindowManager: Remove Window{9d1d5d2 u0 Splash Screen com.sameerasw.airsync}: mSurfaceController=Surface(name=Splash Screen com.sameerasw.airsync$_2938)/@0x75b2b2c mAnimatingExit=false mRemoveOnExit=false mHasSurface=true surfaceShowing=false animating=false app-animation=false mDisplayFrozen=false callers=com.android.server.wm.Session.remove:16 android.view.IWindowSession$Stub.onTransact:794 com.android.server.wm.Session.onTransact:1 android.os.Binder.execTransactInternal:1541 android.os.Binder.execTransact:1480 <bottom of call stack> 
10-02 23:03:43.938  1591  3049 I WindowManager: Destroying surface Surface(name=Splash Screen com.sameerasw.airsync$_2938)/@0x75b2b2c called by com.android.server.wm.WindowStateAnimator.destroySurface:11 com.android.server.wm.WindowStateAnimator.destroySurfaceLocked:54 com.android.server.wm.WindowState.removeImmediately:43 com.android.server.wm.WindowState.removeIfPossible:638 com.android.server.wm.Session.remove:16 android.view.IWindowSession$Stub.onTransact:794 com.android.server.wm.Session.onTransact:1 android.os.Binder.execTransactInternal:1541 
10-02 23:03:43.942  1399  1399 I SurfaceFlinger: Layer [Splash Screen com.sameerasw.airsync$_2938#55075] hidden!! flag(1)
10-02 23:03:43.951  1399  1399 I SurfaceFlinger: [LayerHierarchy{RequestedLayerState{9d1d5d2 Splash Screen com.sameerasw.airsync#55074 z=2147483647} 1 children}] reparent to OffscreenRoot
10-02 23:03:43.951  1399  1399 I SurfaceFlinger: [LayerHierarchy{RequestedLayerState{9d1d5d2 Splash Screen com.sameerasw.airsync#55074 z=2147483647} 1 children}] RelativeParent to null
10-02 23:03:43.951  1399  1399 I SurfaceFlinger: [LayerHierarchy{RequestedLayerState{Splash Screen com.sameerasw.airsync$_2938#55075} no children}] reparent to OffscreenRoot
10-02 23:03:43.951  1399  1399 I SurfaceFlinger: [LayerHierarchy{RequestedLayerState{Splash Screen com.sameerasw.airsync$_2938#55075} no children}] RelativeParent to null
10-02 23:03:43.953  1399  1457 I SurfaceFlinger: id=55075 Removed Splash Screen com.sameerasw.airsync$_2938#55075 (213)
10-02 23:03:43.959  1399  1399 I SurfaceFlinger: destroyed Splash Screen com.sameerasw.airsync$_2938#55075
10-02 23:03:43.960  1399  1399 I Layer   : id=55075 Destroyed Splash Screen com.sameerasw.airsync$_2938#55075
10-02 23:03:44.051  1591  2018 I WindowManager: Reparenting to original parent: Surface(name=WindowToken{41bf776 type=2003 android.view.ViewRootImpl$W@fef9a11})/@0xdff74f1, destroy=true, syncState=0, syncCommitDepth=0, surface=Surface(name=928177 Waiting For Debugger: com.sameerasw.airsync)/@0x2c30498
10-02 23:03:44.060  1591  2018 I WindowManager: Destroying surface Surface(name=Waiting For Debugger: com.sameerasw.airsync)/@0x4f6d129 called by com.android.server.wm.WindowStateAnimator.destroySurface:11 com.android.server.wm.WindowStateAnimator.destroySurfaceLocked:54 com.android.server.wm.WindowState.removeImmediately:43 com.android.server.wm.WindowState.handleCompleteDeferredRemoval:16 com.android.server.wm.WindowContainer.handleCompleteDeferredRemoval:21 com.android.server.wm.WindowContainer.handleCompleteDeferredRemoval:21 com.android.server.wm.WindowContainer.handleCompleteDeferredRemoval:21 com.android.server.wm.WindowContainer.handleCompleteDeferredRemoval:21 
10-02 23:03:44.067  1399  1399 I SurfaceFlinger: Layer [Waiting For Debugger: com.sameerasw.airsync#55084] hidden!! flag(1)
10-02 23:03:44.067  1399  1399 I SurfaceFlinger: [LayerHierarchy{RequestedLayerState{Waiting For Debugger: com.sameerasw.airsync#55084} no children}] reparent to OffscreenRoot
10-02 23:03:44.067  1399  1399 I SurfaceFlinger: [LayerHierarchy{RequestedLayerState{Waiting For Debugger: com.sameerasw.airsync#55084} no children}] RelativeParent to null
10-02 23:03:44.067  1399  1399 I SurfaceFlinger: [LayerHierarchy{RequestedLayerState{Surface(name=928177 Waiting For Debugger: com.sameerasw.airsync)/@0x2c30498 - animation-leash of window_animation#55087} 1 children}] reparent to OffscreenRoot
10-02 23:03:44.067  1399  1399 I SurfaceFlinger: [LayerHierarchy{RequestedLayerState{Surface(name=928177 Waiting For Debugger: com.sameerasw.airsync)/@0x2c30498 - animation-leash of window_animation#55087} 1 children}] RelativeParent to null
10-02 23:03:44.067  1399  1399 I SurfaceFlinger: [LayerHierarchy{RequestedLayerState{928177 Waiting For Debugger: com.sameerasw.airsync#55081} 1 children}] reparent to OffscreenRoot
10-02 23:03:44.067  1399  1399 I SurfaceFlinger: [LayerHierarchy{RequestedLayerState{928177 Waiting For Debugger: com.sameerasw.airsync#55081} 1 children}] RelativeParent to null
10-02 23:03:44.068  1399  1399 I SurfaceFlinger: id=55084 Removed Waiting For Debugger: com.sameerasw.airsync#55084 (212)
10-02 23:03:44.068  1399  1399 I SurfaceFlinger: id=55087 Removed Surface(name=928177 Waiting For Debugger: com.sameerasw.airsync)/@0x2c30498 - animation-leash of window_animation#55087 (212)
10-02 23:03:44.068  1399  1399 I SurfaceFlinger: id=55081 Removed 928177 Waiting For Debugger: com.sameerasw.airsync#55081 (212)
10-02 23:03:44.075  1399  1399 I SurfaceFlinger: destroyed Waiting For Debugger: com.sameerasw.airsync#55084
10-02 23:03:44.075  1399  1399 I SurfaceFlinger: destroyed Surface(name=928177 Waiting For Debugger: com.sameerasw.airsync)/@0x2c30498 - animation-leash of window_animation#55087
10-02 23:03:44.075  1399  1399 I SurfaceFlinger: destroyed 928177 Waiting For Debugger: com.sameerasw.airsync#55081
10-02 23:03:44.076  1399  1399 I Layer   : id=55081 Destroyed 928177 Waiting For Debugger: com.sameerasw.airsync#55081
