10-02 23:06:48.914  2938  3045 D Tile.CustomTile: isSecCustomTile : mComponent =ComponentInfo{com.sameerasw.airsync/com.sameerasw.airsync.service.AirSyncTileService}
10-02 23:06:48.914  2938  3045 D Tile.CustomTile: updateState : Label = Reconnect, State = 1, Icon = Icon(typ=RESOURCE pkg=com.sameerasw.airsync id=0x7f08009b)
10-02 23:06:48.915  2938  3045 D Tile.CustomTile: isSecCustomTile : mComponent =ComponentInfo{com.sameerasw.airsync/com.sameerasw.airsync.service.AirSyncTileService}
10-02 23:06:48.915  2938  3045 D Tile.CustomTile: updateState : Label = Reconnect, State = 1, Icon = Icon(typ=RESOURCE pkg=com.sameerasw.airsync id=0x7f08009b)
10-02 23:06:49.522  2938  3045 D Tile.CustomTile: isSecCustomTile : mComponent =ComponentInfo{com.sameerasw.airsync/com.sameerasw.airsync.service.AirSyncTileService}
10-02 23:06:49.522  2938  3045 D Tile.CustomTile: updateState : Label = Reconnect, State = 1, Icon = Icon(typ=RESOURCE pkg=com.sameerasw.airsync id=0x7f08009b)
10-02 23:06:49.748  1591  3050 D MediaSessionService: Checking whether the package com.sameerasw.airsync has an enabled notification listener.
10-02 23:06:50.140  2938  3045 D Tile.CustomTile: isSecCustomTile : mComponent =ComponentInfo{com.sameerasw.airsync/com.sameerasw.airsync.service.AirSyncTileService}
10-02 23:06:50.140  2938  3045 D Tile.CustomTile: updateState : Label = Reconnect, State = 1, Icon = Icon(typ=RESOURCE pkg=com.sameerasw.airsync id=0x7f08009b)
10-02 23:06:50.756  2938  3045 D Tile.CustomTile: isSecCustomTile : mComponent =ComponentInfo{com.sameerasw.airsync/com.sameerasw.airsync.service.AirSyncTileService}
10-02 23:06:50.757  2938  3045 D Tile.CustomTile: updateState : Label = Reconnect, State = 1, Icon = Icon(typ=RESOURCE pkg=com.sameerasw.airsync id=0x7f08009b)
10-02 23:06:51.376  2938  3045 D Tile.CustomTile: isSecCustomTile : mComponent =ComponentInfo{com.sameerasw.airsync/com.sameerasw.airsync.service.AirSyncTileService}
10-02 23:06:51.376  2938  3045 D Tile.CustomTile: updateState : Label = Reconnect, State = 1, Icon = Icon(typ=RESOURCE pkg=com.sameerasw.airsync id=0x7f08009b)
10-02 23:06:51.996  2938  3045 D Tile.CustomTile: isSecCustomTile : mComponent =ComponentInfo{com.sameerasw.airsync/com.sameerasw.airsync.service.AirSyncTileService}
10-02 23:06:51.996  2938  3045 D Tile.CustomTile: updateState : Label = Reconnect, State = 1, Icon = Icon(typ=RESOURCE pkg=com.sameerasw.airsync id=0x7f08009b)
10-02 23:06:52.618  2938  3045 D Tile.CustomTile: isSecCustomTile : mComponent =ComponentInfo{com.sameerasw.airsync/com.sameerasw.airsync.service.AirSyncTileService}
10-02 23:06:52.619  2938  3045 D Tile.CustomTile: updateState : Label = Reconnect, State = 1, Icon = Icon(typ=RESOURCE pkg=com.sameerasw.airsync id=0x7f08009b)
10-02 23:06:53.237  2938  3045 D Tile.CustomTile: isSecCustomTile : mComponent =ComponentInfo{com.sameerasw.airsync/com.sameerasw.airsync.service.AirSyncTileService}
10-02 23:06:53.237  2938  3045 D Tile.CustomTile: updateState : Label = Reconnect, State = 1, Icon = Icon(typ=RESOURCE pkg=com.sameerasw.airsync id=0x7f08009b)
10-02 23:06:53.859  2938  3045 D Tile.CustomTile: isSecCustomTile : mComponent =ComponentInfo{com.sameerasw.airsync/com.sameerasw.airsync.service.AirSyncTileService}
10-02 23:06:53.860  2938  3045 D Tile.CustomTile: updateState : Label = Reconnect, State = 1, Icon = Icon(typ=RESOURCE pkg=com.sameerasw.airsync id=0x7f08009b)
10-02 23:06:53.873  2938  3045 D TileLifecycleManager: Unbinding service Intent { act=android.service.quicksettings.action.QS_TILE cmp=com.sameerasw.airsync/.service.AirSyncTileService (has extras) } UserHandle{0}
10-02 23:06:58.891  2938  3045 D TileLifecycleManager: Binding service Intent { act=android.service.quicksettings.action.QS_TILE cmp=com.sameerasw.airsync/.service.AirSyncTileService (has extras) } UserHandle{0}
10-02 23:06:58.902  2938  2938 D TileLifecycleManager: onServiceConnected ComponentInfo{com.sameerasw.airsync/com.sameerasw.airsync.service.AirSyncTileService}
10-02 23:06:58.902  2938  2938 D TileLifecycleManager: stopPackageListening ComponentInfo{com.sameerasw.airsync/com.sameerasw.airsync.service.AirSyncTileService}
10-02 23:06:58.903  2938  2938 D TileLifecycleManager: Handling pending onStartListening ComponentInfo{com.sameerasw.airsync/com.sameerasw.airsync.service.AirSyncTileService}
10-02 23:06:58.903  2938  2938 D TileLifecycleManager: onStartListening ComponentInfo{com.sameerasw.airsync/com.sameerasw.airsync.service.AirSyncTileService}
10-02 23:06:58.911  2938  3045 D Tile.CustomTile: isSecCustomTile : mComponent =ComponentInfo{com.sameerasw.airsync/com.sameerasw.airsync.service.AirSyncTileService}
10-02 23:06:58.912  2938  3045 D Tile.CustomTile: updateState : Label = Reconnect, State = 1, Icon = Icon(typ=RESOURCE pkg=com.sameerasw.airsync id=0x7f08009b)
10-02 23:06:58.913  2938  3045 D Tile.CustomTile: isSecCustomTile : mComponent =ComponentInfo{com.sameerasw.airsync/com.sameerasw.airsync.service.AirSyncTileService}
10-02 23:06:58.914  2938  3045 D Tile.CustomTile: updateState : Label = Reconnect, State = 1, Icon = Icon(typ=RESOURCE pkg=com.sameerasw.airsync id=0x7f08009b)
10-02 23:06:58.914  2938  3045 D Tile.CustomTile: isSecCustomTile : mComponent =ComponentInfo{com.sameerasw.airsync/com.sameerasw.airsync.service.AirSyncTileService}
10-02 23:06:58.914  2938  3045 D Tile.CustomTile: updateState : Label = Reconnect, State = 1, Icon = Icon(typ=RESOURCE pkg=com.sameerasw.airsync id=0x7f08009b)
10-02 23:06:59.522  2938  3045 D Tile.CustomTile: isSecCustomTile : mComponent =ComponentInfo{com.sameerasw.airsync/com.sameerasw.airsync.service.AirSyncTileService}
10-02 23:06:59.522  2938  3045 D Tile.CustomTile: updateState : Label = Reconnect, State = 1, Icon = Icon(typ=RESOURCE pkg=com.sameerasw.airsync id=0x7f08009b)
10-02 23:06:59.876  1591  3437 D MediaSessionService: Checking whether the package com.sameerasw.airsync has an enabled notification listener.
10-02 23:07:00.142  2938  3045 D Tile.CustomTile: isSecCustomTile : mComponent =ComponentInfo{com.sameerasw.airsync/com.sameerasw.airsync.service.AirSyncTileService}
10-02 23:07:00.143  2938  3045 D Tile.CustomTile: updateState : Label = Reconnect, State = 1, Icon = Icon(typ=RESOURCE pkg=com.sameerasw.airsync id=0x7f08009b)
10-02 23:07:00.758  2938  3045 D Tile.CustomTile: isSecCustomTile : mComponent =ComponentInfo{com.sameerasw.airsync/com.sameerasw.airsync.service.AirSyncTileService}
10-02 23:07:00.759  2938  3045 D Tile.CustomTile: updateState : Label = Reconnect, State = 1, Icon = Icon(typ=RESOURCE pkg=com.sameerasw.airsync id=0x7f08009b)
10-02 23:07:01.379  2938  3045 D Tile.CustomTile: isSecCustomTile : mComponent =ComponentInfo{com.sameerasw.airsync/com.sameerasw.airsync.service.AirSyncTileService}
10-02 23:07:01.379  2938  3045 D Tile.CustomTile: updateState : Label = Reconnect, State = 1, Icon = Icon(typ=RESOURCE pkg=com.sameerasw.airsync id=0x7f08009b)
10-02 23:07:01.992  2938  3045 D Tile.CustomTile: isSecCustomTile : mComponent =ComponentInfo{com.sameerasw.airsync/com.sameerasw.airsync.service.AirSyncTileService}
10-02 23:07:01.992  2938  3045 D Tile.CustomTile: updateState : Label = Reconnect, State = 1, Icon = Icon(typ=RESOURCE pkg=com.sameerasw.airsync id=0x7f08009b)
10-02 23:07:02.607  2938  3045 D Tile.CustomTile: isSecCustomTile : mComponent =ComponentInfo{com.sameerasw.airsync/com.sameerasw.airsync.service.AirSyncTileService}
10-02 23:07:02.607  2938  3045 D Tile.CustomTile: updateState : Label = Reconnect, State = 1, Icon = Icon(typ=RESOURCE pkg=com.sameerasw.airsync id=0x7f08009b)
10-02 23:07:03.222  2938  3045 D Tile.CustomTile: isSecCustomTile : mComponent =ComponentInfo{com.sameerasw.airsync/com.sameerasw.airsync.service.AirSyncTileService}
10-02 23:07:03.222  2938  3045 D Tile.CustomTile: updateState : Label = Reconnect, State = 1, Icon = Icon(typ=RESOURCE pkg=com.sameerasw.airsync id=0x7f08009b)
10-02 23:07:03.835  2938  3045 D Tile.CustomTile: isSecCustomTile : mComponent =ComponentInfo{com.sameerasw.airsync/com.sameerasw.airsync.service.AirSyncTileService}
10-02 23:07:03.835  2938  3045 D Tile.CustomTile: updateState : Label = Reconnect, State = 1, Icon = Icon(typ=RESOURCE pkg=com.sameerasw.airsync id=0x7f08009b)
10-02 23:07:03.908  2938  3045 D TileLifecycleManager: Unbinding service Intent { act=android.service.quicksettings.action.QS_TILE cmp=com.sameerasw.airsync/.service.AirSyncTileService (has extras) } UserHandle{0}
10-02 23:07:08.894  2938  3045 D TileLifecycleManager: Binding service Intent { act=android.service.quicksettings.action.QS_TILE cmp=com.sameerasw.airsync/.service.AirSyncTileService (has extras) } UserHandle{0}
10-02 23:07:08.912  2938  2938 D TileLifecycleManager: onServiceConnected ComponentInfo{com.sameerasw.airsync/com.sameerasw.airsync.service.AirSyncTileService}
10-02 23:07:08.912  2938  2938 D TileLifecycleManager: stopPackageListening ComponentInfo{com.sameerasw.airsync/com.sameerasw.airsync.service.AirSyncTileService}
10-02 23:07:08.912  2938  2938 D TileLifecycleManager: Handling pending onStartListening ComponentInfo{com.sameerasw.airsync/com.sameerasw.airsync.service.AirSyncTileService}
10-02 23:07:08.912  2938  2938 D TileLifecycleManager: onStartListening ComponentInfo{com.sameerasw.airsync/com.sameerasw.airsync.service.AirSyncTileService}
10-02 23:07:08.924  2938  3045 D Tile.CustomTile: isSecCustomTile : mComponent =ComponentInfo{com.sameerasw.airsync/com.sameerasw.airsync.service.AirSyncTileService}
10-02 23:07:08.924  2938  3045 D Tile.CustomTile: updateState : Label = Reconnect, State = 1, Icon = Icon(typ=RESOURCE pkg=com.sameerasw.airsync id=0x7f08009b)
10-02 23:07:08.925  2938  3045 D Tile.CustomTile: isSecCustomTile : mComponent =ComponentInfo{com.sameerasw.airsync/com.sameerasw.airsync.service.AirSyncTileService}
10-02 23:07:08.925  2938  3045 D Tile.CustomTile: updateState : Label = Reconnect, State = 1, Icon = Icon(typ=RESOURCE pkg=com.sameerasw.airsync id=0x7f08009b)
10-02 23:07:08.926  2938  3045 D Tile.CustomTile: isSecCustomTile : mComponent =ComponentInfo{com.sameerasw.airsync/com.sameerasw.airsync.service.AirSyncTileService}
10-02 23:07:08.926  2938  3045 D Tile.CustomTile: updateState : Label = Reconnect, State = 1, Icon = Icon(typ=RESOURCE pkg=com.sameerasw.airsync id=0x7f08009b)
10-02 23:07:09.539  2938  3045 D Tile.CustomTile: isSecCustomTile : mComponent =ComponentInfo{com.sameerasw.airsync/com.sameerasw.airsync.service.AirSyncTileService}
10-02 23:07:09.539  2938  3045 D Tile.CustomTile: updateState : Label = Reconnect, State = 1, Icon = Icon(typ=RESOURCE pkg=com.sameerasw.airsync id=0x7f08009b)
10-02 23:07:10.059  1591  3437 D MediaSessionService: Checking whether the package com.sameerasw.airsync has an enabled notification listener.
10-02 23:07:10.157  2938  3045 D Tile.CustomTile: isSecCustomTile : mComponent =ComponentInfo{com.sameerasw.airsync/com.sameerasw.airsync.service.AirSyncTileService}
10-02 23:07:10.157  2938  3045 D Tile.CustomTile: updateState : Label = Reconnect, State = 1, Icon = Icon(typ=RESOURCE pkg=com.sameerasw.airsync id=0x7f08009b)
10-02 23:07:10.779  2938  3045 D Tile.CustomTile: isSecCustomTile : mComponent =ComponentInfo{com.sameerasw.airsync/com.sameerasw.airsync.service.AirSyncTileService}
10-02 23:07:10.779  2938  3045 D Tile.CustomTile: updateState : Label = Reconnect, State = 1, Icon = Icon(typ=RESOURCE pkg=com.sameerasw.airsync id=0x7f08009b)
10-02 23:07:11.397  2938  3045 D Tile.CustomTile: isSecCustomTile : mComponent =ComponentInfo{com.sameerasw.airsync/com.sameerasw.airsync.service.AirSyncTileService}
10-02 23:07:11.398  2938  3045 D Tile.CustomTile: updateState : Label = Reconnect, State = 1, Icon = Icon(typ=RESOURCE pkg=com.sameerasw.airsync id=0x7f08009b)
10-02 23:07:12.017  2938  3045 D Tile.CustomTile: isSecCustomTile : mComponent =ComponentInfo{com.sameerasw.airsync/com.sameerasw.airsync.service.AirSyncTileService}
10-02 23:07:12.018  2938  3045 D Tile.CustomTile: updateState : Label = Reconnect, State = 1, Icon = Icon(typ=RESOURCE pkg=com.sameerasw.airsync id=0x7f08009b)
10-02 23:07:12.637  2938  3045 D Tile.CustomTile: isSecCustomTile : mComponent =ComponentInfo{com.sameerasw.airsync/com.sameerasw.airsync.service.AirSyncTileService}
10-02 23:07:12.637  2938  3045 D Tile.CustomTile: updateState : Label = Reconnect, State = 1, Icon = Icon(typ=RESOURCE pkg=com.sameerasw.airsync id=0x7f08009b)
10-02 23:07:13.257  2938  3045 D Tile.CustomTile: isSecCustomTile : mComponent =ComponentInfo{com.sameerasw.airsync/com.sameerasw.airsync.service.AirSyncTileService}
10-02 23:07:13.257  2938  3045 D Tile.CustomTile: updateState : Label = Reconnect, State = 1, Icon = Icon(typ=RESOURCE pkg=com.sameerasw.airsync id=0x7f08009b)
10-02 23:07:13.873  2938  3045 D Tile.CustomTile: isSecCustomTile : mComponent =ComponentInfo{com.sameerasw.airsync/com.sameerasw.airsync.service.AirSyncTileService}
10-02 23:07:13.873  2938  3045 D Tile.CustomTile: updateState : Label = Reconnect, State = 1, Icon = Icon(typ=RESOURCE pkg=com.sameerasw.airsync id=0x7f08009b)
10-02 23:07:13.901  2938  3045 D TileLifecycleManager: Unbinding service Intent { act=android.service.quicksettings.action.QS_TILE cmp=com.sameerasw.airsync/.service.AirSyncTileService (has extras) } UserHandle{0}
10-02 23:07:18.314  1591  5565 D MediaSessionService: Checking whether the package com.sameerasw.airsync has an enabled notification listener.
10-02 23:07:18.319  1591  1699 D MediaSessionService: Checking whether the package com.sameerasw.airsync has an enabled notification listener.
10-02 23:07:18.893  2938  3045 D TileLifecycleManager: Binding service Intent { act=android.service.quicksettings.action.QS_TILE cmp=com.sameerasw.airsync/.service.AirSyncTileService (has extras) } UserHandle{0}
10-02 23:07:18.907  2938  2938 D TileLifecycleManager: onServiceConnected ComponentInfo{com.sameerasw.airsync/com.sameerasw.airsync.service.AirSyncTileService}
10-02 23:07:18.907  2938  2938 D TileLifecycleManager: stopPackageListening ComponentInfo{com.sameerasw.airsync/com.sameerasw.airsync.service.AirSyncTileService}
10-02 23:07:18.907  2938  2938 D TileLifecycleManager: Handling pending onStartListening ComponentInfo{com.sameerasw.airsync/com.sameerasw.airsync.service.AirSyncTileService}
10-02 23:07:18.907  2938  2938 D TileLifecycleManager: onStartListening ComponentInfo{com.sameerasw.airsync/com.sameerasw.airsync.service.AirSyncTileService}
10-02 23:07:18.918  2938  3045 D Tile.CustomTile: isSecCustomTile : mComponent =ComponentInfo{com.sameerasw.airsync/com.sameerasw.airsync.service.AirSyncTileService}
10-02 23:07:18.918  2938  3045 D Tile.CustomTile: updateState : Label = Reconnect, State = 1, Icon = Icon(typ=RESOURCE pkg=com.sameerasw.airsync id=0x7f08009b)
10-02 23:07:18.919  2938  3045 D Tile.CustomTile: isSecCustomTile : mComponent =ComponentInfo{com.sameerasw.airsync/com.sameerasw.airsync.service.AirSyncTileService}
10-02 23:07:18.919  2938  3045 D Tile.CustomTile: updateState : Label = Reconnect, State = 1, Icon = Icon(typ=RESOURCE pkg=com.sameerasw.airsync id=0x7f08009b)
10-02 23:07:18.920  2938  3045 D Tile.CustomTile: isSecCustomTile : mComponent =ComponentInfo{com.sameerasw.airsync/com.sameerasw.airsync.service.AirSyncTileService}
10-02 23:07:18.920  2938  3045 D Tile.CustomTile: updateState : Label = Reconnect, State = 1, Icon = Icon(typ=RESOURCE pkg=com.sameerasw.airsync id=0x7f08009b)
10-02 23:07:19.528  2938  3045 D Tile.CustomTile: isSecCustomTile : mComponent =ComponentInfo{com.sameerasw.airsync/com.sameerasw.airsync.service.AirSyncTileService}
10-02 23:07:19.528  2938  3045 D Tile.CustomTile: updateState : Label = Reconnect, State = 1, Icon = Icon(typ=RESOURCE pkg=com.sameerasw.airsync id=0x7f08009b)
10-02 23:07:20.142  2938  3045 D Tile.CustomTile: isSecCustomTile : mComponent =ComponentInfo{com.sameerasw.airsync/com.sameerasw.airsync.service.AirSyncTileService}
10-02 23:07:20.142  2938  3045 D Tile.CustomTile: updateState : Label = Reconnect, State = 1, Icon = Icon(typ=RESOURCE pkg=com.sameerasw.airsync id=0x7f08009b)
10-02 23:07:20.753  2938  3045 D Tile.CustomTile: isSecCustomTile : mComponent =ComponentInfo{com.sameerasw.airsync/com.sameerasw.airsync.service.AirSyncTileService}
10-02 23:07:20.754  2938  3045 D Tile.CustomTile: updateState : Label = Reconnect, State = 1, Icon = Icon(typ=RESOURCE pkg=com.sameerasw.airsync id=0x7f08009b)
10-02 23:07:21.365  2938  3045 D Tile.CustomTile: isSecCustomTile : mComponent =ComponentInfo{com.sameerasw.airsync/com.sameerasw.airsync.service.AirSyncTileService}
10-02 23:07:21.365  2938  3045 D Tile.CustomTile: updateState : Label = Reconnect, State = 1, Icon = Icon(typ=RESOURCE pkg=com.sameerasw.airsync id=0x7f08009b)
10-02 23:07:21.989  2938  3045 D Tile.CustomTile: isSecCustomTile : mComponent =ComponentInfo{com.sameerasw.airsync/com.sameerasw.airsync.service.AirSyncTileService}
10-02 23:07:21.989  2938  3045 D Tile.CustomTile: updateState : Label = Reconnect, State = 1, Icon = Icon(typ=RESOURCE pkg=com.sameerasw.airsync id=0x7f08009b)
10-02 23:07:22.605  2938  3045 D Tile.CustomTile: isSecCustomTile : mComponent =ComponentInfo{com.sameerasw.airsync/com.sameerasw.airsync.service.AirSyncTileService}
10-02 23:07:22.605  2938  3045 D Tile.CustomTile: updateState : Label = Reconnect, State = 1, Icon = Icon(typ=RESOURCE pkg=com.sameerasw.airsync id=0x7f08009b)
10-02 23:07:23.228  2938  3045 D Tile.CustomTile: isSecCustomTile : mComponent =ComponentInfo{com.sameerasw.airsync/com.sameerasw.airsync.service.AirSyncTileService}
10-02 23:07:23.230  2938  3045 D Tile.CustomTile: updateState : Label = Reconnect, State = 1, Icon = Icon(typ=RESOURCE pkg=com.sameerasw.airsync id=0x7f08009b)
10-02 23:07:23.839  2938  3045 D Tile.CustomTile: isSecCustomTile : mComponent =ComponentInfo{com.sameerasw.airsync/com.sameerasw.airsync.service.AirSyncTileService}
10-02 23:07:23.839  2938  3045 D Tile.CustomTile: updateState : Label = Reconnect, State = 1, Icon = Icon(typ=RESOURCE pkg=com.sameerasw.airsync id=0x7f08009b)
10-02 23:07:23.899  2938  3045 D TileLifecycleManager: Unbinding service Intent { act=android.service.quicksettings.action.QS_TILE cmp=com.sameerasw.airsync/.service.AirSyncTileService (has extras) } UserHandle{0}
10-02 23:07:28.907  2938  3045 D TileLifecycleManager: Binding service Intent { act=android.service.quicksettings.action.QS_TILE cmp=com.sameerasw.airsync/.service.AirSyncTileService (has extras) } UserHandle{0}
10-02 23:07:28.924  2938  2938 D TileLifecycleManager: onServiceConnected ComponentInfo{com.sameerasw.airsync/com.sameerasw.airsync.service.AirSyncTileService}
10-02 23:07:28.924  2938  2938 D TileLifecycleManager: stopPackageListening ComponentInfo{com.sameerasw.airsync/com.sameerasw.airsync.service.AirSyncTileService}
10-02 23:07:28.924  2938  2938 D TileLifecycleManager: Handling pending onStartListening ComponentInfo{com.sameerasw.airsync/com.sameerasw.airsync.service.AirSyncTileService}
10-02 23:07:28.924  2938  2938 D TileLifecycleManager: onStartListening ComponentInfo{com.sameerasw.airsync/com.sameerasw.airsync.service.AirSyncTileService}
10-02 23:07:28.930  2938  3045 D Tile.CustomTile: isSecCustomTile : mComponent =ComponentInfo{com.sameerasw.airsync/com.sameerasw.airsync.service.AirSyncTileService}
10-02 23:07:28.933  2938  3045 D Tile.CustomTile: updateState : Label = Reconnect, State = 1, Icon = Icon(typ=RESOURCE pkg=com.sameerasw.airsync id=0x7f08009b)
10-02 23:07:28.934  2938  3045 D Tile.CustomTile: isSecCustomTile : mComponent =ComponentInfo{com.sameerasw.airsync/com.sameerasw.airsync.service.AirSyncTileService}
10-02 23:07:28.934  2938  3045 D Tile.CustomTile: updateState : Label = Reconnect, State = 1, Icon = Icon(typ=RESOURCE pkg=com.sameerasw.airsync id=0x7f08009b)
10-02 23:07:28.935  2938  3045 D Tile.CustomTile: isSecCustomTile : mComponent =ComponentInfo{com.sameerasw.airsync/com.sameerasw.airsync.service.AirSyncTileService}
10-02 23:07:28.935  2938  3045 D Tile.CustomTile: updateState : Label = Reconnect, State = 1, Icon = Icon(typ=RESOURCE pkg=com.sameerasw.airsync id=0x7f08009b)
10-02 23:07:29.392  6862  6862 I VRI[MainActivity]@85b23cb: onDisplayChanged oldDisplayState=2 newDisplayState=1
10-02 23:07:29.566  6862  6862 I VRI[MainActivity]@85b23cb: onDisplayChanged oldDisplayState=1 newDisplayState=1
10-02 23:07:29.569  2938  3045 D Tile.CustomTile: isSecCustomTile : mComponent =ComponentInfo{com.sameerasw.airsync/com.sameerasw.airsync.service.AirSyncTileService}
10-02 23:07:29.570  2938  3045 D Tile.CustomTile: updateState : Label = Reconnect, State = 1, Icon = Icon(typ=RESOURCE pkg=com.sameerasw.airsync id=0x7f08009b)
10-02 23:07:29.631  2938  3045 D Tile.CustomTile: handleSetListening  false  initialized=true  isTileReady=true  getTileSpec() = custom(com.sameerasw.airsync/.service.AirSyncTileService)
10-02 23:07:29.631  2938  3045 D TileLifecycleManager: onStopListening ComponentInfo{com.sameerasw.airsync/com.sameerasw.airsync.service.AirSyncTileService}
10-02 23:07:30.087  6862  6862 I VRI[MainActivity]@85b23cb: onDisplayChanged oldDisplayState=1 newDisplayState=3
10-02 23:07:30.110  6862  6862 I SurfaceView@23f0ddb: releaseSurfaces: viewRoot = VRI[MainActivity]@85b23cb
10-02 23:07:30.110  6862  6862 D VRI[MainActivity]@85b23cb: applyTransactionOnDraw applyImmediately
10-02 23:07:30.319  6862  6862 I VRI[MainActivity]@85b23cb: onDisplayChanged oldDisplayState=3 newDisplayState=3
10-02 23:07:30.393  1591  3075 D MediaSessionService: Checking whether the package com.sameerasw.airsync has an enabled notification listener.
10-02 23:07:33.895  2938  3045 D TileLifecycleManager: Unbinding service Intent { act=android.service.quicksettings.action.QS_TILE cmp=com.sameerasw.airsync/.service.AirSyncTileService (has extras) } UserHandle{0}
10-02 23:07:35.683  6862  6862 I VRI[MainActivity]@85b23cb: onDisplayChanged oldDisplayState=3 newDisplayState=4
10-02 23:07:35.757  6862  6862 I VRI[MainActivity]@85b23cb: onDisplayChanged oldDisplayState=4 newDisplayState=4
10-02 23:07:40.334  6862  6862 I VRI[MainActivity]@85b23cb: onDisplayChanged oldDisplayState=4 newDisplayState=3
10-02 23:07:40.349  6862  6862 I VRI[MainActivity]@85b23cb: onDisplayChanged oldDisplayState=3 newDisplayState=3
10-02 23:07:40.578  1591 13770 D MediaSessionService: Checking whether the package com.sameerasw.airsync has an enabled notification listener.
10-02 23:07:45.849  6862  6862 I VRI[MainActivity]@85b23cb: onDisplayChanged oldDisplayState=3 newDisplayState=4
10-02 23:07:45.927  6862  6862 I VRI[MainActivity]@85b23cb: onDisplayChanged oldDisplayState=4 newDisplayState=4
10-02 23:07:50.501  6862  6862 I VRI[MainActivity]@85b23cb: onDisplayChanged oldDisplayState=4 newDisplayState=3
10-02 23:07:50.514  6862  6862 I VRI[MainActivity]@85b23cb: onDisplayChanged oldDisplayState=3 newDisplayState=3
10-02 23:07:50.738  1591  1699 D MediaSessionService: Checking whether the package com.sameerasw.airsync has an enabled notification listener.
10-02 23:07:56.014  6862  6862 I VRI[MainActivity]@85b23cb: onDisplayChanged oldDisplayState=3 newDisplayState=4
10-02 23:07:56.069  6862  6862 I VRI[MainActivity]@85b23cb: onDisplayChanged oldDisplayState=4 newDisplayState=4
10-02 23:08:00.112  6862  6862 I VRI[MainActivity]@85b23cb: onDisplayChanged oldDisplayState=4 newDisplayState=3
10-02 23:08:00.125  6862  6862 I VRI[MainActivity]@85b23cb: onDisplayChanged oldDisplayState=3 newDisplayState=3
10-02 23:08:00.228  6862  6862 I VRI[MainActivity]@85b23cb: onDisplayChanged oldDisplayState=3 newDisplayState=4
10-02 23:08:00.302  6862  6862 I VRI[MainActivity]@85b23cb: onDisplayChanged oldDisplayState=4 newDisplayState=4
10-02 23:08:00.661  6862  6862 I VRI[MainActivity]@85b23cb: onDisplayChanged oldDisplayState=4 newDisplayState=3
10-02 23:08:00.675  6862  6862 I VRI[MainActivity]@85b23cb: onDisplayChanged oldDisplayState=3 newDisplayState=3
10-02 23:08:00.896  1591 13770 D MediaSessionService: Checking whether the package com.sameerasw.airsync has an enabled notification listener.
10-02 23:08:06.177  6862  6862 I VRI[MainActivity]@85b23cb: onDisplayChanged oldDisplayState=3 newDisplayState=4
10-02 23:08:06.231  6862  6862 I VRI[MainActivity]@85b23cb: onDisplayChanged oldDisplayState=4 newDisplayState=4
10-02 23:08:10.815  6862  6862 I VRI[MainActivity]@85b23cb: onDisplayChanged oldDisplayState=4 newDisplayState=3
10-02 23:08:10.824  6862  6862 I VRI[MainActivity]@85b23cb: onDisplayChanged oldDisplayState=3 newDisplayState=3
10-02 23:08:11.059  1591  6463 D MediaSessionService: Checking whether the package com.sameerasw.airsync has an enabled notification listener.
10-02 23:08:16.331  6862  6862 I VRI[MainActivity]@85b23cb: onDisplayChanged oldDisplayState=3 newDisplayState=4
10-02 23:08:16.370  6862  6862 I VRI[MainActivity]@85b23cb: onDisplayChanged oldDisplayState=4 newDisplayState=4
10-02 23:08:20.987  6862  6862 I VRI[MainActivity]@85b23cb: onDisplayChanged oldDisplayState=4 newDisplayState=3
10-02 23:08:21.000  6862  6862 I VRI[MainActivity]@85b23cb: onDisplayChanged oldDisplayState=3 newDisplayState=3
10-02 23:08:21.225  1591  5565 D MediaSessionService: Checking whether the package com.sameerasw.airsync has an enabled notification listener.
10-02 23:08:26.494  6862  6862 I VRI[MainActivity]@85b23cb: onDisplayChanged oldDisplayState=3 newDisplayState=4
10-02 23:08:26.540  6862  6862 I VRI[MainActivity]@85b23cb: onDisplayChanged oldDisplayState=4 newDisplayState=4
10-02 23:08:31.150  6862  6862 I VRI[MainActivity]@85b23cb: onDisplayChanged oldDisplayState=4 newDisplayState=3
10-02 23:08:31.169  6862  6862 I VRI[MainActivity]@85b23cb: onDisplayChanged oldDisplayState=3 newDisplayState=3
10-02 23:08:31.424  1591  2645 D MediaSessionService: Checking whether the package com.sameerasw.airsync has an enabled notification listener.
10-02 23:08:31.459  1591  3075 D MediaSessionService: Checking whether the package com.sameerasw.airsync has an enabled notification listener.
10-02 23:08:36.720  6862  6862 I VRI[MainActivity]@85b23cb: onDisplayChanged oldDisplayState=3 newDisplayState=4
10-02 23:08:36.777  6862  6862 I VRI[MainActivity]@85b23cb: onDisplayChanged oldDisplayState=4 newDisplayState=4
10-02 23:08:41.293  6862  6862 I VRI[MainActivity]@85b23cb: onDisplayChanged oldDisplayState=4 newDisplayState=3
10-02 23:08:41.309  6862  6862 I VRI[MainActivity]@85b23cb: onDisplayChanged oldDisplayState=3 newDisplayState=3
10-02 23:08:41.540  1591  3050 D MediaSessionService: Checking whether the package com.sameerasw.airsync has an enabled notification listener.
10-02 23:08:46.808  6862  6862 I VRI[MainActivity]@85b23cb: onDisplayChanged oldDisplayState=3 newDisplayState=4
10-02 23:08:46.888  6862  6862 I VRI[MainActivity]@85b23cb: onDisplayChanged oldDisplayState=4 newDisplayState=4
10-02 23:08:51.461  6862  6862 I VRI[MainActivity]@85b23cb: onDisplayChanged oldDisplayState=4 newDisplayState=3
10-02 23:08:51.476  6862  6862 I VRI[MainActivity]@85b23cb: onDisplayChanged oldDisplayState=3 newDisplayState=3
10-02 23:08:51.695  1591  3719 D MediaSessionService: Checking whether the package com.sameerasw.airsync has an enabled notification listener.
10-02 23:08:56.973  6862  6862 I VRI[MainActivity]@85b23cb: onDisplayChanged oldDisplayState=3 newDisplayState=4
10-02 23:08:57.022  6862  6862 I VRI[MainActivity]@85b23cb: onDisplayChanged oldDisplayState=4 newDisplayState=4
10-02 23:09:00.175  6862  6862 I VRI[MainActivity]@85b23cb: onDisplayChanged oldDisplayState=4 newDisplayState=3
10-02 23:09:00.186  6862  6862 I VRI[MainActivity]@85b23cb: onDisplayChanged oldDisplayState=3 newDisplayState=3
10-02 23:09:00.283  6862  6862 I VRI[MainActivity]@85b23cb: onDisplayChanged oldDisplayState=3 newDisplayState=4
10-02 23:09:00.349  6862  6862 I VRI[MainActivity]@85b23cb: onDisplayChanged oldDisplayState=4 newDisplayState=4
10-02 23:09:01.635  6862  6862 I VRI[MainActivity]@85b23cb: onDisplayChanged oldDisplayState=4 newDisplayState=3
10-02 23:09:01.871  1591  2645 D MediaSessionService: Checking whether the package com.sameerasw.airsync has an enabled notification listener.
10-02 23:09:07.141  6862  6862 I VRI[MainActivity]@85b23cb: onDisplayChanged oldDisplayState=3 newDisplayState=4
10-02 23:09:07.191  6862  6862 I VRI[MainActivity]@85b23cb: onDisplayChanged oldDisplayState=4 newDisplayState=4
10-02 23:09:11.783  6862  6862 I VRI[MainActivity]@85b23cb: onDisplayChanged oldDisplayState=4 newDisplayState=3
10-02 23:09:11.801  6862  6862 I VRI[MainActivity]@85b23cb: onDisplayChanged oldDisplayState=3 newDisplayState=3
10-02 23:09:12.031  1591  5004 D MediaSessionService: Checking whether the package com.sameerasw.airsync has an enabled notification listener.
10-02 23:09:17.300  6862  6862 I VRI[MainActivity]@85b23cb: onDisplayChanged oldDisplayState=3 newDisplayState=4
10-02 23:09:17.360  6862  6862 I VRI[MainActivity]@85b23cb: onDisplayChanged oldDisplayState=4 newDisplayState=4
10-02 23:09:21.956  6862  6862 I VRI[MainActivity]@85b23cb: onDisplayChanged oldDisplayState=4 newDisplayState=3
10-02 23:09:21.967  6862  6862 I VRI[MainActivity]@85b23cb: onDisplayChanged oldDisplayState=3 newDisplayState=3
10-02 23:09:22.203  1591  3050 D MediaSessionService: Checking whether the package com.sameerasw.airsync has an enabled notification listener.
10-02 23:09:27.468  6862  6862 I VRI[MainActivity]@85b23cb: onDisplayChanged oldDisplayState=3 newDisplayState=4
10-02 23:09:27.535  6862  6862 I VRI[MainActivity]@85b23cb: onDisplayChanged oldDisplayState=4 newDisplayState=4
10-02 23:09:32.116  6862  6862 I VRI[MainActivity]@85b23cb: onDisplayChanged oldDisplayState=4 newDisplayState=3
10-02 23:09:32.124  6862  6862 I VRI[MainActivity]@85b23cb: onDisplayChanged oldDisplayState=3 newDisplayState=3
10-02 23:09:32.356  1591  5565 D MediaSessionService: Checking whether the package com.sameerasw.airsync has an enabled notification listener.
10-02 23:09:37.633  6862  6862 I VRI[MainActivity]@85b23cb: onDisplayChanged oldDisplayState=3 newDisplayState=4
10-02 23:09:37.697  6862  6862 I VRI[MainActivity]@85b23cb: onDisplayChanged oldDisplayState=4 newDisplayState=4
10-02 23:09:42.268  6862  6862 I VRI[MainActivity]@85b23cb: onDisplayChanged oldDisplayState=4 newDisplayState=3
10-02 23:09:42.281  6862  6862 I VRI[MainActivity]@85b23cb: onDisplayChanged oldDisplayState=3 newDisplayState=3
10-02 23:09:42.512  1591  3049 D MediaSessionService: Checking whether the package com.sameerasw.airsync has an enabled notification listener.
10-02 23:09:47.780  6862  6862 I VRI[MainActivity]@85b23cb: onDisplayChanged oldDisplayState=3 newDisplayState=4
10-02 23:09:47.834  6862  6862 I VRI[MainActivity]@85b23cb: onDisplayChanged oldDisplayState=4 newDisplayState=4
10-02 23:09:52.433  6862  6862 I VRI[MainActivity]@85b23cb: onDisplayChanged oldDisplayState=4 newDisplayState=3
10-02 23:09:52.454  6862  6862 I VRI[MainActivity]@85b23cb: onDisplayChanged oldDisplayState=3 newDisplayState=3
10-02 23:09:52.675  1591  2645 D MediaSessionService: Checking whether the package com.sameerasw.airsync has an enabled notification listener.
10-02 23:09:57.958  6862  6862 I VRI[MainActivity]@85b23cb: onDisplayChanged oldDisplayState=3 newDisplayState=4
10-02 23:09:58.001  6862  6862 I VRI[MainActivity]@85b23cb: onDisplayChanged oldDisplayState=4 newDisplayState=4
10-02 23:10:00.220  6862  6862 I VRI[MainActivity]@85b23cb: onDisplayChanged oldDisplayState=4 newDisplayState=3
10-02 23:10:00.227  6862  6862 I VRI[MainActivity]@85b23cb: onDisplayChanged oldDisplayState=3 newDisplayState=3
10-02 23:10:00.319  6862  6862 I VRI[MainActivity]@85b23cb: onDisplayChanged oldDisplayState=3 newDisplayState=4
10-02 23:10:00.417  6862  6862 I VRI[MainActivity]@85b23cb: onDisplayChanged oldDisplayState=4 newDisplayState=4
10-02 23:10:02.600  6862  6862 I VRI[MainActivity]@85b23cb: onDisplayChanged oldDisplayState=4 newDisplayState=3
10-02 23:10:02.617  6862  6862 I VRI[MainActivity]@85b23cb: onDisplayChanged oldDisplayState=3 newDisplayState=3
10-02 23:10:02.866  1591  5565 D MediaSessionService: Checking whether the package com.sameerasw.airsync has an enabled notification listener.
10-02 23:10:02.870  1591  3050 D MediaSessionService: Checking whether the package com.sameerasw.airsync has an enabled notification listener.
10-02 23:10:08.155  6862  6862 I VRI[MainActivity]@85b23cb: onDisplayChanged oldDisplayState=3 newDisplayState=4
10-02 23:10:08.201  6862  6862 I VRI[MainActivity]@85b23cb: onDisplayChanged oldDisplayState=4 newDisplayState=4
10-02 23:10:12.765  6862  6862 I VRI[MainActivity]@85b23cb: onDisplayChanged oldDisplayState=4 newDisplayState=3
10-02 23:10:12.777  6862  6862 I VRI[MainActivity]@85b23cb: onDisplayChanged oldDisplayState=3 newDisplayState=3
10-02 23:10:13.003  1591  5565 D MediaSessionService: Checking whether the package com.sameerasw.airsync has an enabled notification listener.
10-02 23:10:18.280  6862  6862 I VRI[MainActivity]@85b23cb: onDisplayChanged oldDisplayState=3 newDisplayState=4
10-02 23:10:18.350  6862  6862 I VRI[MainActivity]@85b23cb: onDisplayChanged oldDisplayState=4 newDisplayState=4
10-02 23:10:22.918  6862  6862 I VRI[MainActivity]@85b23cb: onDisplayChanged oldDisplayState=4 newDisplayState=3
10-02 23:10:22.929  6862  6862 I VRI[MainActivity]@85b23cb: onDisplayChanged oldDisplayState=3 newDisplayState=3
10-02 23:10:23.148  1591  3049 D MediaSessionService: Checking whether the package com.sameerasw.airsync has an enabled notification listener.
10-02 23:10:28.442  6862  6862 I VRI[MainActivity]@85b23cb: onDisplayChanged oldDisplayState=3 newDisplayState=4
10-02 23:10:28.479  6862  6862 I VRI[MainActivity]@85b23cb: onDisplayChanged oldDisplayState=4 newDisplayState=4
10-02 23:10:33.101  6862  6862 I VRI[MainActivity]@85b23cb: onDisplayChanged oldDisplayState=4 newDisplayState=3
10-02 23:10:33.113  6862  6862 I VRI[MainActivity]@85b23cb: onDisplayChanged oldDisplayState=3 newDisplayState=3
10-02 23:10:33.350  1591 13770 D MediaSessionService: Checking whether the package com.sameerasw.airsync has an enabled notification listener.
10-02 23:10:38.623  6862  6862 I VRI[MainActivity]@85b23cb: onDisplayChanged oldDisplayState=3 newDisplayState=4
10-02 23:10:38.680  6862  6862 I VRI[MainActivity]@85b23cb: onDisplayChanged oldDisplayState=4 newDisplayState=4
10-02 23:10:43.249  6862  6862 I VRI[MainActivity]@85b23cb: onDisplayChanged oldDisplayState=4 newDisplayState=3
10-02 23:10:43.267  6862  6862 I VRI[MainActivity]@85b23cb: onDisplayChanged oldDisplayState=3 newDisplayState=3
10-02 23:10:43.487  1591 13770 D MediaSessionService: Checking whether the package com.sameerasw.airsync has an enabled notification listener.
10-02 23:10:48.772  6862  6862 I VRI[MainActivity]@85b23cb: onDisplayChanged oldDisplayState=3 newDisplayState=4
10-02 23:10:48.817  6862  6862 I VRI[MainActivity]@85b23cb: onDisplayChanged oldDisplayState=4 newDisplayState=4
10-02 23:10:53.406  6862  6862 I VRI[MainActivity]@85b23cb: onDisplayChanged oldDisplayState=4 newDisplayState=3
10-02 23:10:53.420  6862  6862 I VRI[MainActivity]@85b23cb: onDisplayChanged oldDisplayState=3 newDisplayState=3
10-02 23:10:53.659  1591 13770 D MediaSessionService: Checking whether the package com.sameerasw.airsync has an enabled notification listener.
10-02 23:10:58.932  6862  6862 I VRI[MainActivity]@85b23cb: onDisplayChanged oldDisplayState=3 newDisplayState=4
10-02 23:10:58.986  6862  6862 I VRI[MainActivity]@85b23cb: onDisplayChanged oldDisplayState=4 newDisplayState=4
10-02 23:11:00.246  6862  6862 I VRI[MainActivity]@85b23cb: onDisplayChanged oldDisplayState=4 newDisplayState=3
10-02 23:11:00.252  6862  6862 I VRI[MainActivity]@85b23cb: onDisplayChanged oldDisplayState=3 newDisplayState=3
10-02 23:11:00.349  6862  6862 I VRI[MainActivity]@85b23cb: onDisplayChanged oldDisplayState=3 newDisplayState=4
10-02 23:11:00.436  6862  6862 I VRI[MainActivity]@85b23cb: onDisplayChanged oldDisplayState=4 newDisplayState=4
10-02 23:11:03.573  6862  6862 I VRI[MainActivity]@85b23cb: onDisplayChanged oldDisplayState=4 newDisplayState=3
10-02 23:11:03.802  1591  3050 D MediaSessionService: Checking whether the package com.sameerasw.airsync has an enabled notification listener.
10-02 23:11:09.075  6862  6862 I VRI[MainActivity]@85b23cb: onDisplayChanged oldDisplayState=3 newDisplayState=4
10-02 23:11:09.154  6862  6862 I VRI[MainActivity]@85b23cb: onDisplayChanged oldDisplayState=4 newDisplayState=4
10-02 23:11:13.733  6862  6862 I VRI[MainActivity]@85b23cb: onDisplayChanged oldDisplayState=4 newDisplayState=3
10-02 23:11:13.750  6862  6862 I VRI[MainActivity]@85b23cb: onDisplayChanged oldDisplayState=3 newDisplayState=3
10-02 23:11:13.988  1591  5565 D MediaSessionService: Checking whether the package com.sameerasw.airsync has an enabled notification listener.
10-02 23:11:19.256  6862  6862 I VRI[MainActivity]@85b23cb: onDisplayChanged oldDisplayState=3 newDisplayState=4
10-02 23:11:19.324  6862  6862 I VRI[MainActivity]@85b23cb: onDisplayChanged oldDisplayState=4 newDisplayState=4
10-02 23:11:23.872  6862  6862 I VRI[MainActivity]@85b23cb: onDisplayChanged oldDisplayState=4 newDisplayState=3
10-02 23:11:23.881  6862  6862 I VRI[MainActivity]@85b23cb: onDisplayChanged oldDisplayState=3 newDisplayState=3
10-02 23:11:24.153  1591  5876 D MediaSessionService: Checking whether the package com.sameerasw.airsync has an enabled notification listener.
10-02 23:11:24.159  1591  5876 D MediaSessionService: Checking whether the package com.sameerasw.airsync has an enabled notification listener.
10-02 23:11:29.425  6862  6862 I VRI[MainActivity]@85b23cb: onDisplayChanged oldDisplayState=3 newDisplayState=4
10-02 23:11:29.491  6862  6862 I VRI[MainActivity]@85b23cb: onDisplayChanged oldDisplayState=4 newDisplayState=4
10-02 23:11:34.056  6862  6862 I VRI[MainActivity]@85b23cb: onDisplayChanged oldDisplayState=4 newDisplayState=3
10-02 23:11:34.071  6862  6862 I VRI[MainActivity]@85b23cb: onDisplayChanged oldDisplayState=3 newDisplayState=3
10-02 23:11:34.302  1591  5562 D MediaSessionService: Checking whether the package com.sameerasw.airsync has an enabled notification listener.
10-02 23:11:39.572  6862  6862 I VRI[MainActivity]@85b23cb: onDisplayChanged oldDisplayState=3 newDisplayState=4
10-02 23:11:39.628  6862  6862 I VRI[MainActivity]@85b23cb: onDisplayChanged oldDisplayState=4 newDisplayState=4
10-02 23:11:44.212  6862  6862 I VRI[MainActivity]@85b23cb: onDisplayChanged oldDisplayState=4 newDisplayState=3
10-02 23:11:44.228  6862  6862 I VRI[MainActivity]@85b23cb: onDisplayChanged oldDisplayState=3 newDisplayState=3
10-02 23:11:44.455  1591  5004 D MediaSessionService: Checking whether the package com.sameerasw.airsync has an enabled notification listener.
10-02 23:11:49.734  6862  6862 I VRI[MainActivity]@85b23cb: onDisplayChanged oldDisplayState=3 newDisplayState=4
10-02 23:11:49.798  6862  6862 I VRI[MainActivity]@85b23cb: onDisplayChanged oldDisplayState=4 newDisplayState=4
10-02 23:11:54.372  6862  6862 I VRI[MainActivity]@85b23cb: onDisplayChanged oldDisplayState=4 newDisplayState=3
10-02 23:11:54.383  6862  6862 I VRI[MainActivity]@85b23cb: onDisplayChanged oldDisplayState=3 newDisplayState=3
10-02 23:11:54.602  1591  5565 D MediaSessionService: Checking whether the package com.sameerasw.airsync has an enabled notification listener.
10-02 23:11:59.888  6862  6862 I VRI[MainActivity]@85b23cb: onDisplayChanged oldDisplayState=3 newDisplayState=4
10-02 23:11:59.971  6862  6862 I VRI[MainActivity]@85b23cb: onDisplayChanged oldDisplayState=4 newDisplayState=4
10-02 23:12:00.268  6862  6862 I VRI[MainActivity]@85b23cb: onDisplayChanged oldDisplayState=4 newDisplayState=3
10-02 23:12:00.281  6862  6862 I VRI[MainActivity]@85b23cb: onDisplayChanged oldDisplayState=3 newDisplayState=3
10-02 23:12:00.371  6862  6862 I VRI[MainActivity]@85b23cb: onDisplayChanged oldDisplayState=3 newDisplayState=4
10-02 23:12:00.472  6862  6862 I VRI[MainActivity]@85b23cb: onDisplayChanged oldDisplayState=4 newDisplayState=4
10-02 23:12:04.547  6862  6862 I VRI[MainActivity]@85b23cb: onDisplayChanged oldDisplayState=4 newDisplayState=3
10-02 23:12:04.762  1591  1700 D MediaSessionService: Checking whether the package com.sameerasw.airsync has an enabled notification listener.
10-02 23:12:10.051  6862  6862 I VRI[MainActivity]@85b23cb: onDisplayChanged oldDisplayState=3 newDisplayState=4
10-02 23:12:10.107  6862  6862 I VRI[MainActivity]@85b23cb: onDisplayChanged oldDisplayState=4 newDisplayState=4
10-02 23:12:14.688  6862  6862 I VRI[MainActivity]@85b23cb: onDisplayChanged oldDisplayState=4 newDisplayState=3
10-02 23:12:14.700  6862  6862 I VRI[MainActivity]@85b23cb: onDisplayChanged oldDisplayState=3 newDisplayState=3
10-02 23:12:14.924  1591 13770 D MediaSessionService: Checking whether the package com.sameerasw.airsync has an enabled notification listener.
10-02 23:12:20.207  6862  6862 I VRI[MainActivity]@85b23cb: onDisplayChanged oldDisplayState=3 newDisplayState=4
10-02 23:12:20.278  6862  6862 I VRI[MainActivity]@85b23cb: onDisplayChanged oldDisplayState=4 newDisplayState=4
10-02 23:12:24.849  6862  6862 I VRI[MainActivity]@85b23cb: onDisplayChanged oldDisplayState=4 newDisplayState=3
10-02 23:12:24.862  6862  6862 I VRI[MainActivity]@85b23cb: onDisplayChanged oldDisplayState=3 newDisplayState=3
10-02 23:12:25.097  1591  3077 D MediaSessionService: Checking whether the package com.sameerasw.airsync has an enabled notification listener.
10-02 23:12:30.380  6862  6862 I VRI[MainActivity]@85b23cb: onDisplayChanged oldDisplayState=3 newDisplayState=4
10-02 23:12:30.436  6862  6862 I VRI[MainActivity]@85b23cb: onDisplayChanged oldDisplayState=4 newDisplayState=4
10-02 23:12:35.013  6862  6862 I VRI[MainActivity]@85b23cb: onDisplayChanged oldDisplayState=4 newDisplayState=3
10-02 23:12:35.025  6862  6862 I VRI[MainActivity]@85b23cb: onDisplayChanged oldDisplayState=3 newDisplayState=3
10-02 23:12:35.258  1591 11646 D MediaSessionService: Checking whether the package com.sameerasw.airsync has an enabled notification listener.
10-02 23:12:40.531  6862  6862 I VRI[MainActivity]@85b23cb: onDisplayChanged oldDisplayState=3 newDisplayState=4
10-02 23:12:40.603  6862  6862 I VRI[MainActivity]@85b23cb: onDisplayChanged oldDisplayState=4 newDisplayState=4
10-02 23:12:45.176  6862  6862 I VRI[MainActivity]@85b23cb: onDisplayChanged oldDisplayState=4 newDisplayState=3
10-02 23:12:45.188  6862  6862 I VRI[MainActivity]@85b23cb: onDisplayChanged oldDisplayState=3 newDisplayState=3
10-02 23:12:45.410  1591 11646 D MediaSessionService: Checking whether the package com.sameerasw.airsync has an enabled notification listener.
10-02 23:12:50.693  6862  6862 I VRI[MainActivity]@85b23cb: onDisplayChanged oldDisplayState=3 newDisplayState=4
10-02 23:12:50.778  6862  6862 I VRI[MainActivity]@85b23cb: onDisplayChanged oldDisplayState=4 newDisplayState=4
10-02 23:12:55.332  6862  6862 I VRI[MainActivity]@85b23cb: onDisplayChanged oldDisplayState=4 newDisplayState=3
10-02 23:12:55.340  6862  6862 I VRI[MainActivity]@85b23cb: onDisplayChanged oldDisplayState=3 newDisplayState=3
10-02 23:12:55.591  1591  3049 D MediaSessionService: Checking whether the package com.sameerasw.airsync has an enabled notification listener.
10-02 23:12:55.594  1591  3049 D MediaSessionService: Checking whether the package com.sameerasw.airsync has an enabled notification listener.
10-02 23:13:00.879  6862  6862 I VRI[MainActivity]@85b23cb: onDisplayChanged oldDisplayState=3 newDisplayState=4
10-02 23:13:00.940  6862  6862 I VRI[MainActivity]@85b23cb: onDisplayChanged oldDisplayState=4 newDisplayState=4
10-02 23:13:05.495  6862  6862 I VRI[MainActivity]@85b23cb: onDisplayChanged oldDisplayState=4 newDisplayState=3
10-02 23:13:05.512  6862  6862 I VRI[MainActivity]@85b23cb: onDisplayChanged oldDisplayState=3 newDisplayState=3
10-02 23:13:05.727  1591 13770 D MediaSessionService: Checking whether the package com.sameerasw.airsync has an enabled notification listener.
10-02 23:13:11.008  6862  6862 I VRI[MainActivity]@85b23cb: onDisplayChanged oldDisplayState=3 newDisplayState=4
10-02 23:13:11.086  6862  6862 I VRI[MainActivity]@85b23cb: onDisplayChanged oldDisplayState=4 newDisplayState=4
10-02 23:13:15.649  6862  6862 I VRI[MainActivity]@85b23cb: onDisplayChanged oldDisplayState=4 newDisplayState=3
10-02 23:13:15.661  6862  6862 I VRI[MainActivity]@85b23cb: onDisplayChanged oldDisplayState=3 newDisplayState=3
10-02 23:13:15.886  1591  5004 D MediaSessionService: Checking whether the package com.sameerasw.airsync has an enabled notification listener.
10-02 23:13:21.172  6862  6862 I VRI[MainActivity]@85b23cb: onDisplayChanged oldDisplayState=3 newDisplayState=4
10-02 23:13:21.218  6862  6862 I VRI[MainActivity]@85b23cb: onDisplayChanged oldDisplayState=4 newDisplayState=4
10-02 23:13:25.823  6862  6862 I VRI[MainActivity]@85b23cb: onDisplayChanged oldDisplayState=4 newDisplayState=3
10-02 23:13:25.837  6862  6862 I VRI[MainActivity]@85b23cb: onDisplayChanged oldDisplayState=3 newDisplayState=3
10-02 23:13:26.064  1591  5565 D MediaSessionService: Checking whether the package com.sameerasw.airsync has an enabled notification listener.
10-02 23:13:31.335  6862  6862 I VRI[MainActivity]@85b23cb: onDisplayChanged oldDisplayState=3 newDisplayState=4
10-02 23:13:31.420  6862  6862 I VRI[MainActivity]@85b23cb: onDisplayChanged oldDisplayState=4 newDisplayState=4
10-02 23:13:35.960  6862  6862 I VRI[MainActivity]@85b23cb: onDisplayChanged oldDisplayState=4 newDisplayState=3
10-02 23:13:35.979  6862  6862 I VRI[MainActivity]@85b23cb: onDisplayChanged oldDisplayState=3 newDisplayState=3
10-02 23:13:36.198  1591  3437 D MediaSessionService: Checking whether the package com.sameerasw.airsync has an enabled notification listener.
10-02 23:13:41.478  6862  6862 I VRI[MainActivity]@85b23cb: onDisplayChanged oldDisplayState=3 newDisplayState=4
10-02 23:13:41.519  6862  6862 I VRI[MainActivity]@85b23cb: onDisplayChanged oldDisplayState=4 newDisplayState=4
10-02 23:13:46.112  6862  6862 I VRI[MainActivity]@85b23cb: onDisplayChanged oldDisplayState=4 newDisplayState=3
10-02 23:13:46.119  6862  6862 I VRI[MainActivity]@85b23cb: onDisplayChanged oldDisplayState=3 newDisplayState=3
10-02 23:13:46.324  1591  3050 D MediaSessionService: Checking whether the package com.sameerasw.airsync has an enabled notification listener.
10-02 23:13:51.625  6862  6862 I VRI[MainActivity]@85b23cb: onDisplayChanged oldDisplayState=3 newDisplayState=4
10-02 23:13:51.691  6862  6862 I VRI[MainActivity]@85b23cb: onDisplayChanged oldDisplayState=4 newDisplayState=4
10-02 23:13:56.263  6862  6862 I VRI[MainActivity]@85b23cb: onDisplayChanged oldDisplayState=4 newDisplayState=3
10-02 23:13:56.472  1591  3050 D MediaSessionService: Checking whether the package com.sameerasw.airsync has an enabled notification listener.
10-02 23:14:01.768  6862  6862 I VRI[MainActivity]@85b23cb: onDisplayChanged oldDisplayState=3 newDisplayState=4
10-02 23:14:01.832  6862  6862 I VRI[MainActivity]@85b23cb: onDisplayChanged oldDisplayState=4 newDisplayState=4
10-02 23:14:06.425  6862  6862 I VRI[MainActivity]@85b23cb: onDisplayChanged oldDisplayState=4 newDisplayState=3
10-02 23:14:06.428  6862  6862 I VRI[MainActivity]@85b23cb: onDisplayChanged oldDisplayState=3 newDisplayState=3
10-02 23:14:06.641  1591  1700 D MediaSessionService: Checking whether the package com.sameerasw.airsync has an enabled notification listener.
10-02 23:14:06.940   790   790 D io_stats: !@ Read_top(KB): meerasw.airsync(14677) 564 ing.smartcenter(6862) 416 .gms.persistent(12147) 56
10-02 23:14:11.942  6862  6862 I VRI[MainActivity]@85b23cb: onDisplayChanged oldDisplayState=3 newDisplayState=4
10-02 23:14:11.998  6862  6862 I VRI[MainActivity]@85b23cb: onDisplayChanged oldDisplayState=4 newDisplayState=4
10-02 23:14:16.591  6862  6862 I VRI[MainActivity]@85b23cb: onDisplayChanged oldDisplayState=4 newDisplayState=3
10-02 23:14:16.791  1591  1699 D MediaSessionService: Checking whether the package com.sameerasw.airsync has an enabled notification listener.
10-02 23:14:22.090  6862  6862 I VRI[MainActivity]@85b23cb: onDisplayChanged oldDisplayState=3 newDisplayState=4
10-02 23:14:22.138  6862  6862 I VRI[MainActivity]@85b23cb: onDisplayChanged oldDisplayState=4 newDisplayState=4
10-02 23:14:36.898  6862  6862 I VRI[MainActivity]@85b23cb: onDisplayChanged oldDisplayState=4 newDisplayState=3
10-02 23:14:36.906  6862  6862 I VRI[MainActivity]@85b23cb: onDisplayChanged oldDisplayState=3 newDisplayState=3
10-02 23:14:37.116  1591  3050 D MediaSessionService: Checking whether the package com.sameerasw.airsync has an enabled notification listener.
10-02 23:14:38.969   790   790 D io_stats: !@ Read_top(KB): plug.androidapp(9201) 208 meerasw.airsync(14677) 188 system_server(1591) 112
10-02 23:14:42.392  6862  6862 I VRI[MainActivity]@85b23cb: onDisplayChanged oldDisplayState=3 newDisplayState=4
10-02 23:14:42.449  6862  6862 I VRI[MainActivity]@85b23cb: onDisplayChanged oldDisplayState=4 newDisplayState=4
10-02 23:14:47.046  6862  6862 I VRI[MainActivity]@85b23cb: onDisplayChanged oldDisplayState=4 newDisplayState=3
10-02 23:14:47.295  1591  1700 D MediaSessionService: Checking whether the package com.sameerasw.airsync has an enabled notification listener.
10-02 23:14:47.316  1591  1700 D MediaSessionService: Checking whether the package com.sameerasw.airsync has an enabled notification listener.
10-02 23:14:52.588  6862  6862 I VRI[MainActivity]@85b23cb: onDisplayChanged oldDisplayState=3 newDisplayState=4
10-02 23:14:52.646  6862  6862 I VRI[MainActivity]@85b23cb: onDisplayChanged oldDisplayState=4 newDisplayState=4
10-02 23:14:57.180  6862  6862 I VRI[MainActivity]@85b23cb: onDisplayChanged oldDisplayState=4 newDisplayState=3
10-02 23:14:57.193  6862  6862 I VRI[MainActivity]@85b23cb: onDisplayChanged oldDisplayState=3 newDisplayState=3
10-02 23:14:57.395  1591  1699 D MediaSessionService: Checking whether the package com.sameerasw.airsync has an enabled notification listener.
10-02 23:15:02.682  6862  6862 I VRI[MainActivity]@85b23cb: onDisplayChanged oldDisplayState=3 newDisplayState=4
