10-02 22:57:27.043  1591  2018 V WindowManager: Start calculating TransitionInfo based on participants: {ActivityRecord{561ffa1 u0 com.sameerasw.airsync/.MainActivity t2070}, ActivityRecord{6adcc7f u0 com.sec.android.app.launcher/.activities.LauncherActivity t1539}, WallpaperWindowToken{c48d914 token=android.os.Binder@beea767}_<lock>, Task{e2315c6 #2070 type=standard A=10431:com.sameerasw.airsync}}
10-02 22:57:27.044  1591  2018 V WindowManager:   Final targets: [Task{e2315c6 #2070 type=standard A=10431:com.sameerasw.airsync}, Task{44661ed #1 type=home}, WallpaperWindowToken{c48d914 token=android.os.Binder@beea767}_<lock>]
10-02 22:57:27.045  1591  2018 I SurfaceControlRegistry: show, t=StartTransaction_SyncId<3681> sc=ActivityRecord{561ffa1 u0 com.sameerasw.airsync/.MainActivity t2070}, caller=android.view.SurfaceControl$Transaction.show:3232 com.android.server.wm.Transition.onTransactionReady:2273 com.android.server.wm.BLASTSyncEngine$SyncGroup.finishNow:195 com.android.server.wm.BLASTSyncEngine.onSurfacePlacement:269 com.android.server.wm.RootWindowContainer.performSurfacePlacementNoTrace:471 com.android.server.wm.RootWindowContainer.performSurfacePlacement:9 
10-02 22:57:27.045  1591  2018 V WindowManager:         {WCT{RemoteToken{a10cb4f Task{e2315c6 #2070 type=standard A=10431:com.sameerasw.airsync}}} m=OPEN f=NONE leash=Surface(name=Task=2070)/@0x416ea29 sb=Rect(0, 0 - 1080, 2340) eb=Rect(0, 0 - 1080, 2340) d=0 taskParent=-1 inset=Rect(0, 99 - 0, 44) dim=true},
10-02 22:57:27.047  1591  2018 D InsetsSourceProvider: updateControlForTarget: control=InsetsSourceControl: {56a20001 mType=navigationBars initiallyVisible mSurfacePosition=Point(0, 2199) mInsetsHint=Insets{left=0, top=0, right=0, bottom=44}}, target=Window{d8acf4d u0 Splash Screen com.sameerasw.airsync}, from=com.android.server.wm.InsetsStateController.onControlTargetChanged:81 com.android.server.wm.InsetsPolicy.updateBarControlTarget:188 com.android.server.wm.DisplayPolicy.updateSystemBarAttributes:281 com.android.server.wm.DisplayPolicy.finishPostLayoutPolicyLw:17 com.android.server.wm.RootWindowContainer.applySurfaceChangesTransaction$1:194 
10-02 22:57:27.048  1591  2014 V WindowManager: Sent Transition (#3681) createdAt=10-02 22:57:26.995 via request=TransitionRequestInfo { type = OPEN, triggerTask = TaskInfo{userId=0 taskId=2070 displayId=0 isRunning=true baseIntent=Intent { act=android.intent.action.MAIN cat=[android.intent.category.LAUNCHER] flg=0x10000000 cmp=com.sameerasw.airsync/.MainActivity } baseActivity=ComponentInfo{com.sameerasw.airsync/com.sameerasw.airsync.MainActivity} topActivity=ComponentInfo{com.sameerasw.airsync/com.sameerasw.airsync.MainActivity} origActivity=null realActivity=ComponentInfo{com.sameerasw.airsync/com.sameerasw.airsync.MainActivity} numActivities=1 lastActiveTime=139004329 supportsMultiWindow=true resizeMode=1 isResizeable=true minWidth=-1 minHeight=-1 maxWidth=-1 maxHeight=-1 defaultMinSize=220 token=WCT{RemoteToken{a10cb4f Task{e2315c6 #2070 type=standard A=10431:com.sameerasw.airsync}}} topActivityType=1 pictureInPictureParams=null shouldDockBigOverlays=false launchIntoPipHostTaskId=-1 lastParentTaskIdBeforePip=-1 displayCutoutSafeInsets=Rect(0, 99 - 0, 0) topActivityInfo=ActivityInfo{c38cd6b com.sameerasw.airsync.MainActivity} launchCookies=[] positionInParent=Point(0, 0) parentTaskId=-1 isFocused=false isVisible=false isVisibleRequested=false isSleeping=false topActivityInSizeCompat=false locusId=null displayAreaFeatureId=1 isTopActivityTransparent=false isTopActivityStyleFloating=false appCompatTaskInfo=AppCompatTaskInfo { topActivityInSizeCompat=false eligibleForLetterboxEducation= false isLetterboxEducationEnabled= false isLetterboxDoubleTapEnabled= false eligibleForUserAspectRatioButton= false topActivityBoundsLetterboxed= false isFromLetterboxDoubleTap= false topActivityLetterboxVerticalPosition= -1 topActivityLetterboxHorizontalPosition= -1 topActivityLetterboxWidth=1080 topActivityLetterboxHeight=2340 topActivityLetterboxAppWidth=1080 topActivityLetterboxAppHeight=2340 isUserFullscreenOverrideEnabled=false isSystemFullscreenOverrideEnabled=false hasMinAspectRatioOverride=false cameraCompatTaskInfo=CameraCompatTaskInfo { freeformCameraCompatMode=inactive} topActivityBounds=null topActivityInDisplayCompat=false} originallySupportedMultiWindow=true hasWallpaper=false rootAffinity=10431:com.sameerasw.airsync isTopTaskInStage=false topActivityUiMode=33 CoverLauncherWidgetTask=false isAllowedSeamlessRotation=false isTopTransparentActivity=false snappingGuideBounds=Rect(81, 612 - 999, 1782) isAliasManaged=false hasConfigChanged=false isAiKeyRemoveAppTask=false}, pipTask = null, remoteTransition = null, displayChange = null, flags = 0, debugId = 3681 }
10-02 22:57:27.048  1591  2014 V WindowManager:         {WCT{RemoteToken{a10cb4f Task{e2315c6 #2070 type=standard A=10431:com.sameerasw.airsync}}} m=OPEN f=NONE leash=Surface(name=Task=2070)/@0x416ea29 sb=Rect(0, 0 - 1080, 2340) eb=Rect(0, 0 - 1080, 2340) d=0 taskParent=-1 inset=Rect(0, 99 - 0, 44) dim=true},
10-02 22:57:27.048  1591  2018 D InsetsSourceProvider: updateControlForTarget: control=InsetsSourceControl: {4cc20000 mType=statusBars initiallyVisible mSurfacePosition=Point(0, 0) mInsetsHint=Insets{left=0, top=99, right=0, bottom=0}}, target=Window{d8acf4d u0 Splash Screen com.sameerasw.airsync}, from=com.android.server.wm.InsetsStateController.onControlTargetChanged:81 com.android.server.wm.InsetsPolicy.updateBarControlTarget:175 com.android.server.wm.DisplayPolicy.updateSystemBarAttributes:281 com.android.server.wm.DisplayPolicy.finishPostLayoutPolicyLw:17 com.android.server.wm.RootWindowContainer.applySurfaceChangesTransaction$1:194 
10-02 22:57:27.048  1591  2018 D WindowManager: updateSystemBarAttributes: displayId=0, focusedCanBeNavColorWin=false, win=Window{d8acf4d u0 Splash Screen com.sameerasw.airsync}, navColorWin=Window{d8acf4d u0 Splash Screen com.sameerasw.airsync}, caller=com.android.server.wm.DisplayPolicy.finishPostLayoutPolicyLw:17 com.android.server.wm.RootWindowContainer.applySurfaceChangesTransaction$1:194 com.android.server.wm.RootWindowContainer.performSurfacePlacementNoTrace:61 
10-02 22:57:27.051  1399  1556 I SurfaceFlinger: id=55008 createSurf, flag=84000, 9f7fdab ActivityRecordInputSink com.sameerasw.airsync/.MainActivity#55008
10-02 22:57:27.053  2938  3033 I InsetsSourceConsumer: applyRequestedVisibilityToControl: visible=true, type=navigationBars, host=Splash Screen com.sameerasw.airsync
10-02 22:57:27.053  2938  3033 I InsetsSourceConsumer: applyRequestedVisibilityToControl: visible=true, type=statusBars, host=Splash Screen com.sameerasw.airsync
10-02 22:57:27.056  1399  1399 I SurfaceFlinger: Layer [ActivityRecord{561ffa1 u0 com.sameerasw.airsync/.MainActivity t2070}#55001] hidden!! flag(0)
10-02 22:57:27.056  1399  1399 I SurfaceFlinger: Layer [d8acf4d Splash Screen com.sameerasw.airsync#55003] hidden!! flag(0)
10-02 22:57:27.057  1399  1399 I SurfaceFlinger: Layer [Splash Screen com.sameerasw.airsync$_2938#55004] hidden!! flag(0)
10-02 22:57:27.057  1399  1399 I SurfaceFlinger: [9f7fdab ActivityRecordInputSink com.sameerasw.airsync/.MainActivity#55008] attach to parent LayerHierarchy{RequestedLayerState{ActivityRecord{561ffa1 u0 com.sameerasw.airsync/.MainActivity t2070}#55001 parentId=55000} 2 children}
10-02 22:57:27.062 12801 12801 I meerasw.airsync: Using CollectorTypeCC GC.
10-02 22:57:27.078 12801 12801 D nativeloader: Load /data/user/0/com.sameerasw.airsync/code_cache/startup_agents/65318d08-agent.so using system ns (caller=<unknown>): ok
10-02 22:57:27.083 12801 12801 W meerasw.airsync: hiddenapi: DexFile /data/data/com.sameerasw.airsync/code_cache/.studio/instruments-873176f2.jar is in boot class path but is not in a known location
10-02 22:57:27.083  1399  1399 D SurfaceFlinger:        CLIENT |   0xb4000073381902d0 | 0001 | RGBA_8888    |    0.0    0.0 1080.0 2340.0 |   79  170 1001 2170 | Splash Screen com.sameerasw.airsync$_2938#55004 (1)
10-02 22:57:27.088  1591  3080 D SGM:GameManager: identifyGamePackage. com.sameerasw.airsync, mCurrentUserId: 0, callerUserId: 0, callingMethodInfo: com.samsung.android.game.IGameManagerService$Stub.onTransact(IGameManagerService.java:228)
10-02 22:57:27.170 12801 12801 W meerasw.airsync: Redefining intrinsic method java.lang.Thread java.lang.Thread.currentThread(). This may cause the unexpected use of the original definition of java.lang.Thread java.lang.Thread.currentThread()in methods that have already been compiled.
10-02 22:57:27.170 12801 12801 W meerasw.airsync: Redefining intrinsic method boolean java.lang.Thread.interrupted(). This may cause the unexpected use of the original definition of boolean java.lang.Thread.interrupted()in methods that have already been compiled.
10-02 22:57:27.208  1591  2711 D MdnieScenarioControlService:  packageName : com.sameerasw.airsync    className : com.sameerasw.airsync.MainActivity
10-02 22:57:27.348 12801 12801 D nativeloader: Configuring clns-7 for other apk /data/app/~~pvR4X-UpiIrvPRrczrrEcA==/com.sameerasw.airsync-g4WwgLTRBK6o-P7JvDTMRQ==/base.apk. target_sdk_version=36, uses_libraries=, library_path=/data/app/~~pvR4X-UpiIrvPRrczrrEcA==/com.sameerasw.airsync-g4WwgLTRBK6o-P7JvDTMRQ==/lib/arm64:/data/app/~~pvR4X-UpiIrvPRrczrrEcA==/com.sameerasw.airsync-g4WwgLTRBK6o-P7JvDTMRQ==/base.apk!/lib/arm64-v8a, permitted_path=/data:/mnt/expand:/data/user/0/com.sameerasw.airsync
10-02 22:57:27.359 12801 12801 W ActivityThread: Application com.sameerasw.airsync is suspending. Debugger needs to resume to continue.
10-02 22:57:27.374  1591  2015 I WindowManager: WindowManagerGlobal#addView, ty=2003, view=com.android.internal.policy.DecorView{166a4da V.E...... R.....I. 0,0-0,0}[airsync], caller=android.view.WindowManagerImpl.addView:158 android.app.Dialog.show:511 com.android.server.am.ErrorDialogController$$ExternalSyntheticLambda2.run:75 
10-02 22:57:27.378  1399  3750 I SurfaceFlinger: id=55010 createSurf, flag=84004, 418ce01 Waiting For Debugger: com.sameerasw.airsync#55010
10-02 22:57:27.379  1591  2015 D WindowManager: Changing focus from null to Window{418ce01 u0 Waiting For Debugger: com.sameerasw.airsync} displayId=0 Callers=com.android.server.wm.WindowManagerService.addWindow:201 com.android.server.wm.Session.addToDisplayAsUser:24 android.view.ViewRootImpl.setView:1959 android.view.WindowManagerGlobal.addView:578 
10-02 22:57:27.380  1591  2015 D InsetsSourceProvider: updateControlForTarget: control=InsetsSourceControl: {56a20001 mType=navigationBars initiallyVisible mSurfacePosition=Point(0, 2199) mInsetsHint=Insets{left=0, top=0, right=0, bottom=44}}, target=Window{418ce01 u0 Waiting For Debugger: com.sameerasw.airsync}, from=com.android.server.wm.InsetsStateController.onControlTargetChanged:81 com.android.server.wm.InsetsPolicy.updateBarControlTarget:188 com.android.server.wm.DisplayPolicy.updateSystemBarAttributes:281 com.android.server.wm.WindowManagerService.updateFocusedWindowLocked:375 com.android.server.wm.WindowManagerService.addWindow:201 
10-02 22:57:27.380  1591  2015 D InsetsSourceProvider: updateControlForTarget: control=InsetsSourceControl: {4cc20000 mType=statusBars initiallyVisible mSurfacePosition=Point(0, 0) mInsetsHint=Insets{left=0, top=99, right=0, bottom=0}}, target=Window{418ce01 u0 Waiting For Debugger: com.sameerasw.airsync}, from=com.android.server.wm.InsetsStateController.onControlTargetChanged:81 com.android.server.wm.InsetsPolicy.updateBarControlTarget:175 com.android.server.wm.DisplayPolicy.updateSystemBarAttributes:281 com.android.server.wm.WindowManagerService.updateFocusedWindowLocked:375 com.android.server.wm.WindowManagerService.addWindow:201 
10-02 22:57:27.380  1591  2015 D WindowManager: updateSystemBarAttributes: displayId=0, focusedCanBeNavColorWin=false, win=Window{418ce01 u0 Waiting For Debugger: com.sameerasw.airsync}, navColorWin=Window{d8acf4d u0 Splash Screen com.sameerasw.airsync}, caller=com.android.server.wm.WindowManagerService.updateFocusedWindowLocked:375 com.android.server.wm.WindowManagerService.addWindow:201 com.android.server.wm.Session.addToDisplayAsUser:24 
10-02 22:57:27.381  1591  2015 V SystemKeyManager: updateFocusedWindow() is called, Waiting For Debugger: com.sameerasw.airsync
10-02 22:57:27.381  1591  2015 I SystemKeyManager: requested systemKeyInfo size=1 focusedWindow=Waiting For Debugger: com.sameerasw.airsync
10-02 22:57:27.381  1591  2015 I InsetsController: onStateChanged: host=Waiting For Debugger: com.sameerasw.airsync, from=android.view.ViewRootImpl.setView:1999, state=InsetsState: {mDisplayFrame=Rect(0, 0 - 1080, 2340), mDisplayCutout=DisplayCutout{insets=Rect(0, 99 - 0, 0) waterfall=Insets{left=0, top=0, right=0, bottom=0} boundingRect={Bounds=[Rect(0, 0 - 0, 0), Rect(505, 0 - 575, 99), Rect(0, 0 - 0, 0), Rect(0, 0 - 0, 0)]} cutoutPathParserInfo={CutoutPathParserInfo{displayWidth=1080 displayHeight=2340 physicalDisplayWidth=1080 physicalDisplayHeight=2340 density={3.0} cutoutSpec={M 0,0 M 0,29 a 35,35 0 1,0 0,70 a 35,35 0 1,0 0,-70 Z} rotation={0} scale={1.0} physicalPixelDisplaySizeRatio={1.0}}} sideOverrides={}}, mRoundedCorners=RoundedCorners{[RoundedCorner{position=TopLeft, radius=106, center=Point(106, 106)}, RoundedCorner{position=TopRight, radius=106, center=Point(974, 106)}, RoundedCorner{position=BottomRight, radius=106, center=Point(974, 2234)}, RoundedCorner{position=BottomLeft, radius=106, center=Point(106, 2234)}]}  mRoundedCornerFrame=Rect(0, 0 - 0, 0), mPrivacyIndicatorBounds=PrivacyIndicatorBounds {static bounds=Rect(951, 0 - 1080, 99) rotation=0}, mDisplayShape=DisplayShape{ spec=-311912193 displayWidth=1080 displayHeight=2340 physicalPixelDisplaySizeRatio=1.0 rotation=0 offsetX=0 offsetY=0 scale=1.0}, mSources= { InsetsSource: {27 mType=displayCutout mFrame=[0,0][1080,99] mVisible=true mFlags= mSideHint=TOP mBoundingRects=null}, InsetsSource: {4cc20000 mType=statusBars mFrame=[0,0][1080,99] mVisible=true mFlags= mSideHint=TOP mBoundingRects=null}, InsetsSource: {4cc20005 mType=mandatorySystemGestures mFrame=[0,0][1080,134] mVisible=true mFlags= mSideHint=TOP mBoundingRects=null}, InsetsSource: {4cc20006 mType=tappableElement mFrame=[0,0][1080,99] mVisible=true mFlags= mSideHint=TOP mBoundingRects=null}, InsetsSource: {56a20001 mType=navigationBars mFrame=[0,2296][1080,2340] mVisible=true mFlags=SUPPRESS_SCRIM mSideHint=BOTTOM mBoundingRects=null}, InsetsSource: {56a20004 mType=systemGestures mFrame=[0,0][87,2340] mVisible=true mFlags= mSideHint=LEFT mBoundingRects=null}, InsetsSource: {56a20005 mType=mandatorySystemGestures mFrame=[0,2246][1080,2340] mVisible=true mFlags= mSideHint=BOTTOM mBoundingRects=null}, InsetsSource: {56a20006 mType=tappableElement mFrame=[0,0][0,0] mVisible=true mFlags= mSideHint=NONE mBoundingRects=null}, InsetsSource: {56a20024 mType=systemGestures mFrame=[993,0][1080,2340] mVisible=true mFlags= mSideHint=RIGHT mBoundingRects=null} }
10-02 22:57:27.381  1591  2015 I VRI[airsync]@98acd0b: synced displayState. AttachInfo displayState=2
10-02 22:57:27.382  1399  1399 I SurfaceFlinger: [418ce01 Waiting For Debugger: com.sameerasw.airsync#55010] attach to parent LayerHierarchy{RequestedLayerState{WindowToken{c14d7e8 type=2003 android.view.ViewRootImpl$W@98acd0b}#55009 parentId=14} 1 children}
10-02 22:57:27.382  1591  2015 I VRI[airsync]@98acd0b: setView = com.android.internal.policy.DecorView@166a4da IsHRR=false TM=true
10-02 22:57:27.383  1591  2015 D CoreBackPreview: Window{418ce01 u0 Waiting For Debugger: com.sameerasw.airsync}: Setting back callback OnBackInvokedCallbackInfo{mCallback=android.window.WindowOnBackInvokedDispatcher$OnBackInvokedCallbackWrapper@8a1f88a, mPriority=0, mIsAnimationCallback=false}
10-02 22:57:27.385  1591  2015 V WindowManager: Relayout Window{418ce01 u0 Waiting For Debugger: com.sameerasw.airsync}: viewVisibility=0 req=1080x652 ty=2003 d0
10-02 22:57:27.385  1399  1556 I SurfaceFlinger: id=55013 createSurf, flag=44004, Waiting For Debugger: com.sameerasw.airsync#55013
10-02 22:57:27.385  1591  2015 D WindowManager: makeSurface duration=1 name=Waiting For Debugger: com.sameerasw.airsync
10-02 22:57:27.387  1591  2015 I InsetsSourceConsumer: applyRequestedVisibilityToControl: visible=true, type=navigationBars, host=Waiting For Debugger: com.sameerasw.airsync
10-02 22:57:27.387  1591  2015 I InsetsSourceConsumer: applyRequestedVisibilityToControl: visible=true, type=statusBars, host=Waiting For Debugger: com.sameerasw.airsync
10-02 22:57:27.387  1591  2015 I BLASTBufferQueue_Java: new BLASTBufferQueue, mName= VRI[airsync]@98acd0b mNativeObject= 0xb4000074ad5084f0 sc.mNativeObject= 0xb40000742d483c10 caller= android.view.ViewRootImpl.updateBlastSurfaceIfNeeded:3397 android.view.ViewRootImpl.relayoutWindow:11361 android.view.ViewRootImpl.performTraversals:4544 android.view.ViewRootImpl.doTraversal:3708 android.view.ViewRootImpl$TraversalRunnable.run:12542 android.view.Choreographer$CallbackRecord.run:1751 android.view.Choreographer$CallbackRecord.run:1760 android.view.Choreographer.doCallbacks:1216 android.view.Choreographer.doFrame:1142 android.view.Choreographer$FrameDisplayEventReceiver.run:1707 
10-02 22:57:27.388  1591  2015 I BLASTBufferQueue_Java: update, w= 1092 h= 664 mName = VRI[airsync]@98acd0b mNativeObject= 0xb4000074ad5084f0 sc.mNativeObject= 0xb40000742d483c10 format= -3 caller= android.graphics.BLASTBufferQueue.<init>:88 android.view.ViewRootImpl.updateBlastSurfaceIfNeeded:3397 android.view.ViewRootImpl.relayoutWindow:11361 android.view.ViewRootImpl.performTraversals:4544 android.view.ViewRootImpl.doTraversal:3708 android.view.ViewRootImpl$TraversalRunnable.run:12542 
10-02 22:57:27.388  1591  2015 I VRI[airsync]@98acd0b: Relayout returned: old=(0,99,1080,2296) new=(0,1644,1080,2296) relayoutAsync=false req=(1080,652)0 dur=3 res=0x3 s={true 0xb40000738d49dbe0} ch=true seqId=0
10-02 22:57:27.389  1591  2015 I VRI[airsync]@98acd0b: performConfigurationChange setNightDimText nightDimLevel=0
10-02 22:57:27.389  1591  2015 D VRI[airsync]@98acd0b: mThreadedRenderer.initialize() mSurface={isValid=true 0xb40000738d49dbe0} hwInitialized=true
10-02 22:57:27.390  1591  2015 D VRI[airsync]@98acd0b: reportNextDraw android.view.ViewRootImpl.performTraversals:5193 android.view.ViewRootImpl.doTraversal:3708 android.view.ViewRootImpl$TraversalRunnable.run:12542 android.view.Choreographer$CallbackRecord.run:1751 android.view.Choreographer$CallbackRecord.run:1760 
10-02 22:57:27.390  1591  2015 D VRI[airsync]@98acd0b: Setup new sync=wmsSync-VRI[airsync]@98acd0b#30
10-02 22:57:27.390  1591  2015 I VRI[airsync]@98acd0b: Creating new active sync group VRI[airsync]@98acd0b#31
10-02 22:57:27.390  1399  1399 I SurfaceFlinger: Layer [418ce01 Waiting For Debugger: com.sameerasw.airsync#55010] hidden!! flag(0)
10-02 22:57:27.391  1399  1399 I SurfaceFlinger: [Waiting For Debugger: com.sameerasw.airsync#55013] attach to parent LayerHierarchy{RequestedLayerState{418ce01 Waiting For Debugger: com.sameerasw.airsync#55010 parentId=55009} 1 children}
10-02 22:57:27.393  1591  2015 D VRI[airsync]@98acd0b: registerCallbacksForSync syncBuffer=false
10-02 22:57:27.394  1591 23962 D VRI[airsync]@98acd0b: Received frameDrawingCallback syncResult=0 frameNum=1.
10-02 22:57:27.395  1591 23962 I VRI[airsync]@98acd0b: mWNT: t=0xb4000073dd542f50 mBlastBufferQueue=0xb4000074ad5084f0 fn= 1 HdrRenderState mRenderHdrSdrRatio=1.0 caller= android.view.ViewRootImpl$11.onFrameDraw:15016 android.view.ThreadedRenderer$1.onFrameDraw:761 <bottom of call stack> 
10-02 22:57:27.395  1591 23962 I VRI[airsync]@98acd0b: Setting up sync and frameCommitCallback
10-02 22:57:27.407  1591 23952 I BLASTBufferQueue: [VRI[airsync]@98acd0b#362](f:0,a:0,s:0) onFrameAvailable the first frame is available
10-02 22:57:27.408  1399  1556 I SurfaceFlinger: [Waiting For Debugger: com.sameerasw.airsync#55013] setTransactionState with the first frame. bufferData(ID: 6833292971395, frameNumber: 1)
10-02 22:57:27.408  1591 23952 I VRI[airsync]@98acd0b: Received frameCommittedCallback lastAttemptedDrawFrameNum=1 didProduceBuffer=true
10-02 22:57:27.408  1591  2015 D VRI[airsync]@98acd0b: reportDrawFinished seqId=0
10-02 22:57:27.408  1591  2015 D WindowManager: finishDrawingWindow: Window{418ce01 u0 Waiting For Debugger: com.sameerasw.airsync} mDrawState=DRAW_PENDING seqId=0
10-02 22:57:27.408  1399  1536 D SurfaceFlinger: [input] setFocusedWindow: 418ce01 Waiting For Debugger: com.sameerasw.airsync
10-02 22:57:27.409  1591  2018 I WindowManager: Reparenting to leash, surface=Surface(name=418ce01 Waiting For Debugger: com.sameerasw.airsync)/@0xaf1983a, syncState=0, syncCommitDepth=0, leashParent=Surface(name=WindowToken{c14d7e8 type=2003 android.view.ViewRootImpl$W@98acd0b})/@0xc1baceb
10-02 22:57:27.409  1591  3080 D InputDispatcher: Once focus requested (0): 418ce01 Waiting For Debugger: com.sameerasw.airsync
10-02 22:57:27.409  1591  3080 D InputDispatcher: Focus request (0): 418ce01 Waiting For Debugger: com.sameerasw.airsync but waiting because NOT_VISIBLE
10-02 22:57:27.409  1399  1556 I SurfaceFlinger: id=55014 createSurf, flag=24004, Surface(name=418ce01 Waiting For Debugger: com.sameerasw.airsync)/@0xaf1983a - animation-leash of window_animation#55014
10-02 22:57:27.409  1591  2018 D WindowManager: makeSurface duration=0 leash=Surface(name=Surface(name=418ce01 Waiting For Debugger: com.sameerasw.airsync)/@0xaf1983a - animation-leash of window_animation)/@0xf3a6a48
10-02 22:57:27.410  1591  2018 V WindowManager: performShowLocked: mDrawState=HAS_DRAWN in Window{418ce01 u0 Waiting For Debugger: com.sameerasw.airsync}
10-02 22:57:27.411  1591  3080 D PersonaActivityHelper: token.toString()  Token{2b6c987 ActivityRecord{561ffa1 u0 com.sameerasw.airsync/.MainActivity t2070}}
10-02 22:57:27.416  1399  1399 I SurfaceFlinger: [Surface(name=418ce01 Waiting For Debugger: com.sameerasw.airsync)/@0xaf1983a - animation-leash of window_animation#55014] attach to parent LayerHierarchy{RequestedLayerState{WindowToken{c14d7e8 type=2003 android.view.ViewRootImpl$W@98acd0b}#55009 parentId=14} 2 children}
10-02 22:57:27.423  1399  1399 D SurfaceFlinger:        DEVICE |   0xb4000073381902d0 | 0001 | RGBA_8888    |    0.0    0.0 1080.0 2340.0 |    0    0 1080 2340 | Splash Screen com.sameerasw.airsync$_2938#55004 (1)
10-02 22:57:27.423  1591  3075 D SGM:GameManager: identifyGamePackage. com.sameerasw.airsync, mCurrentUserId: 0, callerUserId: 0, callingMethodInfo: com.samsung.android.game.IGameManagerService$Stub.onTransact(IGameManagerService.java:228)
10-02 22:57:27.425  1399  1399 E SurfaceFlinger: alpha changed 1.000 -> 0.000 - Surface(name=418ce01 Waiting For Debugger: com.sameerasw.airsync)/@0xaf1983a - animation-leash of window_animation#55014
10-02 22:57:27.425  1399  1399 E SurfaceFlinger: alpha changed 0.000 -> 0.000 - Surface(name=418ce01 Waiting For Debugger: com.sameerasw.airsync)/@0xaf1983a - animation-leash of window_animation#55014
10-02 22:57:27.425  1399  1399 I SurfaceFlinger: Layer [Waiting For Debugger: com.sameerasw.airsync#55013] hidden!! flag(0)
10-02 22:57:27.425  1399  1399 I SurfaceFlinger: [LayerHierarchy{RequestedLayerState{Dim Layer for - Display 0 name="Built-in Screen"#55015 parentId=48 relativeParentId=55010 z=-1} no children}] RelativeParent to LayerHierarchy{RequestedLayerState{418ce01 Waiting For Debugger: com.sameerasw.airsync#55010 parentId=55014} 2 children}
10-02 22:57:27.425  1399  1399 I SurfaceFlinger: [LayerHierarchy{RequestedLayerState{418ce01 Waiting For Debugger: com.sameerasw.airsync#55010 parentId=55014} 2 children}] reparent to LayerHierarchy{RequestedLayerState{Surface(name=418ce01 Waiting For Debugger: com.sameerasw.airsync)/@0xaf1983a - animation-leash of window_animation#55014 parentId=55009} 1 children}
10-02 22:57:27.431  1399  1399 D SurfaceFlinger:        DEVICE |   0xb4000073381902d0 | 0001 | RGBA_8888    |    0.0    0.0 1080.0 2340.0 |    0    0 1080 2340 | Splash Screen com.sameerasw.airsync$_2938#55004 (1)
10-02 22:57:27.432  1399  1399 E SurfaceFlinger: alpha changed 0.000 -> 0.094 - Surface(name=418ce01 Waiting For Debugger: com.sameerasw.airsync)/@0xaf1983a - animation-leash of window_animation#55014
10-02 22:57:27.439  1399  1399 D SurfaceFlinger:        DEVICE |   0xb4000073381902d0 | 0001 | RGBA_8888    |    0.0    0.0 1080.0 2340.0 |    0    0 1080 2340 | Splash Screen com.sameerasw.airsync$_2938#55004 (1)
10-02 22:57:27.439  1399  1399 D SurfaceFlinger:        DEVICE |   0xb4000073381cef70 | 0001 | RGBA_8888    |    6.0    0.0 1086.0  606.0 |    0 1734 1080 2340 | Waiting For Debugger: com.sameerasw.airsync#55013 (2)
10-02 22:57:27.441  1591  4294 D InputDispatcher: Focus entered window (0): 418ce01 Waiting For Debugger: com.sameerasw.airsync
10-02 22:57:27.441  1591  2015 D VRI[airsync]@98acd0b: mThreadedRenderer.initializeIfNeeded()#2 mSurface={isValid=true 0xb40000738d49dbe0}
10-02 22:57:27.448  1399  1399 D SurfaceFlinger:        DEVICE |   0xb4000073381902d0 | 0001 | RGBA_8888    |    0.0    0.0 1080.0 2340.0 |    0    0 1080 2340 | Splash Screen com.sameerasw.airsync$_2938#55004 (1)
10-02 22:57:27.448  1399  1399 D SurfaceFlinger:        DEVICE |   0xb4000073381cef70 | 0001 | RGBA_8888    |    6.0    0.0 1086.0  611.0 |    0 1729 1080 2340 | Waiting For Debugger: com.sameerasw.airsync#55013 (2)
10-02 22:57:27.693  1591  2015 I WindowManager: WindowManagerGlobal#removeView, ty=2003, view=com.android.internal.policy.DecorView{166a4da V.E...... R....... 0,0-1080,652}[airsync], caller=android.view.WindowManagerGlobal.removeView:626 android.view.WindowManagerImpl.removeViewImmediate:216 android.app.Dialog.dismissDialog:808 
10-02 22:57:27.693  1591  2015 D CoreBackPreview: Window{418ce01 u0 Waiting For Debugger: com.sameerasw.airsync}: Setting back callback null
10-02 22:57:27.695  1591  2015 I VRI[airsync]@98acd0b: dispatchDetachedFromWindow
10-02 22:57:27.695  1591  2015 W InputManager-JNI: Input channel object '418ce01 Waiting For Debugger: com.sameerasw.airsync (client)' was disposed without first being removed with the input manager!
10-02 22:57:27.695  1591  2015 V WindowManager: Remove Window{418ce01 u0 Waiting For Debugger: com.sameerasw.airsync}: mSurfaceController=Surface(name=Waiting For Debugger: com.sameerasw.airsync)/@0x4209c8c mAnimatingExit=false mRemoveOnExit=false mHasSurface=true surfaceShowing=true animating=true app-animation=false mDisplayFrozen=false callers=com.android.server.wm.Session.remove:16 android.view.ViewRootImpl.dispatchDetachedFromWindow:7603 android.view.ViewRootImpl.doDie:11949 android.view.ViewRootImpl.die:11923 android.view.WindowManagerGlobal.removeViewLocked:695 android.view.WindowManagerGlobal.removeView:626 
10-02 22:57:27.695  1591  2015 I WindowManager: Cancelling animation restarting=true, leash=Surface(name=Surface(name=418ce01 Waiting For Debugger: com.sameerasw.airsync)/@0xaf1983a - animation-leash of window_animation)/@0xf3a6a48
10-02 22:57:27.695  1591  2015 I WindowManager: Reparenting to original parent: Surface(name=WindowToken{c14d7e8 type=2003 android.view.ViewRootImpl$W@98acd0b})/@0xc1baceb, destroy=false, syncState=0, syncCommitDepth=0, surface=Surface(name=418ce01 Waiting For Debugger: com.sameerasw.airsync)/@0xaf1983a
10-02 22:57:27.696  1591  2015 I WindowManager: Reparenting to leash, surface=Surface(name=418ce01 Waiting For Debugger: com.sameerasw.airsync)/@0xaf1983a, syncState=0, syncCommitDepth=0, leashParent=Surface(name=WindowToken{c14d7e8 type=2003 android.view.ViewRootImpl$W@98acd0b})/@0xc1baceb
10-02 22:57:27.696  1399  1555 I SurfaceFlinger: id=55016 createSurf, flag=24000, Surface(name=418ce01 Waiting For Debugger: com.sameerasw.airsync)/@0xaf1983a - animation-leash of window_animation#55016
10-02 22:57:27.696  1591  2015 D WindowManager: makeSurface duration=0 leash=Surface(name=Surface(name=418ce01 Waiting For Debugger: com.sameerasw.airsync)/@0xaf1983a - animation-leash of window_animation)/@0xc0083ea
10-02 22:57:27.697  1591  2015 D WindowManager: Changing focus from Window{418ce01 u0 Waiting For Debugger: com.sameerasw.airsync EXITING} to null displayId=0 Callers=com.android.server.wm.WindowState.removeIfPossible:600 com.android.server.wm.Session.remove:16 android.view.ViewRootImpl.dispatchDetachedFromWindow:7603 android.view.ViewRootImpl.doDie:11949 
10-02 22:57:27.698  1591  2015 D InsetsSourceProvider: updateControlForTarget: control=InsetsSourceControl: {56a20001 mType=navigationBars initiallyVisible mSurfacePosition=Point(0, 2199) mInsetsHint=Insets{left=0, top=0, right=0, bottom=44}}, target=Window{d8acf4d u0 Splash Screen com.sameerasw.airsync}, from=com.android.server.wm.InsetsStateController.onControlTargetChanged:81 com.android.server.wm.InsetsPolicy.updateBarControlTarget:188 com.android.server.wm.DisplayPolicy.updateSystemBarAttributes:281 com.android.server.wm.WindowManagerService.updateFocusedWindowLocked:375 com.android.server.wm.WindowState.removeIfPossible:600 
10-02 22:57:27.699  1591  2015 D InsetsSourceProvider: updateControlForTarget: control=InsetsSourceControl: {4cc20000 mType=statusBars initiallyVisible mSurfacePosition=Point(0, 0) mInsetsHint=Insets{left=0, top=99, right=0, bottom=0}}, target=Window{d8acf4d u0 Splash Screen com.sameerasw.airsync}, from=com.android.server.wm.InsetsStateController.onControlTargetChanged:81 com.android.server.wm.InsetsPolicy.updateBarControlTarget:175 com.android.server.wm.DisplayPolicy.updateSystemBarAttributes:281 com.android.server.wm.WindowManagerService.updateFocusedWindowLocked:375 com.android.server.wm.WindowState.removeIfPossible:600 
10-02 22:57:27.699  1591  2015 D WindowManager: updateSystemBarAttributes: displayId=0, focusedCanBeNavColorWin=false, win=Window{d8acf4d u0 Splash Screen com.sameerasw.airsync}, navColorWin=Window{418ce01 u0 Waiting For Debugger: com.sameerasw.airsync EXITING}, caller=com.android.server.wm.WindowManagerService.updateFocusedWindowLocked:375 com.android.server.wm.WindowState.removeIfPossible:600 com.android.server.wm.Session.remove:16 
10-02 22:57:27.699  1591  3080 D InputDispatcher: Focus left window (0): 418ce01 Waiting For Debugger: com.sameerasw.airsync
10-02 22:57:27.699  1399  1399 I SurfaceFlinger: [Surface(name=418ce01 Waiting For Debugger: com.sameerasw.airsync)/@0xaf1983a - animation-leash of window_animation#55016] attach to parent LayerHierarchy{RequestedLayerState{WindowToken{c14d7e8 type=2003 android.view.ViewRootImpl$W@98acd0b}#55009 parentId=14} 2 children}
10-02 22:57:27.702  2938  3033 I InsetsSourceConsumer: applyRequestedVisibilityToControl: visible=true, type=navigationBars, host=Splash Screen com.sameerasw.airsync
10-02 22:57:27.702  2938  3033 I InsetsSourceConsumer: applyRequestedVisibilityToControl: visible=true, type=statusBars, host=Splash Screen com.sameerasw.airsync
10-02 22:57:27.707  1399  1399 I SurfaceFlinger: [LayerHierarchy{RequestedLayerState{418ce01 Waiting For Debugger: com.sameerasw.airsync#55010 parentId=55016} 2 children}] reparent to LayerHierarchy{RequestedLayerState{Surface(name=418ce01 Waiting For Debugger: com.sameerasw.airsync)/@0xaf1983a - animation-leash of window_animation#55016 parentId=55009} 1 children}
10-02 22:57:27.707  1399  1399 I SurfaceFlinger: [LayerHierarchy{RequestedLayerState{Surface(name=418ce01 Waiting For Debugger: com.sameerasw.airsync)/@0xaf1983a - animation-leash of window_animation#55014} no children}] reparent to OffscreenRoot
10-02 22:57:27.707  1399  1399 I SurfaceFlinger: [LayerHierarchy{RequestedLayerState{Surface(name=418ce01 Waiting For Debugger: com.sameerasw.airsync)/@0xaf1983a - animation-leash of window_animation#55014} no children}] RelativeParent to null
10-02 22:57:27.709  1399  1399 I SurfaceFlinger: id=55014 Removed Surface(name=418ce01 Waiting For Debugger: com.sameerasw.airsync)/@0xaf1983a - animation-leash of window_animation#55014 (210)
10-02 22:57:27.716  1399  1399 I SurfaceFlinger: destroyed Surface(name=418ce01 Waiting For Debugger: com.sameerasw.airsync)/@0xaf1983a - animation-leash of window_animation#55014
10-02 22:57:27.718  1399  1399 I Layer   : id=55014 Destroyed Surface(name=418ce01 Waiting For Debugger: com.sameerasw.airsync)/@0xaf1983a - animation-leash of window_animation#55014
10-02 22:57:27.736  1591  3080 D SGM:FgCheckThread: notifyAppCreated(), packageName: com.sameerasw.airsync, userId: 0, sendRet: true
10-02 22:57:27.736  1591  2643 D SGM:FgCheckThread: onLooperPrepared(), msg: MSG_APP_CREATE, pkgName: com.sameerasw.airsync, userId: 0
10-02 22:57:27.737  1591  3080 D SGM:FgCheckThread:   sendRunningComponentFocus(), pkgName: com.sameerasw.airsync, userId: 0
10-02 22:57:27.737  1591  2643 D SGM:FgCheckThread: onLooperPrepared(), msg: MSG_TASK_FOCUSED, pkgName: com.sameerasw.airsync, userId: 0
10-02 22:57:27.737  1591  3080 D InputDispatcher: Focused application(0): ActivityRecord{561ffa1 u0 com.sameerasw.airsync/.MainActivity t2070}
10-02 22:57:27.737  1591  2643 D SGM:FgCheckThread:   handleTaskFocused(), pkgName: com.sameerasw.airsync, userID:0
10-02 22:57:27.737  1591  2643 D SGM:FgCheckThread:   handleResume(). pkgName: com.sameerasw.airsync, userId: 0, category: non-game
10-02 22:57:27.737  1591  2643 D SGM:FgCheckThread: notifyFocusInOut(). of pkg: com.sameerasw.airsync, type: 4, isSecGameFamily: false, userId: 0
10-02 22:57:27.737  1591  3080 D ActivityTaskManager: scheduleTopResumedActivityChanged, onTop=true, r=ActivityRecord{561ffa1 u0 com.sameerasw.airsync/.MainActivity t2070}, caller=com.android.server.wm.ActivityTaskSupervisor.updateTopResumedActivityIfNeeded:62 com.android.server.wm.TaskFragment.setResumedActivity:29 com.android.server.wm.ActivityRecord.setState:104 com.android.server.wm.ActivityTaskSupervisor.realStartActivityLocked:949 com.android.server.wm.RootWindowContainer.attachApplication:90 com.android.server.wm.ActivityTaskManagerService$LocalService.attachApplication:40 
10-02 22:57:27.739  2938  2938 I {OngoingActivityDataHelper}: setBaseActivityComponentName:ComponentInfo{com.sameerasw.airsync/com.sameerasw.airsync.MainActivity}
10-02 22:57:27.740  1591  4294 D GraphicsStatsService: requestRenderEngineFor(com.sameerasw.airsync)
10-02 22:57:27.740 12801 12801 D ActivityThread: com.sameerasw.airsync will use render engine as VK
10-02 22:57:27.751  1591  2017 D SGM:FgCheckThread: noteResumeComponent(), received pkgName: com.sameerasw.airsync, userId: 0
10-02 22:57:27.751  5578 21259 I SDHMS:l : handleResumeComponent : put = com.sameerasw.airsync, userid = 0 instanceid =45533575
10-02 22:57:27.751  1591  2643 D SGM:FgCheckThread: onLooperPrepared(), msg: MSG_APP_RESUME, pkgName: com.sameerasw.airsync, userid: 0
10-02 22:57:27.752  1591  2643 D SGM:FgCheckThread:   handleResume(). pkgName: com.sameerasw.airsync, userId: 0, category: non-game
10-02 22:57:27.752  1591  2643 D SGM:FgCheckThread: notifyFocusInOut(). of pkg: com.sameerasw.airsync, type: 4, isSecGameFamily: false, userId: 0
10-02 22:57:27.753  3393  3393 I HoneySpace.EdgePanel.EdgeContainerViewModel: cocktailHostRepository.edgePanelOperation NoteResumeComponent(componentName=ComponentInfo{com.sameerasw.airsync/com.sameerasw.airsync.MainActivity})
10-02 22:57:27.753  3393 10018 I HoneySpace.EdgePanel.ActivityUtils: HomePackage : com.sec.android.app.launcher, resumePackageName : com.sameerasw.airsync
10-02 22:57:27.753  1591  2017 D SGM:GameManager: identifyGamePackage. com.sameerasw.airsync, mCurrentUserId: 0, callerUserId: 0, callingMethodInfo: com.samsung.android.game.SemGameManager.isGamePackage(SemGameManager.java:105)
10-02 22:57:27.753  1591  2017 D SGM:SemGameManager: isGamePackage(), pkgName=com.sameerasw.airsync, ret=false
10-02 22:57:27.754  6843  6952 I Routine@Core[4.8.07.1]: ActivityWatcherListenerImpl: onResumeComponent: componentName - com.sameerasw.airsync, com.sameerasw.airsync.MainActivity, userId: 0
10-02 22:57:27.802 12801 12801 E TransactionExecutor: tId:1589930017     LaunchActivityItem{activityToken=android.os.BinderProxy@39cdc70,intent=Intent { act=android.intent.action.MAIN cat=[android.intent.category.LAUNCHER] flg=0x10000000 cmp=com.sameerasw.airsync/.MainActivity },ident=90308513,info=ActivityInfo{308a4b8 com.sameerasw.airsync.MainActivity},curConfig={1.0 405mcc872mnc [en_US] masculine ldltr sw368dp w368dp h798dp 469dpi nrml long port night finger -keyb/v/h -nav/h winConfig={ mBounds=Rect(0, 0 - 1080, 2340) mAppBounds=Rect(0, 0 - 1080, 2340) mMaxBounds=Rect(0, 0 - 1080, 2340) mDisplayRotation=ROTATION_0 mWindowingMode=fullscreen mActivityType=undefined mAlwaysOnTop=undefined mRotation=ROTATION_0 mStageConfig=undefined mPopOver=off mOverlappingWithCutout=false mCompatSandboxScale=-1.0 mDexTaskDockingState=none mFreeformTaskPinningState=unpinned} s.4010 fontWeightAdjustment=0 ff=0 bf=0 bts=0 cst=1.0 nightDim=0 desktop/d dm/n dc/d ?dcui themeSeq=0},overrideConfig={1.0 405mcc872mnc [en_US] masculine ldltr sw368dp w368dp h798dp 469dpi nrml long port night finger -keyb/v/h -nav/h winConfig={ mBounds=Rect(0, 0 - 1080, 2340) mAppBounds=Rect(0, 0 - 1080, 2340) mMaxBounds=Rect(0, 0 - 1080, 2340) mDisplayRotation=ROTATION_0 mWindowingMode=fullscreen mActivityType=standard mAlwaysOnTop=undefined mRotation=ROTATION_0 mStageConfig=undefined mPopOver=off mOverlappingWithCutout=false mCompatSandboxScale=-1.0 mDexTaskDockingState=none mFreeformTaskPinningState=unpinned} s.2 fontWeightAdjustment=0 ff=0 bf=0 bts=0 cst=1.0 nightDim=0 desktop/d dm/n dc/d ?dcui themeSeq=0},deviceId=0,referrer=com.android.shell,procState=2,state=null,persistentState=null,pendingResults=null,pendingNewIntents=null,sceneTransitionInfo=null,profilerInfo=null,assistToken=android.os.BinderProxy@c073a15,shareableActivityToken=android.os.BinderProxy@404512a,activityWindowInfo=ActivityWindowInfo{isEmbedded=false, taskBounds=Rect(0, 0 - 1080, 2340), taskFragmentBounds=Rect(0, 0 - 1080, 2340)}}
10-02 22:57:27.802 12801 12801 E TransactionExecutor: tId:1589930017     Target activity: com.sameerasw.airsync.MainActivity
10-02 22:57:27.802 12801 12801 D AndroidRuntime: Shutting down VM
10-02 22:57:27.805 12801 12801 E AndroidRuntime: FATAL EXCEPTION: main
10-02 22:57:27.805 12801 12801 E AndroidRuntime: Process: com.sameerasw.airsync, PID: 12801
10-02 22:57:27.805 12801 12801 E AndroidRuntime: java.lang.RuntimeException: Unable to start activity ComponentInfo{com.sameerasw.airsync/com.sameerasw.airsync.MainActivity}: java.lang.SecurityException: com.sameerasw.airsync: One of RECEIVER_EXPORTED or RECEIVER_NOT_EXPORTED should be specified when a receiver isn't being registered exclusively for system broadcasts
10-02 22:57:27.805 12801 12801 E AndroidRuntime:        at android.app.ActivityThread.performLaunchActivity(ActivityThread.java:4454)
10-02 22:57:27.805 12801 12801 E AndroidRuntime:        at android.app.ActivityThread.handleLaunchActivity(ActivityThread.java:4685)
10-02 22:57:27.805 12801 12801 E AndroidRuntime:        at android.app.servertransaction.LaunchActivityItem.execute(LaunchActivityItem.java:112)
10-02 22:57:27.805 12801 12801 E AndroidRuntime:        at android.app.servertransaction.TransactionExecutor.executeNonLifecycleItem(TransactionExecutor.java:174)
10-02 22:57:27.805 12801 12801 E AndroidRuntime:        at android.app.servertransaction.TransactionExecutor.executeTransactionItems(TransactionExecutor.java:109)
10-02 22:57:27.805 12801 12801 E AndroidRuntime:        at android.app.servertransaction.TransactionExecutor.execute(TransactionExecutor.java:81)
10-02 22:57:27.805 12801 12801 E AndroidRuntime:        at android.app.ActivityThread$H.handleMessage(ActivityThread.java:2895)
10-02 22:57:27.805 12801 12801 E AndroidRuntime:        at android.os.Handler.dispatchMessage(Handler.java:107)
10-02 22:57:27.805 12801 12801 E AndroidRuntime:        at android.os.Looper.loopOnce(Looper.java:257)
10-02 22:57:27.805 12801 12801 E AndroidRuntime:        at android.os.Looper.loop(Looper.java:342)
10-02 22:57:27.805 12801 12801 E AndroidRuntime:        at android.app.ActivityThread.main(ActivityThread.java:9634)
10-02 22:57:27.805 12801 12801 E AndroidRuntime:        at java.lang.reflect.Method.invoke(Native Method)
10-02 22:57:27.805 12801 12801 E AndroidRuntime:        at com.android.internal.os.RuntimeInit$MethodAndArgsCaller.run(RuntimeInit.java:619)
10-02 22:57:27.805 12801 12801 E AndroidRuntime:        at com.android.internal.os.ZygoteInit.main(ZygoteInit.java:929)
10-02 22:57:27.805 12801 12801 E AndroidRuntime: Caused by: java.lang.SecurityException: com.sameerasw.airsync: One of RECEIVER_EXPORTED or RECEIVER_NOT_EXPORTED should be specified when a receiver isn't being registered exclusively for system broadcasts
10-02 22:57:27.805 12801 12801 E AndroidRuntime:        at android.os.Parcel.createExceptionOrNull(Parcel.java:3257)
10-02 22:57:27.805 12801 12801 E AndroidRuntime:        at android.os.Parcel.createException(Parcel.java:3241)
10-02 22:57:27.805 12801 12801 E AndroidRuntime:        at android.os.Parcel.readException(Parcel.java:3224)
10-02 22:57:27.805 12801 12801 E AndroidRuntime:        at android.os.Parcel.readException(Parcel.java:3166)
10-02 22:57:27.805 12801 12801 E AndroidRuntime:        at android.app.IActivityManager$Stub$Proxy.registerReceiverWithFeature(IActivityManager.java:6309)
10-02 22:57:27.805 12801 12801 E AndroidRuntime:        at android.app.ContextImpl.registerReceiverInternal(ContextImpl.java:1946)
10-02 22:57:27.805 12801 12801 E AndroidRuntime:        at android.app.ContextImpl.registerReceiver(ContextImpl.java:1886)
10-02 22:57:27.805 12801 12801 E AndroidRuntime:        at android.app.ContextImpl.registerReceiver(ContextImpl.java:1874)
10-02 22:57:27.805 12801 12801 E AndroidRuntime:        at android.content.ContextWrapper.registerReceiver(ContextWrapper.java:774)
10-02 22:57:27.805 12801 12801 E AndroidRuntime:        at com.sameerasw.airsync.MainActivity.onCreate(MainActivity.kt:102)
10-02 22:57:27.805 12801 12801 E AndroidRuntime:        at android.app.Activity.performCreate(Activity.java:9363)
10-02 22:57:27.805 12801 12801 E AndroidRuntime:        at android.app.Activity.performCreate(Activity.java:9332)
10-02 22:57:27.805 12801 12801 E AndroidRuntime:        at android.app.Instrumentation.callActivityOnCreate(Instrumentation.java:1526)
10-02 22:57:27.805 12801 12801 E AndroidRuntime:        at android.app.ActivityThread.performLaunchActivity(ActivityThread.java:4436)
10-02 22:57:27.805 12801 12801 E AndroidRuntime:        ... 13 more
10-02 22:57:27.805 12801 12801 E AndroidRuntime: Caused by: android.os.RemoteException: Remote stack trace:
10-02 22:57:27.805 12801 12801 E AndroidRuntime:        at com.android.server.am.ActivityManagerService.registerReceiverWithFeatureTraced(qb/100770432 44f51658558a8e4b228e949adc37514f03fb4f313848bbfa97604c8e34011651:518)
10-02 22:57:27.805 12801 12801 E AndroidRuntime:        at com.android.server.am.ActivityManagerService.registerReceiverWithFeature(qb/100770432 44f51658558a8e4b228e949adc37514f03fb4f313848bbfa97604c8e34011651:113)
10-02 22:57:27.805 12801 12801 E AndroidRuntime:        at android.app.IActivityManager$Stub.onTransact$registerReceiverWithFeature$(IActivityManager.java:12039)
10-02 22:57:27.805 12801 12801 E AndroidRuntime:        at android.app.IActivityManager$Stub.onTransact(IActivityManager.java:3078)
10-02 22:57:27.805 12801 12801 E AndroidRuntime:        at com.android.server.am.ActivityManagerService.onTransact(qb/100770432 44f51658558a8e4b228e949adc37514f03fb4f313848bbfa97604c8e34011651:466)
10-02 22:57:27.805 12801 12801 E AndroidRuntime: 
10-02 22:57:27.807  1399  1399 E SurfaceFlinger: alpha changed 0.016 -> 0.000 - Surface(name=418ce01 Waiting For Debugger: com.sameerasw.airsync)/@0xaf1983a - animation-leash of window_animation#55016
10-02 22:57:27.811  1591 12840 W ActivityManager: crash : com.sameerasw.airsync,10431
10-02 22:57:27.811  1591  3080 W ActivityTaskManager:   Force finishing activity com.sameerasw.airsync/.MainActivity
10-02 22:57:27.812  1591  3080 D ActivityTaskManager: scheduleTopResumedActivityChanged, onTop=false, r=ActivityRecord{561ffa1 u0 com.sameerasw.airsync/.MainActivity t2070 f}}, caller=com.android.server.wm.ActivityTaskSupervisor.scheduleTopResumedActivityStateLossIfNeeded:11 com.android.server.wm.ActivityTaskSupervisor.updateTopResumedActivityIfNeeded:19 com.android.server.wm.TaskDisplayArea.positionChildAt:270 com.android.server.wm.WindowContainer.positionChildAt:86 com.android.server.wm.Task.positionChildAt:19 com.android.server.wm.Task.moveToFront:443 
10-02 22:57:27.812  1591  3080 V WindowManager: Collecting in transition 3682: Task{e2315c6 #2070 type=standard A=10431:com.sameerasw.airsync}, caller=com.android.server.wm.Transition.collectExistenceChange:42 com.android.server.wm.Transition.collectClose:7 com.android.server.wm.ActivityRecord.finishIfPossible:46 com.android.server.wm.ActivityRecord.finishIfPossible:1 com.android.server.wm.RootWindowContainer$$ExternalSyntheticLambda29.accept:182 
10-02 22:57:27.813  1591  3080 D WindowManager: prepareSync <SYNC_STATE_WAITING_FOR_DRAW>, mPrepareSyncSeqId=0, win=Window{d8acf4d u0 Splash Screen com.sameerasw.airsync}
10-02 22:57:27.813  1591  3080 V WindowManager: Collecting in transition 3682: ActivityRecord{561ffa1 u0 com.sameerasw.airsync/.MainActivity t2070 f}}, caller=com.android.server.wm.TransitionController.collect:7 com.android.server.wm.ActivityRecord.setVisibility:189 com.android.server.wm.ActivityRecord.finishIfPossible:85 com.android.server.wm.ActivityRecord.finishIfPossible:1 com.android.server.wm.RootWindowContainer$$ExternalSyntheticLambda29.accept:182 
10-02 22:57:27.815  1399  1399 D SurfaceFlinger:        DEVICE |   0xb4000073381902d0 | 0001 | RGBA_8888    |    0.0    0.0 1080.0 2340.0 |    0    0 1080 2340 | Splash Screen com.sameerasw.airsync$_2938#55004 (1)
10-02 22:57:27.825  5578  5578 I SDHMS:BarTender:Gatherer:AppError: update AppError : uid=10431, pkg=com.sameerasw.airsync, errorType=crash
10-02 22:57:27.829  1591 15372 D WindowManager: updateSystemBarAttributes: displayId=0, focusedCanBeNavColorWin=false, win=Window{ab6203e u0 com.sec.android.app.launcher/com.sec.android.app.launcher.activities.LauncherActivity}, navColorWin=Window{d8acf4d u0 Splash Screen com.sameerasw.airsync}, caller=com.android.server.wm.WindowManagerService.updateFocusedWindowLocked:375 com.android.server.wm.WindowManagerService.relayoutWindowInner:142 com.android.server.wm.WindowManagerService.relayoutWindow:6 
10-02 22:57:27.833  5578  5578 I SDHMS:BarTender:Analyzer:AppError: analyze app error : uid=10431, pkg=com.sameerasw.airsync, appErrorCount=10
10-02 22:57:27.833  5578  5578 I SDHMS:BarTender:Analyzer:AppError: detected app error : uid=10431, pkg=com.sameerasw.airsync
10-02 22:57:27.866  1591  5558 I ActivityManager: Process com.sameerasw.airsync (pid 12801) has died: fg  TOP (248,1875)
10-02 22:57:27.867  1591  5558 V WindowManager: Collecting in transition 3682: Task{e2315c6 #2070 type=standard A=10431:com.sameerasw.airsync}, caller=com.android.server.wm.Transition.collectClose:12 com.android.server.wm.WindowProcessController.handleAppDied$1:473 com.android.server.am.ActivityManagerService.handleAppDiedLocked:247 com.android.server.am.ActivityManagerService.appDiedLocked:479 com.android.server.am.ActivityManagerService$AppDeathRecipient.binderDied:17 
10-02 22:57:27.867  1591  2017 D SGM:FgCheckThread: getForegroundApp(), foregroundPkgName=com.sameerasw.airsync
10-02 22:57:27.867  1591  5558 V WindowManager: Collecting in transition 3682: ActivityRecord{561ffa1 u0 com.sameerasw.airsync/.MainActivity t2070 f}}, caller=com.android.server.wm.TransitionController.collect:7 com.android.server.wm.ActivityRecord.onRemovedFromDisplay:324 com.android.server.wm.ActivityRecord.removeFromHistory:176 com.android.server.wm.WindowProcessController.handleAppDied$1:514 com.android.server.am.ActivityManagerService.handleAppDiedLocked:247 
10-02 22:57:27.868  1591  2017 D SGM:FgCheckThread: pkgName: com.sameerasw.airsync is not in foreground
10-02 22:57:27.868  6843  6952 I Routine@Core[4.8.07.1]: ActivityWatcherListenerImpl: onStopComponent: componentName - com.sameerasw.airsync, userId: 0
10-02 22:57:27.887  1591  5558 V WindowManager: Start calculating TransitionInfo based on participants: {Task{44661ed #1 type=home}, ActivityRecord{561ffa1 u0 com.sameerasw.airsync/.MainActivity t2070 f} isExiting}, Task{588f44c #1539 type=home I=com.sec.android.app.launcher/.activities.LauncherActivity}, ActivityRecord{6adcc7f u0 com.sec.android.app.launcher/.activities.LauncherActivity t1539}, WallpaperWindowToken{c48d914 token=android.os.Binder@beea767}_<lock>, Task{e2315c6 #2070 type=standard A=10431:com.sameerasw.airsync}}
10-02 22:57:27.887  1591  5558 V WindowManager:   Final targets: [Task{44661ed #1 type=home}, Task{e2315c6 #2070 type=standard A=10431:com.sameerasw.airsync}, WallpaperWindowToken{c48d914 token=android.os.Binder@beea767}_<lock>]
10-02 22:57:27.888  1591  5558 V WindowManager:         {WCT{RemoteToken{a10cb4f Task{e2315c6 #2070 type=standard A=10431:com.sameerasw.airsync}}} m=CLOSE f=NONE leash=Surface(name=Task=2070)/@0x416ea29 sb=Rect(0, 0 - 1080, 2340) eb=Rect(0, 0 - 1080, 2340) d=0 taskParent=-1 inset=Rect(0, 0 - 0, 0) dim=true},
10-02 22:57:27.904  1399  1465 D RenderEngine: [SEC_SF_EFFECTS] drawLayersInternal,1299, Rendering layer Splash Screen com.sameerasw.airsync$_2938#55004 at index 1
10-02 22:57:27.908  1591  2014 V WindowManager:         {WCT{RemoteToken{a10cb4f Task{e2315c6 #2070 type=standard A=10431:com.sameerasw.airsync}}} m=CLOSE f=NONE leash=Surface(name=Task=2070)/@0x416ea29 sb=Rect(0, 0 - 1080, 2340) eb=Rect(0, 0 - 1080, 2340) d=0 taskParent=-1 inset=Rect(0, 0 - 0, 0) dim=true},
10-02 22:57:27.912  5578  5578 I SDHMS:PowerAnomaly:Notifier: anomaly_type : [1008], auto_restriction : [0] package_name : [com.sameerasw.airsync] uid : [10431]
