shantanunautiyal@Shantanus-MacBook-Air airsync-android % adb logcat | grep --line-buffered -E "AndroidRuntime|E/.*(Exception|Fatal)|MainActivity|MirroringManager|WebSocketUtil|WebSocketMessageHandler|airsync"

10-02 22:56:33.137  6862  6862 I VRI[MainActivity]@85b23cb: onDisplayChanged oldDisplayState=3 newDisplayState=4
10-02 22:56:33.196  6862  6862 I VRI[MainActivity]@85b23cb: onDisplayChanged oldDisplayState=4 newDisplayState=4
10-02 22:56:37.788  6862  6862 I VRI[MainActivity]@85b23cb: onDisplayChanged oldDisplayState=4 newDisplayState=3
10-02 22:56:37.802  6862  6862 I VRI[MainActivity]@85b23cb: onDisplayChanged oldDisplayState=3 newDisplayState=3
10-02 22:56:38.006  1591  2645 D MediaSessionService: Checking whether the package com.sameerasw.airsync has an enabled notification listener.
10-02 22:56:38.011   790   790 D io_stats: !@ Read_top(KB): meerasw.airsync(9781) 192 loop46(3959) 8
10-02 22:56:43.143  6862  6862 I VRI[MainActivity]@85b23cb: onDisplayChanged oldDisplayState=3 newDisplayState=3
10-02 22:56:43.287  6862  6862 I VRI[MainActivity]@85b23cb: onDisplayChanged oldDisplayState=3 newDisplayState=4
10-02 22:56:43.709  6862  6862 I VRI[MainActivity]@85b23cb: onDisplayChanged oldDisplayState=4 newDisplayState=2
10-02 22:56:43.738  6862  6862 I SurfaceView@23f0ddb: releaseSurfaces: viewRoot = VRI[MainActivity]@85b23cb
10-02 22:56:43.738  6862  6862 D VRI[MainActivity]@85b23cb: applyTransactionOnDraw applyImmediately
10-02 22:56:43.888  2938  3045 D Tile.CustomTile: handleSetListening  true  initialized=true  isTileReady=true  getTileSpec() = custom(com.sameerasw.airsync/.service.AirSyncTileService)
10-02 22:56:43.888  2938  3045 D TileLifecycleManager: onStartListening ComponentInfo{com.sameerasw.airsync/com.sameerasw.airsync.service.AirSyncTileService}
10-02 22:56:44.108  1591  2765 D MARs:OngoingNotiPackageFilter: filter(NotiListener) : com.sameerasw.airsync(0)
10-02 22:56:48.052  1591 15372 D MediaSessionService: Checking whether the package com.sameerasw.airsync has an enabled notification listener.
10-02 22:56:48.893  2938  3045 D TileLifecycleManager: Binding service Intent { act=android.service.quicksettings.action.QS_TILE cmp=com.sameerasw.airsync/.service.AirSyncTileService (has extras) } UserHandle{0}
10-02 22:56:48.913  2938  2938 D TileLifecycleManager: onServiceConnected ComponentInfo{com.sameerasw.airsync/com.sameerasw.airsync.service.AirSyncTileService}
10-02 22:56:48.913  2938  2938 D TileLifecycleManager: stopPackageListening ComponentInfo{com.sameerasw.airsync/com.sameerasw.airsync.service.AirSyncTileService}
10-02 22:56:48.913  2938  2938 D TileLifecycleManager: Handling pending onStartListening ComponentInfo{com.sameerasw.airsync/com.sameerasw.airsync.service.AirSyncTileService}
10-02 22:56:48.913  2938  2938 D TileLifecycleManager: onStartListening ComponentInfo{com.sameerasw.airsync/com.sameerasw.airsync.service.AirSyncTileService}
10-02 22:56:48.929  2938  3045 D Tile.CustomTile: isSecCustomTile : mComponent =ComponentInfo{com.sameerasw.airsync/com.sameerasw.airsync.service.AirSyncTileService}
10-02 22:56:48.930  2938  3045 D Tile.CustomTile: updateState : Label = Reconnect, State = 1, Icon = Icon(typ=RESOURCE pkg=com.sameerasw.airsync id=0x7f08009b)
10-02 22:56:48.932  2938  3045 D Tile.CustomTile: isSecCustomTile : mComponent =ComponentInfo{com.sameerasw.airsync/com.sameerasw.airsync.service.AirSyncTileService}
10-02 22:56:48.932  2938  3045 D Tile.CustomTile: updateState : Label = Reconnect, State = 1, Icon = Icon(typ=RESOURCE pkg=com.sameerasw.airsync id=0x7f08009b)
10-02 22:56:48.933  2938  3045 D Tile.CustomTile: isSecCustomTile : mComponent =ComponentInfo{com.sameerasw.airsync/com.sameerasw.airsync.service.AirSyncTileService}
10-02 22:56:48.933  2938  3045 D Tile.CustomTile: updateState : Label = Reconnect, State = 1, Icon = Icon(typ=RESOURCE pkg=com.sameerasw.airsync id=0x7f08009b)
10-02 22:56:49.556  2938  3045 D Tile.CustomTile: isSecCustomTile : mComponent =ComponentInfo{com.sameerasw.airsync/com.sameerasw.airsync.service.AirSyncTileService}
10-02 22:56:49.556  2938  3045 D Tile.CustomTile: updateState : Label = Reconnect, State = 1, Icon = Icon(typ=RESOURCE pkg=com.sameerasw.airsync id=0x7f08009b)
10-02 22:56:50.177  2938  3045 D Tile.CustomTile: isSecCustomTile : mComponent =ComponentInfo{com.sameerasw.airsync/com.sameerasw.airsync.service.AirSyncTileService}
10-02 22:56:50.177  2938  3045 D Tile.CustomTile: updateState : Label = Reconnect, State = 1, Icon = Icon(typ=RESOURCE pkg=com.sameerasw.airsync id=0x7f08009b)
10-02 22:56:50.790  2938  3045 D Tile.CustomTile: isSecCustomTile : mComponent =ComponentInfo{com.sameerasw.airsync/com.sameerasw.airsync.service.AirSyncTileService}
10-02 22:56:50.790  2938  3045 D Tile.CustomTile: updateState : Label = Reconnect, State = 1, Icon = Icon(typ=RESOURCE pkg=com.sameerasw.airsync id=0x7f08009b)
10-02 22:56:51.408  2938  3045 D Tile.CustomTile: isSecCustomTile : mComponent =ComponentInfo{com.sameerasw.airsync/com.sameerasw.airsync.service.AirSyncTileService}
10-02 22:56:51.408  2938  3045 D Tile.CustomTile: updateState : Label = Reconnect, State = 1, Icon = Icon(typ=RESOURCE pkg=com.sameerasw.airsync id=0x7f08009b)
10-02 22:56:52.028  2938  3045 D Tile.CustomTile: isSecCustomTile : mComponent =ComponentInfo{com.sameerasw.airsync/com.sameerasw.airsync.service.AirSyncTileService}
10-02 22:56:52.028  2938  3045 D Tile.CustomTile: updateState : Label = Reconnect, State = 1, Icon = Icon(typ=RESOURCE pkg=com.sameerasw.airsync id=0x7f08009b)
10-02 22:56:52.646  2938  3045 D Tile.CustomTile: isSecCustomTile : mComponent =ComponentInfo{com.sameerasw.airsync/com.sameerasw.airsync.service.AirSyncTileService}
10-02 22:56:52.647  2938  3045 D Tile.CustomTile: updateState : Label = Reconnect, State = 1, Icon = Icon(typ=RESOURCE pkg=com.sameerasw.airsync id=0x7f08009b)
10-02 22:56:53.266  2938  3045 D Tile.CustomTile: isSecCustomTile : mComponent =ComponentInfo{com.sameerasw.airsync/com.sameerasw.airsync.service.AirSyncTileService}
10-02 22:56:53.266  2938  3045 D Tile.CustomTile: updateState : Label = Reconnect, State = 1, Icon = Icon(typ=RESOURCE pkg=com.sameerasw.airsync id=0x7f08009b)
10-02 22:56:53.887  2938  3045 D Tile.CustomTile: isSecCustomTile : mComponent =ComponentInfo{com.sameerasw.airsync/com.sameerasw.airsync.service.AirSyncTileService}
10-02 22:56:53.888  2938  3045 D Tile.CustomTile: updateState : Label = Reconnect, State = 1, Icon = Icon(typ=RESOURCE pkg=com.sameerasw.airsync id=0x7f08009b)
10-02 22:56:53.897  2938  3045 D TileLifecycleManager: Unbinding service Intent { act=android.service.quicksettings.action.QS_TILE cmp=com.sameerasw.airsync/.service.AirSyncTileService (has extras) } UserHandle{0}
10-02 22:56:54.029   790   790 D io_stats: !@ Read_top(KB): .gms.persistent(12147) 272 meerasw.airsync(9781) 116 system_server(1591) 60
10-02 22:56:58.091  1591  3049 D MediaSessionService: Checking whether the package com.sameerasw.airsync has an enabled notification listener.
10-02 22:56:58.864  2938  3045 D TileLifecycleManager: Binding service Intent { act=android.service.quicksettings.action.QS_TILE cmp=com.sameerasw.airsync/.service.AirSyncTileService (has extras) } UserHandle{0}
10-02 22:56:58.887  2938  2938 D TileLifecycleManager: onServiceConnected ComponentInfo{com.sameerasw.airsync/com.sameerasw.airsync.service.AirSyncTileService}
10-02 22:56:58.887  2938  2938 D TileLifecycleManager: stopPackageListening ComponentInfo{com.sameerasw.airsync/com.sameerasw.airsync.service.AirSyncTileService}
10-02 22:56:58.887  2938  2938 D TileLifecycleManager: Handling pending onStartListening ComponentInfo{com.sameerasw.airsync/com.sameerasw.airsync.service.AirSyncTileService}
10-02 22:56:58.887  2938  2938 D TileLifecycleManager: onStartListening ComponentInfo{com.sameerasw.airsync/com.sameerasw.airsync.service.AirSyncTileService}
10-02 22:56:58.912  2938  3045 D Tile.CustomTile: isSecCustomTile : mComponent =ComponentInfo{com.sameerasw.airsync/com.sameerasw.airsync.service.AirSyncTileService}
10-02 22:56:58.912  2938  3045 D Tile.CustomTile: updateState : Label = Reconnect, State = 1, Icon = Icon(typ=RESOURCE pkg=com.sameerasw.airsync id=0x7f08009b)
10-02 22:56:58.913  2938  3045 D Tile.CustomTile: isSecCustomTile : mComponent =ComponentInfo{com.sameerasw.airsync/com.sameerasw.airsync.service.AirSyncTileService}
10-02 22:56:58.913  2938  3045 D Tile.CustomTile: updateState : Label = Reconnect, State = 1, Icon = Icon(typ=RESOURCE pkg=com.sameerasw.airsync id=0x7f08009b)
10-02 22:56:58.913  2938  3045 D Tile.CustomTile: isSecCustomTile : mComponent =ComponentInfo{com.sameerasw.airsync/com.sameerasw.airsync.service.AirSyncTileService}
10-02 22:56:58.913  2938  3045 D Tile.CustomTile: updateState : Label = Reconnect, State = 1, Icon = Icon(typ=RESOURCE pkg=com.sameerasw.airsync id=0x7f08009b)
10-02 22:56:59.518  2938  3045 D Tile.CustomTile: isSecCustomTile : mComponent =ComponentInfo{com.sameerasw.airsync/com.sameerasw.airsync.service.AirSyncTileService}
10-02 22:56:59.518  2938  3045 D Tile.CustomTile: updateState : Label = Reconnect, State = 1, Icon = Icon(typ=RESOURCE pkg=com.sameerasw.airsync id=0x7f08009b)
10-02 22:57:00.139  2938  3045 D Tile.CustomTile: isSecCustomTile : mComponent =ComponentInfo{com.sameerasw.airsync/com.sameerasw.airsync.service.AirSyncTileService}
10-02 22:57:00.140  2938  3045 D Tile.CustomTile: updateState : Label = Reconnect, State = 1, Icon = Icon(typ=RESOURCE pkg=com.sameerasw.airsync id=0x7f08009b)
10-02 22:57:00.761  2938  3045 D Tile.CustomTile: isSecCustomTile : mComponent =ComponentInfo{com.sameerasw.airsync/com.sameerasw.airsync.service.AirSyncTileService}
10-02 22:57:00.761  2938  3045 D Tile.CustomTile: updateState : Label = Reconnect, State = 1, Icon = Icon(typ=RESOURCE pkg=com.sameerasw.airsync id=0x7f08009b)
10-02 22:57:01.374  2938  3045 D Tile.CustomTile: isSecCustomTile : mComponent =ComponentInfo{com.sameerasw.airsync/com.sameerasw.airsync.service.AirSyncTileService}
10-02 22:57:01.374  2938  3045 D Tile.CustomTile: updateState : Label = Reconnect, State = 1, Icon = Icon(typ=RESOURCE pkg=com.sameerasw.airsync id=0x7f08009b)
10-02 22:57:01.993  2938  3045 D Tile.CustomTile: isSecCustomTile : mComponent =ComponentInfo{com.sameerasw.airsync/com.sameerasw.airsync.service.AirSyncTileService}
10-02 22:57:01.993  2938  3045 D Tile.CustomTile: updateState : Label = Reconnect, State = 1, Icon = Icon(typ=RESOURCE pkg=com.sameerasw.airsync id=0x7f08009b)
10-02 22:57:02.607  2938  3045 D Tile.CustomTile: isSecCustomTile : mComponent =ComponentInfo{com.sameerasw.airsync/com.sameerasw.airsync.service.AirSyncTileService}
10-02 22:57:02.607  2938  3045 D Tile.CustomTile: updateState : Label = Reconnect, State = 1, Icon = Icon(typ=RESOURCE pkg=com.sameerasw.airsync id=0x7f08009b)
10-02 22:57:03.228  2938  3045 D Tile.CustomTile: isSecCustomTile : mComponent =ComponentInfo{com.sameerasw.airsync/com.sameerasw.airsync.service.AirSyncTileService}
10-02 22:57:03.228  2938  3045 D Tile.CustomTile: updateState : Label = Reconnect, State = 1, Icon = Icon(typ=RESOURCE pkg=com.sameerasw.airsync id=0x7f08009b)
10-02 22:57:03.850  2938  3045 D Tile.CustomTile: isSecCustomTile : mComponent =ComponentInfo{com.sameerasw.airsync/com.sameerasw.airsync.service.AirSyncTileService}
10-02 22:57:03.850  2938  3045 D Tile.CustomTile: updateState : Label = Reconnect, State = 1, Icon = Icon(typ=RESOURCE pkg=com.sameerasw.airsync id=0x7f08009b)
10-02 22:57:03.876  2938  3045 D TileLifecycleManager: Unbinding service Intent { act=android.service.quicksettings.action.QS_TILE cmp=com.sameerasw.airsync/.service.AirSyncTileService (has extras) } UserHandle{0}
10-02 22:57:08.866  2938  3045 D TileLifecycleManager: Binding service Intent { act=android.service.quicksettings.action.QS_TILE cmp=com.sameerasw.airsync/.service.AirSyncTileService (has extras) } UserHandle{0}
10-02 22:57:08.887  2938  2938 D TileLifecycleManager: onServiceConnected ComponentInfo{com.sameerasw.airsync/com.sameerasw.airsync.service.AirSyncTileService}
10-02 22:57:08.887  2938  2938 D TileLifecycleManager: stopPackageListening ComponentInfo{com.sameerasw.airsync/com.sameerasw.airsync.service.AirSyncTileService}
10-02 22:57:08.887  2938  2938 D TileLifecycleManager: Handling pending onStartListening ComponentInfo{com.sameerasw.airsync/com.sameerasw.airsync.service.AirSyncTileService}
10-02 22:57:08.887  2938  2938 D TileLifecycleManager: onStartListening ComponentInfo{com.sameerasw.airsync/com.sameerasw.airsync.service.AirSyncTileService}
10-02 22:57:08.907  2938  3045 D Tile.CustomTile: isSecCustomTile : mComponent =ComponentInfo{com.sameerasw.airsync/com.sameerasw.airsync.service.AirSyncTileService}
10-02 22:57:08.907  2938  3045 D Tile.CustomTile: updateState : Label = Reconnect, State = 1, Icon = Icon(typ=RESOURCE pkg=com.sameerasw.airsync id=0x7f08009b)
10-02 22:57:08.908  2938  3045 D Tile.CustomTile: isSecCustomTile : mComponent =ComponentInfo{com.sameerasw.airsync/com.sameerasw.airsync.service.AirSyncTileService}
10-02 22:57:08.908  2938  3045 D Tile.CustomTile: updateState : Label = Reconnect, State = 1, Icon = Icon(typ=RESOURCE pkg=com.sameerasw.airsync id=0x7f08009b)
10-02 22:57:08.911  2938  3045 D Tile.CustomTile: isSecCustomTile : mComponent =ComponentInfo{com.sameerasw.airsync/com.sameerasw.airsync.service.AirSyncTileService}
10-02 22:57:08.911  2938  3045 D Tile.CustomTile: updateState : Label = Reconnect, State = 1, Icon = Icon(typ=RESOURCE pkg=com.sameerasw.airsync id=0x7f08009b)
10-02 22:57:08.988  1591  3049 D MediaSessionService: Checking whether the package com.sameerasw.airsync has an enabled notification listener.
10-02 22:57:08.992  1591  2907 D MediaSessionService: Checking whether the package com.sameerasw.airsync has an enabled notification listener.
10-02 22:57:08.993  1591  2907 D MediaSessionService: Checking whether the package com.sameerasw.airsync has an enabled notification listener.
10-02 22:57:09.530  2938  3045 D Tile.CustomTile: isSecCustomTile : mComponent =ComponentInfo{com.sameerasw.airsync/com.sameerasw.airsync.service.AirSyncTileService}
10-02 22:57:09.530  2938  3045 D Tile.CustomTile: updateState : Label = Reconnect, State = 1, Icon = Icon(typ=RESOURCE pkg=com.sameerasw.airsync id=0x7f08009b)
10-02 22:57:10.038   790   790 D io_stats: !@ Read_top(KB): meerasw.airsync(9781) 1296 ppmanager:pnsvc(1848) 992 com.truecaller(29936) 688
10-02 22:57:10.151  2938  3045 D Tile.CustomTile: isSecCustomTile : mComponent =ComponentInfo{com.sameerasw.airsync/com.sameerasw.airsync.service.AirSyncTileService}
10-02 22:57:10.151  2938  3045 D Tile.CustomTile: updateState : Label = Reconnect, State = 1, Icon = Icon(typ=RESOURCE pkg=com.sameerasw.airsync id=0x7f08009b)
10-02 22:57:10.764  2938  3045 D Tile.CustomTile: isSecCustomTile : mComponent =ComponentInfo{com.sameerasw.airsync/com.sameerasw.airsync.service.AirSyncTileService}
10-02 22:57:10.765  2938  3045 D Tile.CustomTile: updateState : Label = Reconnect, State = 1, Icon = Icon(typ=RESOURCE pkg=com.sameerasw.airsync id=0x7f08009b)
10-02 22:57:11.385  2938  3045 D Tile.CustomTile: isSecCustomTile : mComponent =ComponentInfo{com.sameerasw.airsync/com.sameerasw.airsync.service.AirSyncTileService}
10-02 22:57:11.385  2938  3045 D Tile.CustomTile: updateState : Label = Reconnect, State = 1, Icon = Icon(typ=RESOURCE pkg=com.sameerasw.airsync id=0x7f08009b)
10-02 22:57:12.006  2938  3045 D Tile.CustomTile: isSecCustomTile : mComponent =ComponentInfo{com.sameerasw.airsync/com.sameerasw.airsync.service.AirSyncTileService}
10-02 22:57:12.006  2938  3045 D Tile.CustomTile: updateState : Label = Reconnect, State = 1, Icon = Icon(typ=RESOURCE pkg=com.sameerasw.airsync id=0x7f08009b)
10-02 22:57:12.624  2938  3045 D Tile.CustomTile: isSecCustomTile : mComponent =ComponentInfo{com.sameerasw.airsync/com.sameerasw.airsync.service.AirSyncTileService}
10-02 22:57:12.625  2938  3045 D Tile.CustomTile: updateState : Label = Reconnect, State = 1, Icon = Icon(typ=RESOURCE pkg=com.sameerasw.airsync id=0x7f08009b)
10-02 22:57:13.242  2938  3045 D Tile.CustomTile: isSecCustomTile : mComponent =ComponentInfo{com.sameerasw.airsync/com.sameerasw.airsync.service.AirSyncTileService}
10-02 22:57:13.242  2938  3045 D Tile.CustomTile: updateState : Label = Reconnect, State = 1, Icon = Icon(typ=RESOURCE pkg=com.sameerasw.airsync id=0x7f08009b)
10-02 22:57:13.861  2938  3045 D Tile.CustomTile: isSecCustomTile : mComponent =ComponentInfo{com.sameerasw.airsync/com.sameerasw.airsync.service.AirSyncTileService}
10-02 22:57:13.861  2938  3045 D Tile.CustomTile: updateState : Label = Reconnect, State = 1, Icon = Icon(typ=RESOURCE pkg=com.sameerasw.airsync id=0x7f08009b)
10-02 22:57:13.876  2938  3045 D TileLifecycleManager: Unbinding service Intent { act=android.service.quicksettings.action.QS_TILE cmp=com.sameerasw.airsync/.service.AirSyncTileService (has extras) } UserHandle{0}
10-02 22:57:14.840  1591 15372 D MediaSessionService: Checking whether the package com.sameerasw.airsync has an enabled notification listener.
10-02 22:57:14.841  1591 15372 D MediaSessionService: Checking whether the package com.sameerasw.airsync has an enabled notification listener.
10-02 22:57:14.841  1591 15372 D MediaSessionService: Checking whether the package com.sameerasw.airsync has an enabled notification listener.
10-02 22:57:18.897  2938  3045 D TileLifecycleManager: Binding service Intent { act=android.service.quicksettings.action.QS_TILE cmp=com.sameerasw.airsync/.service.AirSyncTileService (has extras) } UserHandle{0}
10-02 22:57:18.911  2938  2938 D TileLifecycleManager: onServiceConnected ComponentInfo{com.sameerasw.airsync/com.sameerasw.airsync.service.AirSyncTileService}
10-02 22:57:18.911  2938  2938 D TileLifecycleManager: stopPackageListening ComponentInfo{com.sameerasw.airsync/com.sameerasw.airsync.service.AirSyncTileService}
10-02 22:57:18.911  2938  2938 D TileLifecycleManager: Handling pending onStartListening ComponentInfo{com.sameerasw.airsync/com.sameerasw.airsync.service.AirSyncTileService}
10-02 22:57:18.911  2938  2938 D TileLifecycleManager: onStartListening ComponentInfo{com.sameerasw.airsync/com.sameerasw.airsync.service.AirSyncTileService}
10-02 22:57:18.928  2938  3045 D Tile.CustomTile: isSecCustomTile : mComponent =ComponentInfo{com.sameerasw.airsync/com.sameerasw.airsync.service.AirSyncTileService}
10-02 22:57:18.929  2938  3045 D Tile.CustomTile: updateState : Label = Reconnect, State = 1, Icon = Icon(typ=RESOURCE pkg=com.sameerasw.airsync id=0x7f08009b)
10-02 22:57:18.930  2938  3045 D Tile.CustomTile: isSecCustomTile : mComponent =ComponentInfo{com.sameerasw.airsync/com.sameerasw.airsync.service.AirSyncTileService}
10-02 22:57:18.930  2938  3045 D Tile.CustomTile: updateState : Label = Reconnect, State = 1, Icon = Icon(typ=RESOURCE pkg=com.sameerasw.airsync id=0x7f08009b)
10-02 22:57:18.932  2938  3045 D Tile.CustomTile: isSecCustomTile : mComponent =ComponentInfo{com.sameerasw.airsync/com.sameerasw.airsync.service.AirSyncTileService}
10-02 22:57:18.932  2938  3045 D Tile.CustomTile: updateState : Label = Reconnect, State = 1, Icon = Icon(typ=RESOURCE pkg=com.sameerasw.airsync id=0x7f08009b)
10-02 22:57:19.552  2938  3045 D Tile.CustomTile: isSecCustomTile : mComponent =ComponentInfo{com.sameerasw.airsync/com.sameerasw.airsync.service.AirSyncTileService}
10-02 22:57:19.552  2938  3045 D Tile.CustomTile: updateState : Label = Reconnect, State = 1, Icon = Icon(typ=RESOURCE pkg=com.sameerasw.airsync id=0x7f08009b)
10-02 22:57:20.167  2938  3045 D Tile.CustomTile: isSecCustomTile : mComponent =ComponentInfo{com.sameerasw.airsync/com.sameerasw.airsync.service.AirSyncTileService}
10-02 22:57:20.168  2938  3045 D Tile.CustomTile: updateState : Label = Reconnect, State = 1, Icon = Icon(typ=RESOURCE pkg=com.sameerasw.airsync id=0x7f08009b)
10-02 22:57:20.787  2938  3045 D Tile.CustomTile: isSecCustomTile : mComponent =ComponentInfo{com.sameerasw.airsync/com.sameerasw.airsync.service.AirSyncTileService}
10-02 22:57:20.787  2938  3045 D Tile.CustomTile: updateState : Label = Reconnect, State = 1, Icon = Icon(typ=RESOURCE pkg=com.sameerasw.airsync id=0x7f08009b)
10-02 22:57:21.407  2938  3045 D Tile.CustomTile: isSecCustomTile : mComponent =ComponentInfo{com.sameerasw.airsync/com.sameerasw.airsync.service.AirSyncTileService}
10-02 22:57:21.408  2938  3045 D Tile.CustomTile: updateState : Label = Reconnect, State = 1, Icon = Icon(typ=RESOURCE pkg=com.sameerasw.airsync id=0x7f08009b)
10-02 22:57:22.021  2938  3045 D Tile.CustomTile: isSecCustomTile : mComponent =ComponentInfo{com.sameerasw.airsync/com.sameerasw.airsync.service.AirSyncTileService}
10-02 22:57:22.022  2938  3045 D Tile.CustomTile: updateState : Label = Reconnect, State = 1, Icon = Icon(typ=RESOURCE pkg=com.sameerasw.airsync id=0x7f08009b)
10-02 22:57:22.628  2938  3045 D Tile.CustomTile: isSecCustomTile : mComponent =ComponentInfo{com.sameerasw.airsync/com.sameerasw.airsync.service.AirSyncTileService}
10-02 22:57:22.629  2938  3045 D Tile.CustomTile: updateState : Label = Reconnect, State = 1, Icon = Icon(typ=RESOURCE pkg=com.sameerasw.airsync id=0x7f08009b)
10-02 22:57:22.656  1591  6266 D MediaSessionService: Checking whether the package com.sameerasw.airsync has an enabled notification listener.
10-02 22:57:22.721  1591 15238 D MediaSessionService: Checking whether the package com.sameerasw.airsync has an enabled notification listener.
10-02 22:57:22.819  1591 13770 D MediaSessionService: Checking whether the package com.sameerasw.airsync has an enabled notification listener.
10-02 22:57:23.244  2938  3045 D Tile.CustomTile: isSecCustomTile : mComponent =ComponentInfo{com.sameerasw.airsync/com.sameerasw.airsync.service.AirSyncTileService}
10-02 22:57:23.244  2938  3045 D Tile.CustomTile: updateState : Label = Reconnect, State = 1, Icon = Icon(typ=RESOURCE pkg=com.sameerasw.airsync id=0x7f08009b)
10-02 22:57:23.863  2938  3045 D Tile.CustomTile: isSecCustomTile : mComponent =ComponentInfo{com.sameerasw.airsync/com.sameerasw.airsync.service.AirSyncTileService}
10-02 22:57:23.863  2938  3045 D Tile.CustomTile: updateState : Label = Reconnect, State = 1, Icon = Icon(typ=RESOURCE pkg=com.sameerasw.airsync id=0x7f08009b)
10-02 22:57:23.905  2938  3045 D TileLifecycleManager: Unbinding service Intent { act=android.service.quicksettings.action.QS_TILE cmp=com.sameerasw.airsync/.service.AirSyncTileService (has extras) } UserHandle{0}
10-02 22:57:25.901  1591 13770 I ActivityManager: Force stopping com.sameerasw.airsync appid=10431 user=0: from pid 12688
10-02 22:57:25.908  1591 13770 I ActivityManager: Killing 9781:com.sameerasw.airsync/u0a431 (adj 250): stop com.sameerasw.airsync due to from pid 12688
10-02 22:57:25.912  1591  1591 V NotificationManagerService$NotificationListeners: 0 notification listener connection lost: ComponentInfo{com.sameerasw.airsync/com.sameerasw.airsync.service.MediaNotificationListener}
10-02 22:57:25.912  1591  1591 W NotificationManagerService$NotificationListeners: 0 notification listener binding died: ComponentInfo{com.sameerasw.airsync/com.sameerasw.airsync.service.MediaNotificationListener}
10-02 22:57:25.912  1591 13770 D ActivityManager: proc ProcessRecord{b8f8c16 9781:com.sameerasw.airsync/u0a431} already removed. so we skip next process.
10-02 22:57:25.919  1591 13770 W ActivityManager: Invalid packageName: com.sameerasw.airsync
10-02 22:57:25.933  1591  6266 D NotificationManagerService$NotificationListeners: Removing active service ComponentInfo{com.sameerasw.airsync/com.sameerasw.airsync.service.MediaNotificationListener}
10-02 22:57:25.935  1591 15372 V ActivityManager: Got obituary of 9781:com.sameerasw.airsync
10-02 22:57:25.935  2913  2913 D CarrierSvcBindHelper: onHandleForceStop: [com.sameerasw.airsync]
10-02 22:57:25.941  2938  2938 D Navbar.Store: --------handleEvent(0) OnPackageRemoved(packageName=com.sameerasw.airsync) [Module] NavBarStoreImpl
10-02 22:57:25.941  2938  2938 D SecSTQuickControlRequestReceiver: onReceiveForPackage action = android.intent.action.PACKAGE_RESTARTED, pkgName = com.sameerasw.airsync
10-02 22:57:25.947  1591  1591 V NotificationManagerService$NotificationListeners: enabling notification listener for 0: ComponentInfo{com.sameerasw.airsync/com.sameerasw.airsync.service.MediaNotificationListener}
10-02 22:57:25.947  1591  1591 V NotificationManagerService$NotificationListeners: binding: Intent { act=android.service.notification.NotificationListenerService cmp=com.sameerasw.airsync/.service.MediaNotificationListener (has extras) }
10-02 22:57:25.958  1591  2709 D LocationManagerService: package com.sameerasw.airsync reset
10-02 22:57:25.974  1591  2042 I ActivityManager: Start proc 12699:com.sameerasw.airsync/u0a431 for service {com.sameerasw.airsync/com.sameerasw.airsync.service.MediaNotificationListener}
10-02 22:57:25.992 12699 12699 I meerasw.airsync: Late-enabling -Xcheck:jni
10-02 22:57:26.026 12699 12699 I meerasw.airsync: Using CollectorTypeCC GC.
10-02 22:57:26.114 12699 12699 D nativeloader: Load /data/user/0/com.sameerasw.airsync/code_cache/startup_agents/65318d08-agent.so using system ns (caller=<unknown>): ok
10-02 22:57:26.125 12699 12699 W meerasw.airsync: hiddenapi: DexFile /data/data/com.sameerasw.airsync/code_cache/.studio/instruments-873176f2.jar is in boot class path but is not in a known location
10-02 22:57:26.208 12699 12699 W meerasw.airsync: Redefining intrinsic method java.lang.Thread java.lang.Thread.currentThread(). This may cause the unexpected use of the original definition of java.lang.Thread java.lang.Thread.currentThread()in methods that have already been compiled.
10-02 22:57:26.208 12699 12699 W meerasw.airsync: Redefining intrinsic method boolean java.lang.Thread.interrupted(). This may cause the unexpected use of the original definition of boolean java.lang.Thread.interrupted()in methods that have already been compiled.
10-02 22:57:26.639 12750 12750 E studio.deploy: ERROR: Could not remove dir '/data/data/com.sameerasw.airsync/code_cache/.ll/': No such file or directory
10-02 22:57:26.719  1591  3075 I ActivityManager: Force stopping com.sameerasw.airsync appid=10431 user=0: from pid 12755
10-02 22:57:26.723  1591  3075 I ActivityManager: Killing 12699:com.sameerasw.airsync/u0a431 (adj 0): stop com.sameerasw.airsync due to from pid 12755
10-02 22:57:26.725  1591  3075 D ActivityManager: proc ProcessRecord{145e659 12699:com.sameerasw.airsync/u0a431} already removed. so we skip next process.
10-02 22:57:26.727  1591  3075 I ActivityManager:   Force stopping service ServiceRecord{90fa7a3 u0 com.sameerasw.airsync/.service.MediaNotificationListener c:android}
10-02 22:57:26.727  1591  1591 W NotificationManagerService$NotificationListeners: 0 notification listener binding died: ComponentInfo{com.sameerasw.airsync/com.sameerasw.airsync.service.MediaNotificationListener}
10-02 22:57:26.729  1591  3075 W ActivityManager: Invalid packageName: com.sameerasw.airsync
10-02 22:57:26.729  1591  1591 V NotificationManagerService$NotificationListeners: notification listener not rebinding in user 0 as a previous rebind attempt was made: ComponentInfo{com.sameerasw.airsync/com.sameerasw.airsync.service.MediaNotificationListener}
10-02 22:57:26.740  1591  1591 V NotificationManagerService$NotificationListeners: enabling notification listener for 0: ComponentInfo{com.sameerasw.airsync/com.sameerasw.airsync.service.MediaNotificationListener}
10-02 22:57:26.740  1591  1591 V NotificationManagerService$NotificationListeners: binding: Intent { act=android.service.notification.NotificationListenerService cmp=com.sameerasw.airsync/.service.MediaNotificationListener (has extras) }
10-02 22:57:26.740  2913  2913 D CarrierSvcBindHelper: onHandleForceStop: [com.sameerasw.airsync]
10-02 22:57:26.745  1591  1591 W ActivityManager: ProcessRecord{145e659 0:com.sameerasw.airsync/u0a431} is attached to a previous process 12699
10-02 22:57:26.748  1591  2042 D ActivityManager_PRED: handleProcessStartWithPredecessor predecessor = ProcessRecord{145e659 0:com.sameerasw.airsync/u0a431}
10-02 22:57:26.750  1591  2709 D LocationManagerService: package com.sameerasw.airsync reset
10-02 22:57:26.751  2938  2938 D Navbar.Store: --------handleEvent(0) OnPackageRemoved(packageName=com.sameerasw.airsync) [Module] NavBarStoreImpl
10-02 22:57:26.751  2938  2938 D SecSTQuickControlRequestReceiver: onReceiveForPackage action = android.intent.action.PACKAGE_RESTARTED, pkgName = com.sameerasw.airsync
10-02 22:57:26.751  1591  3080 V ActivityManager: Got obituary of 12699:com.sameerasw.airsync
10-02 22:57:26.766  1591  2042 I ActivityManager: Start proc 12764:com.sameerasw.airsync/u0a431 for service {com.sameerasw.airsync/com.sameerasw.airsync.service.MediaNotificationListener}
10-02 22:57:26.787 12764 12764 I meerasw.airsync: Late-enabling -Xcheck:jni
10-02 22:57:26.819 12764 12764 I meerasw.airsync: Using CollectorTypeCC GC.
10-02 22:57:26.862 12764 12764 D nativeloader: Load /data/user/0/com.sameerasw.airsync/code_cache/startup_agents/65318d08-agent.so using system ns (caller=<unknown>): ok
10-02 22:57:26.869 12764 12764 W meerasw.airsync: hiddenapi: DexFile /data/data/com.sameerasw.airsync/code_cache/.studio/instruments-873176f2.jar is in boot class path but is not in a known location
10-02 22:57:26.977 12764 12764 W meerasw.airsync: Redefining intrinsic method java.lang.Thread java.lang.Thread.currentThread(). This may cause the unexpected use of the original definition of java.lang.Thread java.lang.Thread.currentThread()in methods that have already been compiled.
10-02 22:57:26.977 12764 12764 W meerasw.airsync: Redefining intrinsic method boolean java.lang.Thread.interrupted(). This may cause the unexpected use of the original definition of boolean java.lang.Thread.interrupted()in methods that have already been compiled.
10-02 22:57:26.982  1591  2017 I ActivityManager: Force stopping com.sameerasw.airsync appid=10431 user=-1: set debug app
10-02 22:57:26.984  1591  2017 I ActivityManager: Killing 12764:com.sameerasw.airsync/u0a431 (adj 0): stop com.sameerasw.airsync due to set debug app
10-02 22:57:26.986  1591  2017 D ActivityManager: proc ProcessRecord{1768373 12764:com.sameerasw.airsync/u0a431} already removed. so we skip next process.
10-02 22:57:26.987  1591  2017 I ActivityManager:   Force stopping service ServiceRecord{cc6c856 u0 com.sameerasw.airsync/.service.MediaNotificationListener c:android}
10-02 22:57:26.988  1591  1591 W NotificationManagerService$NotificationListeners: 0 notification listener binding died: ComponentInfo{com.sameerasw.airsync/com.sameerasw.airsync.service.MediaNotificationListener}
10-02 22:57:26.989  1591  1591 V NotificationManagerService$NotificationListeners: notification listener not rebinding in user 0 as a previous rebind attempt was made: ComponentInfo{com.sameerasw.airsync/com.sameerasw.airsync.service.MediaNotificationListener}
10-02 22:57:26.989  1591  6463 I Pageboost: onAppLaunch : com.sameerasw.airsync
10-02 22:57:26.991  1591  2914 I Pageboost: Record App IO : com.sameerasw.airsync pid 12764
10-02 22:57:26.996  1591  6463 V WindowManager: Collecting in transition 3681: ActivityRecord{561ffa1 u0 com.sameerasw.airsync/.MainActivity, caller=com.android.server.wm.TransitionController.collect:7 com.android.server.wm.ActivityStarter.startActivityUnchecked:626 com.android.server.wm.ActivityStarter.executeRequest:3365 com.android.server.wm.ActivityStarter.execute:1122 com.android.server.wm.ActivityTaskManagerService.startActivityAsUser:88 
10-02 22:57:26.996  1591  6463 D ActivityTaskManager: TaskLaunchParamsModifier:task=null activity=ActivityRecord{561ffa1 u0 com.sameerasw.airsync/.MainActivity t-1} display-area-from-current-params=null display-area-from-default-fallback=DefaultTaskDisplayArea_d0@203905510 display-id=0 task-display-area-windowing-mode=1 suggested-display-area=DefaultTaskDisplayArea_d0@203905510
10-02 22:57:26.996  1591  6463 D ActivityTaskManager: TaskLaunchParamsModifier:task=null activity=ActivityRecord{561ffa1 u0 com.sameerasw.airsync/.MainActivity t-1} display-area-from-current-params=null display-area-from-default-fallback=DefaultTaskDisplayArea_d0@203905510 display-id=0 task-display-area-windowing-mode=1 suggested-display-area=DefaultTaskDisplayArea_d0@203905510 non-freeform-task-display-area display-area=DefaultTaskDisplayArea_d0@203905510 default-portrait freeform-size-mismatch=Rect(81, 612 - 999, 1782)
10-02 22:57:26.998  1591  6463 D ActivityTaskManager: TaskLaunchParamsModifier:task=Task{e2315c6 #2070 type=standard A=10431:com.sameerasw.airsync} activity=ActivityRecord{561ffa1 u0 com.sameerasw.airsync/.MainActivity t-1} display-from-task=0 display-id=0 task-display-area-windowing-mode=1 suggested-display-area=DefaultTaskDisplayArea_d0@203905510 inherit-from-task=fullscreen non-freeform-task-display-area display-area=DefaultTaskDisplayArea_d0@203905510 default-portrait freeform-size-mismatch=Rect(81, 612 - 999, 1782)
10-02 22:57:26.998  1591  6463 V WindowManager: Collecting in transition 3681: Task{e2315c6 #2070 type=standard A=10431:com.sameerasw.airsync}, caller=com.android.server.wm.Transition.collectExistenceChange:42 com.android.server.wm.ActivityStarter.setNewTask:43 com.android.server.wm.ActivityStarter.startActivityInner:2218 com.android.server.wm.ActivityStarter.startActivityUnchecked:639 com.android.server.wm.ActivityStarter.executeRequest:3365 
10-02 22:57:26.999  1399  1556 I SurfaceFlinger: id=55001 createSurf, flag=84004, ActivityRecord{561ffa1 u0 com.sameerasw.airsync/.MainActivity t2070}#55001
10-02 22:57:27.000  1591  6463 V WindowManager: Add starting ActivityRecord{561ffa1 u0 com.sameerasw.airsync/.MainActivity t2070}: startingData=SplashScreenStartingData{ea520b4 waitForSyncTransactionCommit=false removeAfterTransaction= 0}
10-02 22:57:27.000  1591  3075 V ActivityManager: Got obituary of 12764:com.sameerasw.airsync
10-02 22:57:27.001  1591  6463 V WindowManager: Added starting ActivityRecord{561ffa1 u0 com.sameerasw.airsync/.MainActivity t2070}: startingWindow=null startingView=com.android.server.wm.StartingSurfaceController$StartingSurface@b7df4dd
10-02 22:57:27.002  1591  6463 V WindowManager: Collecting in transition 3681: ActivityRecord{561ffa1 u0 com.sameerasw.airsync/.MainActivity t2070}, caller=com.android.server.wm.Transition.collectExistenceChange:42 com.android.server.wm.ActivityStarter.handleStartResult:523 com.android.server.wm.ActivityStarter.startActivityUnchecked:653 com.android.server.wm.ActivityStarter.executeRequest:3365 com.android.server.wm.ActivityStarter.execute:1122 
10-02 22:57:27.003  1591  6463 I ActivityTaskManager: START u0 {act=android.intent.action.MAIN cat=[android.intent.category.LAUNCHER] flg=0x10000000 cmp=com.sameerasw.airsync/.MainActivity} with LAUNCH_MULTIPLE from uid 2000 (BAL_ALLOW_PERMISSION) result code=0
10-02 22:57:27.005  2938  3008 V WindowManagerShell: Transition requested (#3681): android.os.BinderProxy@3474d58 TransitionRequestInfo { type = OPEN, triggerTask = TaskInfo{userId=0 taskId=2070 displayId=0 isRunning=true baseIntent=Intent { act=android.intent.action.MAIN cat=[android.intent.category.LAUNCHER] flg=0x10000000 cmp=com.sameerasw.airsync/.MainActivity } baseActivity=ComponentInfo{com.sameerasw.airsync/com.sameerasw.airsync.MainActivity} topActivity=ComponentInfo{com.sameerasw.airsync/com.sameerasw.airsync.MainActivity} origActivity=null realActivity=ComponentInfo{com.sameerasw.airsync/com.sameerasw.airsync.MainActivity} numActivities=1 lastActiveTime=139004329 supportsMultiWindow=true resizeMode=1 isResizeable=true minWidth=-1 minHeight=-1 maxWidth=-1 maxHeight=-1 defaultMinSize=220 token=WCT{android.window.IWindowContainerToken$Stub$Proxy@8fceeb1} topActivityType=1 pictureInPictureParams=null shouldDockBigOverlays=false launchIntoPipHostTaskId=-1 lastParentTaskIdBeforePip=-1 displayCutoutSafeInsets=Rect(0, 99 - 0, 0) topActivityInfo=ActivityInfo{251bf96 com.sameerasw.airsync.MainActivity} launchCookies=[] positionInParent=Point(0, 0) parentTaskId=-1 isFocused=false isVisible=false isVisibleRequested=false isSleeping=false topActivityInSizeCompat=false locusId=null displayAreaFeatureId=1 isTopActivityTransparent=false isTopActivityStyleFloating=false appCompatTaskInfo=AppCompatTaskInfo { topActivityInSizeCompat=false eligibleForLetterboxEducation= false isLetterboxEducationEnabled= false isLetterboxDoubleTapEnabled= false eligibleForUserAspectRatioButton= false topActivityBoundsLetterboxed= false isFromLetterboxDoubleTap= false topActivityLetterboxVerticalPosition= -1 topActivityLetterboxHorizontalPosition= -1 topActivityLetterboxWidth=1080 topActivityLetterboxHeight=2340 topActivityLetterboxAppWidth=1080 topActivityLetterboxAppHeight=2340 isUserFullscreenOverrideEnabled=false isSystemFullscreenOverrideEnabled=false hasMinAspectRatioOverride=false cameraCompatTaskInfo=CameraCompatTaskInfo { freeformCameraCompatMode=inactive} topActivityBounds=null topActivityInDisplayCompat=false} originallySupportedMultiWindow=true hasWallpaper=false rootAffinity=10431:com.sameerasw.airsync isTopTaskInStage=false topActivityUiMode=33 CoverLauncherWidgetTask=false isAllowedSeamlessRotation=false isTopTransparentActivity=false snappingGuideBounds=Rect(81, 612 - 999, 1782) isAliasManaged=false hasConfigChanged=false isAiKeyRemoveAppTask=false}, pipTask = null, remoteTransition = null, displayChange = null, flags = 0, debugId = 3681 }
10-02 22:57:27.005  1399  1399 I SurfaceFlinger: [ActivityRecord{561ffa1 u0 com.sameerasw.airsync/.MainActivity t2070}#55001] attach to parent LayerHierarchy{RequestedLayerState{Task=2070#55000 parentId=11} 1 children}
10-02 22:57:27.015  1591  3080 D WindowManager: prepareSync <SYNC_STATE_WAITING_FOR_DRAW>, mPrepareSyncSeqId=0, win=Window{d8acf4d u0 Splash Screen com.sameerasw.airsync}
10-02 22:57:27.015  1399  1457 I SurfaceFlinger: id=55003 createSurf, flag=84004, d8acf4d Splash Screen com.sameerasw.airsync#55003
10-02 22:57:27.016  1591  3080 V WindowManager: addWindow: ActivityRecord{561ffa1 u0 com.sameerasw.airsync/.MainActivity t2070} startingWindow=Window{d8acf4d u0 Splash Screen com.sameerasw.airsync}
10-02 22:57:27.017  1591  6463 V WindowManager: Collecting in transition 3681: ActivityRecord{561ffa1 u0 com.sameerasw.airsync/.MainActivity t2070}, caller=com.android.server.wm.TransitionController.collect:7 com.android.server.wm.ActivityRecord.setVisibility:189 com.android.server.wm.EnsureActivitiesVisibleHelper.process:450 com.android.server.wm.TaskFragment.updateActivityVisibilities:12 com.android.server.wm.Task$$ExternalSyntheticLambda3.accept:399 
10-02 22:57:27.018  2938  3033 I InsetsController: onStateChanged: host=Splash Screen com.sameerasw.airsync, from=android.view.ViewRootImpl.setView:1999, state=InsetsState: {mDisplayFrame=Rect(0, 0 - 1080, 2340), mDisplayCutout=DisplayCutout{insets=Rect(0, 99 - 0, 0) waterfall=Insets{left=0, top=0, right=0, bottom=0} boundingRect={Bounds=[Rect(0, 0 - 0, 0), Rect(505, 0 - 575, 99), Rect(0, 0 - 0, 0), Rect(0, 0 - 0, 0)]} cutoutPathParserInfo={CutoutPathParserInfo{displayWidth=1080 displayHeight=2340 physicalDisplayWidth=1080 physicalDisplayHeight=2340 density={3.0} cutoutSpec={M 0,0 M 0,29 a 35,35 0 1,0 0,70 a 35,35 0 1,0 0,-70 Z} rotation={0} scale={1.0} physicalPixelDisplaySizeRatio={1.0}}} sideOverrides={}}, mRoundedCorners=RoundedCorners{[RoundedCorner{position=TopLeft, radius=106, center=Point(106, 106)}, RoundedCorner{position=TopRight, radius=106, center=Point(974, 106)}, RoundedCorner{position=BottomRight, radius=106, center=Point(974, 2234)}, RoundedCorner{position=BottomLeft, radius=106, center=Point(106, 2234)}]}  mRoundedCornerFrame=Rect(0, 0 - 1080, 2340), mPrivacyIndicatorBounds=PrivacyIndicatorBounds {static bounds=Rect(951, 0 - 1080, 99) rotation=0}, mDisplayShape=DisplayShape{ spec=-311912193 displayWidth=1080 displayHeight=2340 physicalPixelDisplaySizeRatio=1.0 rotation=0 offsetX=0 offsetY=0 scale=1.0}, mSources= { InsetsSource: {27 mType=displayCutout mFrame=[0,0][1080,99] mVisible=true mFlags= mSideHint=TOP mBoundingRects=null}, InsetsSource: {4cc20000 mType=statusBars mFrame=[0,0][1080,99] mVisible=true mFlags= mSideHint=TOP mBoundingRects=null}, InsetsSource: {4cc20005 mType=mandatorySystemGestures mFrame=[0,0][1080,134] mVisible=true mFlags= mSideHint=TOP mBoundingRects=null}, InsetsSource: {4cc20006 mType=tappableElement mFrame=[0,0][1080,99] mVisible=true mFlags= mSideHint=TOP mBoundingRects=null}, InsetsSource: {56a20001 mType=navigationBars mFrame=[0,2296][1080,2340] mVisible=true mFlags=SUPPRESS_SCRIM mSideHint=BOTTOM mBoundingRects=null}, InsetsSource: {56a20004 mType=systemGestures mFrame=[0,0][87,2340] mVisible=true mFlags= mSideHint=LEFT mBoundingRects=null}, InsetsSource: {56a20005 mType=mandatorySystemGestures mFrame=[0,2246][1080,2340] mVisible=true mFlags= mSideHint=BOTTOM mBoundingRects=null}, InsetsSource: {56a20006 mType=tappableElement mFrame=[0,0][0,0] mVisible=true mFlags= mSideHint=NONE mBoundingRects=null}, InsetsSource: {56a20024 mType=systemGestures mFrame=[993,0][1080,2340] mVisible=true mFlags= mSideHint=RIGHT mBoundingRects=null} }
10-02 22:57:27.019  2938  3033 I VRI[airsync]@2a66f70: synced displayState. AttachInfo displayState=2
10-02 22:57:27.022  1399  1399 I SurfaceFlinger: [d8acf4d Splash Screen com.sameerasw.airsync#55003] attach to parent LayerHierarchy{RequestedLayerState{ActivityRecord{561ffa1 u0 com.sameerasw.airsync/.MainActivity t2070}#55001 parentId=55000} 1 children}
10-02 22:57:27.025  1591  2042 I ActivityManager: Start proc 12801:com.sameerasw.airsync/u0a431 for next-top-activity {com.sameerasw.airsync/com.sameerasw.airsync.MainActivity}
10-02 22:57:27.026  2938  3033 I VRI[airsync]@2a66f70: setView = android.widget.FrameLayout@a37320f IsHRR=false TM=true
10-02 22:57:27.027  1591  4294 D CoreBackPreview: Window{d8acf4d u0 Splash Screen com.sameerasw.airsync}: Setting back callback OnBackInvokedCallbackInfo{mCallback=android.window.IOnBackInvokedCallback$Stub$Proxy@2b960b9, mPriority=0, mIsAnimationCallback=false}
10-02 22:57:27.027  1591  3075 V WindowManager: Relayout Window{d8acf4d u0 Splash Screen com.sameerasw.airsync}: viewVisibility=0 req=1080x2340 ty=3 d0
10-02 22:57:27.027  1399  1556 I SurfaceFlinger: id=55004 createSurf, flag=44004, Splash Screen com.sameerasw.airsync$_2938#55004
10-02 22:57:27.028  1591  3075 D WindowManager: makeSurface duration=1 name=Splash Screen com.sameerasw.airsync$_2938
10-02 22:57:27.029  1591  3075 D WindowManager: rotationForOrientation, orientationSource=ActivityRecord{561ffa1 u0 com.sameerasw.airsync/.MainActivity t2070}
10-02 22:57:27.030  2938  3033 I InsetsController: onStateChanged: host=Splash Screen com.sameerasw.airsync, from=android.view.ViewRootImpl.relayoutWindow:11304, state=InsetsState: {mDisplayFrame=Rect(0, 0 - 1080, 2340), mDisplayCutout=DisplayCutout{insets=Rect(0, 99 - 0, 0) waterfall=Insets{left=0, top=0, right=0, bottom=0} boundingRect={Bounds=[Rect(0, 0 - 0, 0), Rect(505, 0 - 575, 99), Rect(0, 0 - 0, 0), Rect(0, 0 - 0, 0)]} cutoutPathParserInfo={CutoutPathParserInfo{displayWidth=1080 displayHeight=2340 physicalDisplayWidth=1080 physicalDisplayHeight=2340 density={3.0} cutoutSpec={M 0,0 M 0,29 a 35,35 0 1,0 0,70 a 35,35 0 1,0 0,-70 Z} rotation={0} scale={1.0} physicalPixelDisplaySizeRatio={1.0}}} sideOverrides={}}, mRoundedCorners=RoundedCorners{[RoundedCorner{position=TopLeft, radius=106, center=Point(106, 106)}, RoundedCorner{position=TopRight, radius=106, center=Point(974, 106)}, RoundedCorner{position=BottomRight, radius=106, center=Point(974, 2234)}, RoundedCorner{position=BottomLeft, radius=106, center=Point(106, 2234)}]}  mRoundedCornerFrame=Rect(0, 0 - 1080, 2340), mPrivacyIndicatorBounds=PrivacyIndicatorBounds {static bounds=Rect(951, 0 - 1080, 99) rotation=0}, mDisplayShape=DisplayShape{ spec=-311912193 displayWidth=1080 displayHeight=2340 physicalPixelDisplaySizeRatio=1.0 rotation=0 offsetX=0 offsetY=0 scale=1.0}, mSources= { InsetsSource: {3 mType=ime mFrame=[0,0][0,0] mVisible=false mFlags= mSideHint=NONE mBoundingRects=null}, InsetsSource: {27 mType=displayCutout mFrame=[0,0][1080,99] mVisible=true mFlags= mSideHint=TOP mBoundingRects=null}, InsetsSource: {4cc20000 mType=statusBars mFrame=[0,0][1080,99] mVisible=true mFlags= mSideHint=TOP mBoundingRects=null}, InsetsSource: {4cc20005 mType=mandatorySystemGestures mFrame=[0,0][1080,134] mVisible=true mFlags= mSideHint=TOP mBoundingRects=null}, InsetsSource: {4cc20006 mType=tappableElement mFrame=[0,0][1080,99] mVisible=true mFlags= mSideHint=TOP mBoundingRects=null}, InsetsSource: {56a20001 mType=navigationBars mFrame=[0,2296][1080,2340] mVisible=true mFlags=SUPPRESS_SCRIM mSideHint=BOTTOM mBoundingRects=null}, InsetsSource: {56a20004 mType=systemGestures mFrame=[0,0][87,2340] mVisible=true mFlags= mSideHint=LEFT mBoundingRects=null}, InsetsSource: {56a20005 mType=mandatorySystemGestures mFrame=[0,2246][1080,2340] mVisible=true mFlags= mSideHint=BOTTOM mBoundingRects=null}, InsetsSource: {56a20006 mType=tappableElement mFrame=[0,0][0,0] mVisible=true mFlags= mSideHint=NONE mBoundingRects=null}, InsetsSource: {56a20024 mType=systemGestures mFrame=[993,0][1080,2340] mVisible=true mFlags= mSideHint=RIGHT mBoundingRects=null} }
10-02 22:57:27.031  1399  1399 I SurfaceFlinger: [Splash Screen com.sameerasw.airsync$_2938#55004] attach to parent LayerHierarchy{RequestedLayerState{d8acf4d Splash Screen com.sameerasw.airsync#55003 parentId=55001} 1 children}
10-02 22:57:27.031  2938  3033 I BLASTBufferQueue_Java: new BLASTBufferQueue, mName= VRI[airsync]@2a66f70 mNativeObject= 0xb4000074ad4cac90 sc.mNativeObject= 0xb40000742d4d1e50 caller= android.view.ViewRootImpl.updateBlastSurfaceIfNeeded:3397 android.view.ViewRootImpl.relayoutWindow:11361 android.view.ViewRootImpl.performTraversals:4544 android.view.ViewRootImpl.doTraversal:3708 android.view.ViewRootImpl$TraversalRunnable.run:12542 android.view.Choreographer$CallbackRecord.run:1751 android.view.Choreographer$CallbackRecord.run:1760 android.view.Choreographer.doCallbacks:1216 android.view.Choreographer.doFrame:1142 android.view.Choreographer$FrameDisplayEventReceiver.run:1707 
10-02 22:57:27.031  2938  3033 I BLASTBufferQueue_Java: update, w= 1080 h= 2340 mName = VRI[airsync]@2a66f70 mNativeObject= 0xb4000074ad4cac90 sc.mNativeObject= 0xb40000742d4d1e50 format= -3 caller= android.graphics.BLASTBufferQueue.<init>:88 android.view.ViewRootImpl.updateBlastSurfaceIfNeeded:3397 android.view.ViewRootImpl.relayoutWindow:11361 android.view.ViewRootImpl.performTraversals:4544 android.view.ViewRootImpl.doTraversal:3708 android.view.ViewRootImpl$TraversalRunnable.run:12542 
10-02 22:57:27.032  2938  3033 I VRI[airsync]@2a66f70: Relayout returned: old=(0,0,1080,2340) new=(0,0,1080,2340) relayoutAsync=false req=(1080,2340)0 dur=4 res=0x3 s={true 0xb40000738d7d15f0} ch=true seqId=0
10-02 22:57:27.032  2938  3033 I VRI[airsync]@2a66f70: performConfigurationChange setNightDimText nightDimLevel=0
10-02 22:57:27.032  2938  3033 D VRI[airsync]@2a66f70: mThreadedRenderer.initialize() mSurface={isValid=true 0xb40000738d7d15f0} hwInitialized=true
10-02 22:57:27.033  2938  3033 D VRI[airsync]@2a66f70: reportNextDraw android.view.ViewRootImpl.performTraversals:5193 android.view.ViewRootImpl.doTraversal:3708 android.view.ViewRootImpl$TraversalRunnable.run:12542 android.view.Choreographer$CallbackRecord.run:1751 android.view.Choreographer$CallbackRecord.run:1760 
10-02 22:57:27.033  2938  3033 D VRI[airsync]@2a66f70: Setup new sync=wmsSync-VRI[airsync]@2a66f70#9
10-02 22:57:27.033  2938  3033 I VRI[airsync]@2a66f70: Creating new active sync group VRI[airsync]@2a66f70#10
10-02 22:57:27.034  2938  3033 D VRI[airsync]@2a66f70: registerCallbacksForSync syncBuffer=false
10-02 22:57:27.035  2938  3633 D VRI[airsync]@2a66f70: Received frameDrawingCallback syncResult=0 frameNum=1.
10-02 22:57:27.035  2938  3633 I VRI[airsync]@2a66f70: mWNT: t=0xb4000073dd68cd50 mBlastBufferQueue=0xb4000074ad4cac90 fn= 1 HdrRenderState mRenderHdrSdrRatio=1.0 caller= android.view.ViewRootImpl$11.onFrameDraw:15016 android.view.ThreadedRenderer$1.onFrameDraw:761 <bottom of call stack> 
10-02 22:57:27.035  2938  3633 I VRI[airsync]@2a66f70: Setting up sync and frameCommitCallback
10-02 22:57:27.038  2938  3044 I BLASTBufferQueue: [VRI[airsync]@2a66f70#2800](f:0,a:0,s:0) onFrameAvailable the first frame is available
10-02 22:57:27.039  1399  1556 I SurfaceFlinger: [Splash Screen com.sameerasw.airsync$_2938#55004] setTransactionState with the first frame. bufferData(ID: 12618613941086, frameNumber: 1)
10-02 22:57:27.039  2938  3044 I VRI[airsync]@2a66f70: Received frameCommittedCallback lastAttemptedDrawFrameNum=1 didProduceBuffer=true
10-02 22:57:27.041  2938  3033 D VRI[airsync]@2a66f70: reportDrawFinished seqId=0
10-02 22:57:27.042  1591  3075 D WindowManager: finishDrawingWindow: Window{d8acf4d u0 Splash Screen com.sameerasw.airsync} mDrawState=DRAW_PENDING seqId=0
10-02 22:57:27.042  1591  3075 V WindowManager: Finishing drawing window Window{d8acf4d u0 Splash Screen com.sameerasw.airsync}: mDrawState=DRAW_PENDING
10-02 22:57:27.042  1591  3075 V WindowManager: Draw state now committed in Window{d8acf4d u0 Splash Screen com.sameerasw.airsync}
10-02 22:57:27.043 12801 12801 I meerasw.airsync: Late-enabling -Xcheck:jni
10-02 22:57:27.043  1591  2018 V WindowManager: performShowLocked: mDrawState=HAS_DRAWN in Window{d8acf4d u0 Splash Screen com.sameerasw.airsync}
10-02 22:57:27.043  1591  2018 D WindowManagerServiceExt: updateTaskbarTargetIfNeeded: cn=ComponentInfo{com.sameerasw.airsync/com.sameerasw.airsync.MainActivity} occludesParent=true isInSplitScreenMode=false styleFloating=false
